components/InsufficientCreditsModal.tsx(14,14): error TS2322: Type '({ isOpen, onClose, onUpgrade, isDarkMode, operation, currentCredits, creditsNeeded, }: InsufficientCreditsModalProps) => Element' is not assignable to type 'FC<InsufficientCreditsModalProps>'.
  Type 'Element' is not assignable to type 'ReactNode | Promise<ReactNode>'.
components/InsufficientCreditsModal.tsx(29,9): error TS2339: Property 'div' does not exist on type 'JSX.IntrinsicElements'.
components/InsufficientCreditsModal.tsx(30,13): error TS2339: Property 'div' does not exist on type 'JSX.IntrinsicElements'.
components/InsufficientCreditsModal.tsx(35,13): error TS2339: Property 'div' does not exist on type 'JSX.IntrinsicElements'.
components/InsufficientCreditsModal.tsx(39,17): error TS2339: Property 'div' does not exist on type 'JSX.IntrinsicElements'.
components/InsufficientCreditsModal.tsx(41,21): error TS2339: Property 'div' does not exist on type 'JSX.IntrinsicElements'.
components/InsufficientCreditsModal.tsx(43,25): error TS2339: Property 'span' does not exist on type 'JSX.IntrinsicElements'.
components/InsufficientCreditsModal.tsx(43,54): error TS2339: Property 'span' does not exist on type 'JSX.IntrinsicElements'.
components/InsufficientCreditsModal.tsx(44,21): error TS2339: Property 'div' does not exist on type 'JSX.IntrinsicElements'.
components/InsufficientCreditsModal.tsx(47,21): error TS2339: Property 'h3' does not exist on type 'JSX.IntrinsicElements'.
components/InsufficientCreditsModal.tsx(49,21): error TS2339: Property 'h3' does not exist on type 'JSX.IntrinsicElements'.
components/InsufficientCreditsModal.tsx(52,21): error TS2339: Property 'p' does not exist on type 'JSX.IntrinsicElements'.
components/InsufficientCreditsModal.tsx(53,34): error TS2339: Property 'strong' does not exist on type 'JSX.IntrinsicElements'.
components/InsufficientCreditsModal.tsx(53,113): error TS2339: Property 'strong' does not exist on type 'JSX.IntrinsicElements'.
components/InsufficientCreditsModal.tsx(53,184): error TS2339: Property 'strong' does not exist on type 'JSX.IntrinsicElements'.
components/InsufficientCreditsModal.tsx(53,264): error TS2339: Property 'strong' does not exist on type 'JSX.IntrinsicElements'.
components/InsufficientCreditsModal.tsx(54,21): error TS2339: Property 'p' does not exist on type 'JSX.IntrinsicElements'.
components/InsufficientCreditsModal.tsx(57,21): error TS2339: Property 'div' does not exist on type 'JSX.IntrinsicElements'.
components/InsufficientCreditsModal.tsx(58,25): error TS2339: Property 'div' does not exist on type 'JSX.IntrinsicElements'.
components/InsufficientCreditsModal.tsx(59,29): error TS2339: Property 'span' does not exist on type 'JSX.IntrinsicElements'.
components/InsufficientCreditsModal.tsx(59,119): error TS2339: Property 'span' does not exist on type 'JSX.IntrinsicElements'.
components/InsufficientCreditsModal.tsx(60,29): error TS2339: Property 'span' does not exist on type 'JSX.IntrinsicElements'.
components/InsufficientCreditsModal.tsx(60,138): error TS2339: Property 'span' does not exist on type 'JSX.IntrinsicElements'.
components/InsufficientCreditsModal.tsx(61,25): error TS2339: Property 'div' does not exist on type 'JSX.IntrinsicElements'.
components/InsufficientCreditsModal.tsx(62,25): error TS2339: Property 'div' does not exist on type 'JSX.IntrinsicElements'.
components/InsufficientCreditsModal.tsx(63,29): error TS2339: Property 'span' does not exist on type 'JSX.IntrinsicElements'.
components/InsufficientCreditsModal.tsx(63,111): error TS2339: Property 'span' does not exist on type 'JSX.IntrinsicElements'.
components/InsufficientCreditsModal.tsx(64,29): error TS2339: Property 'span' does not exist on type 'JSX.IntrinsicElements'.
components/InsufficientCreditsModal.tsx(64,143): error TS2339: Property 'span' does not exist on type 'JSX.IntrinsicElements'.
components/InsufficientCreditsModal.tsx(65,25): error TS2339: Property 'div' does not exist on type 'JSX.IntrinsicElements'.
components/InsufficientCreditsModal.tsx(66,25): error TS2339: Property 'div' does not exist on type 'JSX.IntrinsicElements'.
components/InsufficientCreditsModal.tsx(67,29): error TS2339: Property 'div' does not exist on type 'JSX.IntrinsicElements'.
components/InsufficientCreditsModal.tsx(68,33): error TS2339: Property 'span' does not exist on type 'JSX.IntrinsicElements'.
components/InsufficientCreditsModal.tsx(68,128): error TS2339: Property 'span' does not exist on type 'JSX.IntrinsicElements'.
components/InsufficientCreditsModal.tsx(69,33): error TS2339: Property 'span' does not exist on type 'JSX.IntrinsicElements'.
components/InsufficientCreditsModal.tsx(69,102): error TS2339: Property 'span' does not exist on type 'JSX.IntrinsicElements'.
components/InsufficientCreditsModal.tsx(70,29): error TS2339: Property 'div' does not exist on type 'JSX.IntrinsicElements'.
components/InsufficientCreditsModal.tsx(71,25): error TS2339: Property 'div' does not exist on type 'JSX.IntrinsicElements'.
components/InsufficientCreditsModal.tsx(72,21): error TS2339: Property 'div' does not exist on type 'JSX.IntrinsicElements'.
components/InsufficientCreditsModal.tsx(75,21): error TS2339: Property 'div' does not exist on type 'JSX.IntrinsicElements'.
components/InsufficientCreditsModal.tsx(76,25): error TS2339: Property 'p' does not exist on type 'JSX.IntrinsicElements'.
components/InsufficientCreditsModal.tsx(77,48): error TS2339: Property 'strong' does not exist on type 'JSX.IntrinsicElements'.
components/InsufficientCreditsModal.tsx(77,69): error TS2339: Property 'strong' does not exist on type 'JSX.IntrinsicElements'.
components/InsufficientCreditsModal.tsx(77,84): error TS2339: Property 'strong' does not exist on type 'JSX.IntrinsicElements'.
components/InsufficientCreditsModal.tsx(77,130): error TS2339: Property 'strong' does not exist on type 'JSX.IntrinsicElements'.
components/InsufficientCreditsModal.tsx(78,25): error TS2339: Property 'p' does not exist on type 'JSX.IntrinsicElements'.
components/InsufficientCreditsModal.tsx(79,21): error TS2339: Property 'div' does not exist on type 'JSX.IntrinsicElements'.
components/InsufficientCreditsModal.tsx(82,21): error TS2339: Property 'div' does not exist on type 'JSX.IntrinsicElements'.
components/InsufficientCreditsModal.tsx(83,25): error TS2339: Property 'button' does not exist on type 'JSX.IntrinsicElements'.
components/InsufficientCreditsModal.tsx(88,25): error TS2339: Property 'button' does not exist on type 'JSX.IntrinsicElements'.
components/InsufficientCreditsModal.tsx(90,25): error TS2339: Property 'button' does not exist on type 'JSX.IntrinsicElements'.
components/InsufficientCreditsModal.tsx(98,25): error TS2339: Property 'button' does not exist on type 'JSX.IntrinsicElements'.
components/InsufficientCreditsModal.tsx(99,21): error TS2339: Property 'div' does not exist on type 'JSX.IntrinsicElements'.
components/InsufficientCreditsModal.tsx(100,17): error TS2339: Property 'div' does not exist on type 'JSX.IntrinsicElements'.
components/InsufficientCreditsModal.tsx(101,13): error TS2339: Property 'div' does not exist on type 'JSX.IntrinsicElements'.
components/InsufficientCreditsModal.tsx(102,9): error TS2339: Property 'div' does not exist on type 'JSX.IntrinsicElements'.
components/InsufficientCreditsModal.tsx(109,14): error TS2322: Type '({ operation, isDarkMode, size }: { operation: "aiTableEdit" | "aiDocEdit" | "seoSearch" | "blogGeneration" | "tableGeneration" | "docGeneration" | "podcastGeneration" | "videoSequenceGeneration" | "imageGenerationFast" | ... 10 more ... | "videoOverviewGeneration"; isDarkMode: boolean; size?: "sm" | "md"; }) => Ele...' is not assignable to type 'FC<{ operation: "aiTableEdit" | "aiDocEdit" | "seoSearch" | "blogGeneration" | "tableGeneration" | "docGeneration" | "podcastGeneration" | "videoSequenceGeneration" | "imageGenerationFast" | ... 10 more ... | "videoOverviewGeneration"; isDarkMode: boolean; size?: "sm" | "md"; }>'.
  Type 'Element' is not assignable to type 'ReactNode | Promise<ReactNode>'.
components/InsufficientCreditsModal.tsx(121,9): error TS2339: Property 'span' does not exist on type 'JSX.IntrinsicElements'.
components/InsufficientCreditsModal.tsx(125,13): error TS2339: Property 'svg' does not exist on type 'JSX.IntrinsicElements'.
components/InsufficientCreditsModal.tsx(126,17): error TS2339: Property 'path' does not exist on type 'JSX.IntrinsicElements'.
components/InsufficientCreditsModal.tsx(127,13): error TS2339: Property 'svg' does not exist on type 'JSX.IntrinsicElements'.
components/InsufficientCreditsModal.tsx(129,9): error TS2339: Property 'span' does not exist on type 'JSX.IntrinsicElements'.
components/InsufficientCreditsModal.tsx(136,14): error TS2322: Type '({ credits, isDarkMode, onClick, compact }: { credits: number; isDarkMode: boolean; onClick?: () => void; compact?: boolean; }) => Element' is not assignable to type 'FC<{ credits: number; isDarkMode: boolean; onClick?: () => void; compact?: boolean; }>'.
  Type 'Element' is not assignable to type 'ReactNode | Promise<ReactNode>'.
components/InsufficientCreditsModal.tsx(148,13): error TS2339: Property 'button' does not exist on type 'JSX.IntrinsicElements'.
components/InsufficientCreditsModal.tsx(155,17): error TS2339: Property 'img' does not exist on type 'JSX.IntrinsicElements'.
components/InsufficientCreditsModal.tsx(160,17): error TS2339: Property 'span' does not exist on type 'JSX.IntrinsicElements'.
components/InsufficientCreditsModal.tsx(162,17): error TS2339: Property 'span' does not exist on type 'JSX.IntrinsicElements'.
components/InsufficientCreditsModal.tsx(163,13): error TS2339: Property 'button' does not exist on type 'JSX.IntrinsicElements'.
components/InsufficientCreditsModal.tsx(168,9): error TS2339: Property 'button' does not exist on type 'JSX.IntrinsicElements'.
components/InsufficientCreditsModal.tsx(175,13): error TS2339: Property 'div' does not exist on type 'JSX.IntrinsicElements'.
components/InsufficientCreditsModal.tsx(176,17): error TS2339: Property 'img' does not exist on type 'JSX.IntrinsicElements'.
components/InsufficientCreditsModal.tsx(181,13): error TS2339: Property 'div' does not exist on type 'JSX.IntrinsicElements'.
components/InsufficientCreditsModal.tsx(182,13): error TS2339: Property 'div' does not exist on type 'JSX.IntrinsicElements'.
components/InsufficientCreditsModal.tsx(183,17): error TS2339: Property 'span' does not exist on type 'JSX.IntrinsicElements'.
components/InsufficientCreditsModal.tsx(185,17): error TS2339: Property 'span' does not exist on type 'JSX.IntrinsicElements'.
components/InsufficientCreditsModal.tsx(186,17): error TS2339: Property 'span' does not exist on type 'JSX.IntrinsicElements'.
components/InsufficientCreditsModal.tsx(188,17): error TS2339: Property 'span' does not exist on type 'JSX.IntrinsicElements'.
components/InsufficientCreditsModal.tsx(189,13): error TS2339: Property 'div' does not exist on type 'JSX.IntrinsicElements'.
components/InsufficientCreditsModal.tsx(190,9): error TS2339: Property 'button' does not exist on type 'JSX.IntrinsicElements'.
components/ProjectAssets.tsx(2,30): error TS2792: Cannot find module 'react-dom'. Did you mean to set the 'moduleResolution' option to 'nodenext', or to add aliases to the 'paths' option?
components/ProjectAssets.tsx(3,27): error TS2792: Cannot find module 'react-markdown'. Did you mean to set the 'moduleResolution' option to 'nodenext', or to add aliases to the 'paths' option?
components/ProjectAssets.tsx(9,29): error TS2792: Cannot find module 'pdf-lib'. Did you mean to set the 'moduleResolution' option to 'nodenext', or to add aliases to the 'paths' option?
components/ProjectAssets.tsx(150,14): error TS2322: Type '({ project, isDarkMode, onLoadResearch, localProjectPodcasts, onPlayPodcast, onProjectUpdate, assetCount, initialFilter, onShareToX, onFilterChange, initialTable, userProfile, isSubscribed, }: ProjectAssetsProps) => Element' is not assignable to type 'FC<ProjectAssetsProps>'.
  Type 'Element' is not assignable to type 'ReactNode | Promise<ReactNode>'.
components/ProjectAssets.tsx(6225,11): error TS2339: Property 'svg' does not exist on type 'JSX.IntrinsicElements'.
components/ProjectAssets.tsx(6226,13): error TS2339: Property 'path' does not exist on type 'JSX.IntrinsicElements'.
components/ProjectAssets.tsx(6227,11): error TS2339: Property 'svg' does not exist on type 'JSX.IntrinsicElements'.
components/ProjectAssets.tsx(6231,11): error TS2339: Property 'svg' does not exist on type 'JSX.IntrinsicElements'.
components/ProjectAssets.tsx(6232,13): error TS2339: Property 'path' does not exist on type 'JSX.IntrinsicElements'.
components/ProjectAssets.tsx(6233,11): error TS2339: Property 'svg' does not exist on type 'JSX.IntrinsicElements'.
components/ProjectAssets.tsx(6237,11): error TS2339: Property 'svg' does not exist on type 'JSX.IntrinsicElements'.
components/ProjectAssets.tsx(6238,13): error TS2339: Property 'path' does not exist on type 'JSX.IntrinsicElements'.
components/ProjectAssets.tsx(6239,11): error TS2339: Property 'svg' does not exist on type 'JSX.IntrinsicElements'.
components/ProjectAssets.tsx(6243,11): error TS2339: Property 'svg' does not exist on type 'JSX.IntrinsicElements'.
components/ProjectAssets.tsx(6244,13): error TS2339: Property 'path' does not exist on type 'JSX.IntrinsicElements'.
components/ProjectAssets.tsx(6245,11): error TS2339: Property 'svg' does not exist on type 'JSX.IntrinsicElements'.
components/ProjectAssets.tsx(6249,11): error TS2339: Property 'svg' does not exist on type 'JSX.IntrinsicElements'.
components/ProjectAssets.tsx(6250,13): error TS2339: Property 'path' does not exist on type 'JSX.IntrinsicElements'.
components/ProjectAssets.tsx(6251,11): error TS2339: Property 'svg' does not exist on type 'JSX.IntrinsicElements'.
components/ProjectAssets.tsx(6255,11): error TS2339: Property 'svg' does not exist on type 'JSX.IntrinsicElements'.
components/ProjectAssets.tsx(6256,13): error TS2339: Property 'path' does not exist on type 'JSX.IntrinsicElements'.
components/ProjectAssets.tsx(6257,11): error TS2339: Property 'svg' does not exist on type 'JSX.IntrinsicElements'.
components/ProjectAssets.tsx(6261,11): error TS2339: Property 'svg' does not exist on type 'JSX.IntrinsicElements'.
components/ProjectAssets.tsx(6262,13): error TS2339: Property 'path' does not exist on type 'JSX.IntrinsicElements'.
components/ProjectAssets.tsx(6263,11): error TS2339: Property 'svg' does not exist on type 'JSX.IntrinsicElements'.
components/ProjectAssets.tsx(6267,11): error TS2339: Property 'svg' does not exist on type 'JSX.IntrinsicElements'.
components/ProjectAssets.tsx(6268,13): error TS2339: Property 'path' does not exist on type 'JSX.IntrinsicElements'.
components/ProjectAssets.tsx(6269,11): error TS2339: Property 'svg' does not exist on type 'JSX.IntrinsicElements'.
components/ProjectAssets.tsx(6273,11): error TS2339: Property 'svg' does not exist on type 'JSX.IntrinsicElements'.
components/ProjectAssets.tsx(6274,13): error TS2339: Property 'path' does not exist on type 'JSX.IntrinsicElements'.
components/ProjectAssets.tsx(6275,11): error TS2339: Property 'svg' does not exist on type 'JSX.IntrinsicElements'.
components/ProjectAssets.tsx(6279,11): error TS2339: Property 'svg' does not exist on type 'JSX.IntrinsicElements'.
components/ProjectAssets.tsx(6280,13): error TS2339: Property 'path' does not exist on type 'JSX.IntrinsicElements'.
components/ProjectAssets.tsx(6281,11): error TS2339: Property 'svg' does not exist on type 'JSX.IntrinsicElements'.
components/ProjectAssets.tsx(6436,5): error TS2339: Property 'div' does not exist on type 'JSX.IntrinsicElements'.
components/ProjectAssets.tsx(6437,7): error TS2339: Property 'div' does not exist on type 'JSX.IntrinsicElements'.
components/ProjectAssets.tsx(6438,9): error TS2339: Property 'div' does not exist on type 'JSX.IntrinsicElements'.
components/ProjectAssets.tsx(6440,11): error TS2339: Property 'div' does not exist on type 'JSX.IntrinsicElements'.
components/ProjectAssets.tsx(6441,13): error TS2339: Property 'span' does not exist on type 'JSX.IntrinsicElements'.
components/ProjectAssets.tsx(6442,15): error TS2339: Property 'svg' does not exist on type 'JSX.IntrinsicElements'.
components/ProjectAssets.tsx(6443,17): error TS2339: Property 'path' does not exist on type 'JSX.IntrinsicElements'.
components/ProjectAssets.tsx(6444,15): error TS2339: Property 'svg' does not exist on type 'JSX.IntrinsicElements'.
components/ProjectAssets.tsx(6446,13): error TS2339: Property 'span' does not exist on type 'JSX.IntrinsicElements'.
components/ProjectAssets.tsx(6447,13): error TS2339: Property 'span' does not exist on type 'JSX.IntrinsicElements'.
components/ProjectAssets.tsx(6448,15): error TS2339: Property 'svg' does not exist on type 'JSX.IntrinsicElements'.
components/ProjectAssets.tsx(6449,17): error TS2339: Property 'path' does not exist on type 'JSX.IntrinsicElements'.
components/ProjectAssets.tsx(6450,15): error TS2339: Property 'svg' does not exist on type 'JSX.IntrinsicElements'.
components/ProjectAssets.tsx(6452,13): error TS2339: Property 'span' does not exist on type 'JSX.IntrinsicElements'.
components/ProjectAssets.tsx(6453,13): error TS2339: Property 'span' does not exist on type 'JSX.IntrinsicElements'.
components/ProjectAssets.tsx(6454,15): error TS2339: Property 'svg' does not exist on type 'JSX.IntrinsicElements'.
components/ProjectAssets.tsx(6455,17): error TS2339: Property 'path' does not exist on type 'JSX.IntrinsicElements'.
components/ProjectAssets.tsx(6456,15): error TS2339: Property 'svg' does not exist on type 'JSX.IntrinsicElements'.
components/ProjectAssets.tsx(6458,13): error TS2339: Property 'span' does not exist on type 'JSX.IntrinsicElements'.
components/ProjectAssets.tsx(6459,13): error TS2339: Property 'span' does not exist on type 'JSX.IntrinsicElements'.
components/ProjectAssets.tsx(6460,15): error TS2339: Property 'svg' does not exist on type 'JSX.IntrinsicElements'.
components/ProjectAssets.tsx(6461,17): error TS2339: Property 'path' does not exist on type 'JSX.IntrinsicElements'.
components/ProjectAssets.tsx(6462,15): error TS2339: Property 'svg' does not exist on type 'JSX.IntrinsicElements'.
components/ProjectAssets.tsx(6464,13): error TS2339: Property 'span' does not exist on type 'JSX.IntrinsicElements'.
components/ProjectAssets.tsx(6465,13): error TS2339: Property 'span' does not exist on type 'JSX.IntrinsicElements'.
components/ProjectAssets.tsx(6466,15): error TS2339: Property 'svg' does not exist on type 'JSX.IntrinsicElements'.
components/ProjectAssets.tsx(6467,17): error TS2339: Property 'path' does not exist on type 'JSX.IntrinsicElements'.
components/ProjectAssets.tsx(6468,15): error TS2339: Property 'svg' does not exist on type 'JSX.IntrinsicElements'.
components/ProjectAssets.tsx(6470,13): error TS2339: Property 'span' does not exist on type 'JSX.IntrinsicElements'.
components/ProjectAssets.tsx(6471,13): error TS2339: Property 'span' does not exist on type 'JSX.IntrinsicElements'.
components/ProjectAssets.tsx(6472,15): error TS2339: Property 'svg' does not exist on type 'JSX.IntrinsicElements'.
components/ProjectAssets.tsx(6473,17): error TS2339: Property 'path' does not exist on type 'JSX.IntrinsicElements'.
components/ProjectAssets.tsx(6474,15): error TS2339: Property 'svg' does not exist on type 'JSX.IntrinsicElements'.
components/ProjectAssets.tsx(6476,13): error TS2339: Property 'span' does not exist on type 'JSX.IntrinsicElements'.
components/ProjectAssets.tsx(6477,11): error TS2339: Property 'div' does not exist on type 'JSX.IntrinsicElements'.
components/ProjectAssets.tsx(6478,11): error TS2339: Property 'div' does not exist on type 'JSX.IntrinsicElements'.
components/ProjectAssets.tsx(6479,13): error TS2339: Property 'input' does not exist on type 'JSX.IntrinsicElements'.
components/ProjectAssets.tsx(6489,11): error TS2339: Property 'div' does not exist on type 'JSX.IntrinsicElements'.
components/ProjectAssets.tsx(6490,9): error TS2339: Property 'div' does not exist on type 'JSX.IntrinsicElements'.
components/ProjectAssets.tsx(6491,9): error TS2339: Property 'div' does not exist on type 'JSX.IntrinsicElements'.
components/ProjectAssets.tsx(6493,13): error TS2339: Property 'button' does not exist on type 'JSX.IntrinsicElements'.
components/ProjectAssets.tsx(6507,13): error TS2339: Property 'button' does not exist on type 'JSX.IntrinsicElements'.
components/ProjectAssets.tsx(6509,9): error TS2339: Property 'div' does not exist on type 'JSX.IntrinsicElements'.
components/ProjectAssets.tsx(6510,7): error TS2339: Property 'div' does not exist on type 'JSX.IntrinsicElements'.
components/ProjectAssets.tsx(6513,9): error TS2339: Property 'div' does not exist on type 'JSX.IntrinsicElements'.
components/ProjectAssets.tsx(6515,13): error TS2339: Property 'div' does not exist on type 'JSX.IntrinsicElements'.
components/ProjectAssets.tsx(6516,15): error TS2339: Property 'h3' does not exist on type 'JSX.IntrinsicElements'.
components/ProjectAssets.tsx(6516,123): error TS2339: Property 'h3' does not exist on type 'JSX.IntrinsicElements'.
components/ProjectAssets.tsx(6517,15): error TS2339: Property 'p' does not exist on type 'JSX.IntrinsicElements'.
components/ProjectAssets.tsx(6521,15): error TS2339: Property 'p' does not exist on type 'JSX.IntrinsicElements'.
components/ProjectAssets.tsx(6523,15): error TS2339: Property 'div' does not exist on type 'JSX.IntrinsicElements'.
components/ProjectAssets.tsx(6524,17): error TS2339: Property 'div' does not exist on type 'JSX.IntrinsicElements'.
components/ProjectAssets.tsx(6525,19): error TS2339: Property 'label' does not exist on type 'JSX.IntrinsicElements'.
components/ProjectAssets.tsx(6527,19): error TS2339: Property 'label' does not exist on type 'JSX.IntrinsicElements'.
components/ProjectAssets.tsx(6528,19): error TS2339: Property 'textarea' does not exist on type 'JSX.IntrinsicElements'.
components/ProjectAssets.tsx(6537,17): error TS2339: Property 'div' does not exist on type 'JSX.IntrinsicElements'.
components/ProjectAssets.tsx(6540,19): error TS2339: Property 'p' does not exist on type 'JSX.IntrinsicElements'.
components/ProjectAssets.tsx(6540,87): error TS2339: Property 'p' does not exist on type 'JSX.IntrinsicElements'.
components/ProjectAssets.tsx(6543,19): error TS2339: Property 'p' does not exist on type 'JSX.IntrinsicElements'.
components/ProjectAssets.tsx(6543,101): error TS2339: Property 'p' does not exist on type 'JSX.IntrinsicElements'.
components/ProjectAssets.tsx(6546,17): error TS2339: Property 'div' does not exist on type 'JSX.IntrinsicElements'.
components/ProjectAssets.tsx(6547,19): error TS2339: Property 'div' does not exist on type 'JSX.IntrinsicElements'.
components/ProjectAssets.tsx(6549,23): error TS2339: Property 'div' does not exist on type 'JSX.IntrinsicElements'.
components/ProjectAssets.tsx(6551,23): error TS2339: Property 'div' does not exist on type 'JSX.IntrinsicElements'.
components/ProjectAssets.tsx(6553,19): error TS2339: Property 'div' does not exist on type 'JSX.IntrinsicElements'.
components/ProjectAssets.tsx(6554,19): error TS2339: Property 'div' does not exist on type 'JSX.IntrinsicElements'.
components/ProjectAssets.tsx(6555,21): error TS2339: Property 'button' does not exist on type 'JSX.IntrinsicElements'.
components/ProjectAssets.tsx(6567,21): error TS2339: Property 'button' does not exist on type 'JSX.IntrinsicElements'.
components/ProjectAssets.tsx(6568,21): error TS2339: Property 'button' does not exist on type 'JSX.IntrinsicElements'.
components/ProjectAssets.tsx(6587,27): error TS2339: Property 'svg' does not exist on type 'JSX.IntrinsicElements'.
components/ProjectAssets.tsx(6588,29): error TS2339: Property 'circle' does not exist on type 'JSX.IntrinsicElements'.
components/ProjectAssets.tsx(6589,29): error TS2339: Property 'path' does not exist on type 'JSX.IntrinsicElements'.
components/ProjectAssets.tsx(6590,27): error TS2339: Property 'svg' does not exist on type 'JSX.IntrinsicElements'.
components/ProjectAssets.tsx(6596,21): error TS2339: Property 'button' does not exist on type 'JSX.IntrinsicElements'.
components/ProjectAssets.tsx(6597,19): error TS2339: Property 'div' does not exist on type 'JSX.IntrinsicElements'.
components/ProjectAssets.tsx(6598,17): error TS2339: Property 'div' does not exist on type 'JSX.IntrinsicElements'.
components/ProjectAssets.tsx(6599,15): error TS2339: Property 'div' does not exist on type 'JSX.IntrinsicElements'.
components/ProjectAssets.tsx(6600,13): error TS2339: Property 'div' does not exist on type 'JSX.IntrinsicElements'.
components/ProjectAssets.tsx(6603,13): error TS2339: Property 'div' does not exist on type 'JSX.IntrinsicElements'.
components/ProjectAssets.tsx(6604,15): error TS2339: Property 'h3' does not exist on type 'JSX.IntrinsicElements'.
components/ProjectAssets.tsx(6604,121): error TS2339: Property 'h3' does not exist on type 'JSX.IntrinsicElements'.
components/ProjectAssets.tsx(6605,15): error TS2339: Property 'p' does not exist on type 'JSX.IntrinsicElements'.
components/ProjectAssets.tsx(6605,188): error TS2339: Property 'p' does not exist on type 'JSX.IntrinsicElements'.
components/ProjectAssets.tsx(6606,15): error TS2339: Property 'textarea' does not exist on type 'JSX.IntrinsicElements'.
components/ProjectAssets.tsx(6613,15): error TS2339: Property 'div' does not exist on type 'JSX.IntrinsicElements'.
components/ProjectAssets.tsx(6614,17): error TS2339: Property 'div' does not exist on type 'JSX.IntrinsicElements'.
components/ProjectAssets.tsx(6615,19): error TS2339: Property 'span' does not exist on type 'JSX.IntrinsicElements'.
components/ProjectAssets.tsx(6615,91): error TS2339: Property 'span' does not exist on type 'JSX.IntrinsicElements'.
components/ProjectAssets.tsx(6616,19): error TS2339: Property 'div' does not exist on type 'JSX.IntrinsicElements'.
components/ProjectAssets.tsx(6617,21): error TS2339: Property 'button' does not exist on type 'JSX.IntrinsicElements'.
components/ProjectAssets.tsx(6629,21): error TS2339: Property 'button' does not exist on type 'JSX.IntrinsicElements'.
components/ProjectAssets.tsx(6630,21): error TS2339: Property 'button' does not exist on type 'JSX.IntrinsicElements'.
components/ProjectAssets.tsx(6642,21): error TS2339: Property 'button' does not exist on type 'JSX.IntrinsicElements'.
components/ProjectAssets.tsx(6643,19): error TS2339: Property 'div' does not exist on type 'JSX.IntrinsicElements'.
components/ProjectAssets.tsx(6644,17): error TS2339: Property 'div' does not exist on type 'JSX.IntrinsicElements'.
components/ProjectAssets.tsx(6645,17): error TS2339: Property 'div' does not exist on type 'JSX.IntrinsicElements'.
components/ProjectAssets.tsx(6646,19): error TS2339: Property 'span' does not exist on type 'JSX.IntrinsicElements'.
components/ProjectAssets.tsx(6646,92): error TS2339: Property 'span' does not exist on type 'JSX.IntrinsicElements'.
components/ProjectAssets.tsx(6647,19): error TS2339: Property 'select' does not exist on type 'JSX.IntrinsicElements'.
components/ProjectAssets.tsx(6653,23): error TS2339: Property 'option' does not exist on type 'JSX.IntrinsicElements'.
components/ProjectAssets.tsx(6653,52): error TS2339: Property 'option' does not exist on type 'JSX.IntrinsicElements'.
components/ProjectAssets.tsx(6655,19): error TS2339: Property 'select' does not exist on type 'JSX.IntrinsicElements'.
components/ProjectAssets.tsx(6656,17): error TS2339: Property 'div' does not exist on type 'JSX.IntrinsicElements'.
components/ProjectAssets.tsx(6657,17): error TS2339: Property 'div' does not exist on type 'JSX.IntrinsicElements'.
components/ProjectAssets.tsx(6658,19): error TS2339: Property 'span' does not exist on type 'JSX.IntrinsicElements'.
components/ProjectAssets.tsx(6658,96): error TS2339: Property 'span' does not exist on type 'JSX.IntrinsicElements'.
components/ProjectAssets.tsx(6659,19): error TS2339: Property 'select' does not exist on type 'JSX.IntrinsicElements'.
components/ProjectAssets.tsx(6667,23): error TS2339: Property 'option' does not exist on type 'JSX.IntrinsicElements'.
components/ProjectAssets.tsx(6667,52): error TS2339: Property 'option' does not exist on type 'JSX.IntrinsicElements'.
components/ProjectAssets.tsx(6669,19): error TS2339: Property 'select' does not exist on type 'JSX.IntrinsicElements'.
components/ProjectAssets.tsx(6670,17): error TS2339: Property 'div' does not exist on type 'JSX.IntrinsicElements'.
components/ProjectAssets.tsx(6671,15): error TS2339: Property 'div' does not exist on type 'JSX.IntrinsicElements'.
components/ProjectAssets.tsx(6672,15): error TS2339: Property 'div' does not exist on type 'JSX.IntrinsicElements'.
components/ProjectAssets.tsx(6673,17): error TS2339: Property 'label' does not exist on type 'JSX.IntrinsicElements'.
components/ProjectAssets.tsx(6679,19): error TS2339: Property 'svg' does not exist on type 'JSX.IntrinsicElements'.
components/ProjectAssets.tsx(6680,21): error TS2339: Property 'path' does not exist on type 'JSX.IntrinsicElements'.
components/ProjectAssets.tsx(6681,19): error TS2339: Property 'svg' does not exist on type 'JSX.IntrinsicElements'.
components/ProjectAssets.tsx(6682,19): error TS2339: Property 'span' does not exist on type 'JSX.IntrinsicElements'.
components/ProjectAssets.tsx(6682,105): error TS2339: Property 'span' does not exist on type 'JSX.IntrinsicElements'.
components/ProjectAssets.tsx(6683,19): error TS2339: Property 'input' does not exist on type 'JSX.IntrinsicElements'.
components/ProjectAssets.tsx(6694,46): error TS2345: Argument of type '(prev: File[]) => unknown[]' is not assignable to parameter of type 'SetStateAction<File[]>'.
  Type '(prev: File[]) => unknown[]' is not assignable to type '(prevState: File[]) => File[]'.
    Type 'unknown[]' is not assignable to type 'File[]'.
      Type '{}' is missing the following properties from type 'File': lastModified, name, webkitRelativePath, size, and 6 more.
components/ProjectAssets.tsx(6699,17): error TS2339: Property 'label' does not exist on type 'JSX.IntrinsicElements'.
components/ProjectAssets.tsx(6702,19): error TS2339: Property 'span' does not exist on type 'JSX.IntrinsicElements'.
components/ProjectAssets.tsx(6706,19): error TS2339: Property 'span' does not exist on type 'JSX.IntrinsicElements'.
components/ProjectAssets.tsx(6709,19): error TS2339: Property 'button' does not exist on type 'JSX.IntrinsicElements'.
components/ProjectAssets.tsx(6721,19): error TS2339: Property 'button' does not exist on type 'JSX.IntrinsicElements'.
components/ProjectAssets.tsx(6724,19): error TS2339: Property 'button' does not exist on type 'JSX.IntrinsicElements'.
components/ProjectAssets.tsx(6730,19): error TS2339: Property 'button' does not exist on type 'JSX.IntrinsicElements'.
components/ProjectAssets.tsx(6733,19): error TS2339: Property 'div' does not exist on type 'JSX.IntrinsicElements'.
components/ProjectAssets.tsx(6739,21): error TS2339: Property 'span' does not exist on type 'JSX.IntrinsicElements'.
components/ProjectAssets.tsx(6741,21): error TS2339: Property 'span' does not exist on type 'JSX.IntrinsicElements'.
components/ProjectAssets.tsx(6742,21): error TS2339: Property 'div' does not exist on type 'JSX.IntrinsicElements'.
components/ProjectAssets.tsx(6744,25): error TS2339: Property 'span' does not exist on type 'JSX.IntrinsicElements'.
components/ProjectAssets.tsx(6752,25): error TS2339: Property 'span' does not exist on type 'JSX.IntrinsicElements'.
components/ProjectAssets.tsx(6754,21): error TS2339: Property 'div' does not exist on type 'JSX.IntrinsicElements'.
components/ProjectAssets.tsx(6755,19): error TS2339: Property 'div' does not exist on type 'JSX.IntrinsicElements'.
components/ProjectAssets.tsx(6757,15): error TS2339: Property 'div' does not exist on type 'JSX.IntrinsicElements'.
components/ProjectAssets.tsx(6760,17): error TS2339: Property 'div' does not exist on type 'JSX.IntrinsicElements'.
components/ProjectAssets.tsx(6763,19): error TS2339: Property 'div' does not exist on type 'JSX.IntrinsicElements'.
components/ProjectAssets.tsx(6765,23): error TS2339: Property 'div' does not exist on type 'JSX.IntrinsicElements'.
components/ProjectAssets.tsx(6778,25): error TS2339: Property 'img' does not exist on type 'JSX.IntrinsicElements'.
components/ProjectAssets.tsx(6783,25): error TS2339: Property 'button' does not exist on type 'JSX.IntrinsicElements'.
components/ProjectAssets.tsx(6792,25): error TS2339: Property 'button' does not exist on type 'JSX.IntrinsicElements'.
components/ProjectAssets.tsx(6793,25): error TS2339: Property 'div' does not exist on type 'JSX.IntrinsicElements'.
components/ProjectAssets.tsx(6795,25): error TS2339: Property 'div' does not exist on type 'JSX.IntrinsicElements'.
components/ProjectAssets.tsx(6796,23): error TS2339: Property 'div' does not exist on type 'JSX.IntrinsicElements'.
components/ProjectAssets.tsx(6798,19): error TS2339: Property 'div' does not exist on type 'JSX.IntrinsicElements'.
components/ProjectAssets.tsx(6799,17): error TS2339: Property 'div' does not exist on type 'JSX.IntrinsicElements'.
components/ProjectAssets.tsx(6801,15): error TS2339: Property 'div' does not exist on type 'JSX.IntrinsicElements'.
components/ProjectAssets.tsx(6802,17): error TS2339: Property 'button' does not exist on type 'JSX.IntrinsicElements'.
components/ProjectAssets.tsx(6812,21): error TS2339: Property 'svg' does not exist on type 'JSX.IntrinsicElements'.
components/ProjectAssets.tsx(6813,23): error TS2339: Property 'circle' does not exist on type 'JSX.IntrinsicElements'.
components/ProjectAssets.tsx(6814,23): error TS2339: Property 'path' does not exist on type 'JSX.IntrinsicElements'.
components/ProjectAssets.tsx(6815,21): error TS2339: Property 'svg' does not exist on type 'JSX.IntrinsicElements'.
components/ProjectAssets.tsx(6817,19): error TS2339: Property 'span' does not exist on type 'JSX.IntrinsicElements'.
components/ProjectAssets.tsx(6817,75): error TS2339: Property 'span' does not exist on type 'JSX.IntrinsicElements'.
components/ProjectAssets.tsx(6818,17): error TS2339: Property 'button' does not exist on type 'JSX.IntrinsicElements'.
components/ProjectAssets.tsx(6819,15): error TS2339: Property 'div' does not exist on type 'JSX.IntrinsicElements'.
components/ProjectAssets.tsx(6821,17): error TS2339: Property 'p' does not exist on type 'JSX.IntrinsicElements'.
components/ProjectAssets.tsx(6821,70): error TS2339: Property 'p' does not exist on type 'JSX.IntrinsicElements'.
components/ProjectAssets.tsx(6824,17): error TS2339: Property 'div' does not exist on type 'JSX.IntrinsicElements'.
components/ProjectAssets.tsx(6825,19): error TS2339: Property 'div' does not exist on type 'JSX.IntrinsicElements'.
components/ProjectAssets.tsx(6841,21): error TS2339: Property 'img' does not exist on type 'JSX.IntrinsicElements'.
components/ProjectAssets.tsx(6842,21): error TS2339: Property 'div' does not exist on type 'JSX.IntrinsicElements'.
components/ProjectAssets.tsx(6843,23): error TS2339: Property 'div' does not exist on type 'JSX.IntrinsicElements'.
components/ProjectAssets.tsx(6844,25): error TS2339: Property 'svg' does not exist on type 'JSX.IntrinsicElements'.
components/ProjectAssets.tsx(6845,27): error TS2339: Property 'path' does not exist on type 'JSX.IntrinsicElements'.
components/ProjectAssets.tsx(6846,25): error TS2339: Property 'svg' does not exist on type 'JSX.IntrinsicElements'.
components/ProjectAssets.tsx(6847,23): error TS2339: Property 'div' does not exist on type 'JSX.IntrinsicElements'.
components/ProjectAssets.tsx(6848,21): error TS2339: Property 'div' does not exist on type 'JSX.IntrinsicElements'.
components/ProjectAssets.tsx(6849,19): error TS2339: Property 'div' does not exist on type 'JSX.IntrinsicElements'.
components/ProjectAssets.tsx(6850,19): error TS2339: Property 'div' does not exist on type 'JSX.IntrinsicElements'.
components/ProjectAssets.tsx(6851,21): error TS2339: Property 'p' does not exist on type 'JSX.IntrinsicElements'.
components/ProjectAssets.tsx(6851,120): error TS2339: Property 'p' does not exist on type 'JSX.IntrinsicElements'.
components/ProjectAssets.tsx(6852,21): error TS2339: Property 'div' does not exist on type 'JSX.IntrinsicElements'.
components/ProjectAssets.tsx(6853,23): error TS2339: Property 'div' does not exist on type 'JSX.IntrinsicElements'.
components/ProjectAssets.tsx(6853,140): error TS2339: Property 'div' does not exist on type 'JSX.IntrinsicElements'.
components/ProjectAssets.tsx(6854,23): error TS2339: Property 'div' does not exist on type 'JSX.IntrinsicElements'.
components/ProjectAssets.tsx(6855,25): error TS2339: Property 'input' does not exist on type 'JSX.IntrinsicElements'.
components/ProjectAssets.tsx(6862,25): error TS2339: Property 'button' does not exist on type 'JSX.IntrinsicElements'.
components/ProjectAssets.tsx(6869,25): error TS2339: Property 'button' does not exist on type 'JSX.IntrinsicElements'.
components/ProjectAssets.tsx(6870,23): error TS2339: Property 'div' does not exist on type 'JSX.IntrinsicElements'.
components/ProjectAssets.tsx(6871,21): error TS2339: Property 'div' does not exist on type 'JSX.IntrinsicElements'.
components/ProjectAssets.tsx(6872,21): error TS2339: Property 'div' does not exist on type 'JSX.IntrinsicElements'.
components/ProjectAssets.tsx(6873,23): error TS2339: Property 'a' does not exist on type 'JSX.IntrinsicElements'.
components/ProjectAssets.tsx(6879,23): error TS2339: Property 'a' does not exist on type 'JSX.IntrinsicElements'.
components/ProjectAssets.tsx(6880,23): error TS2339: Property 'button' does not exist on type 'JSX.IntrinsicElements'.
components/ProjectAssets.tsx(6886,23): error TS2339: Property 'button' does not exist on type 'JSX.IntrinsicElements'.
components/ProjectAssets.tsx(6887,23): error TS2339: Property 'button' does not exist on type 'JSX.IntrinsicElements'.
components/ProjectAssets.tsx(6917,23): error TS2339: Property 'button' does not exist on type 'JSX.IntrinsicElements'.
components/ProjectAssets.tsx(6918,23): error TS2339: Property 'button' does not exist on type 'JSX.IntrinsicElements'.
components/ProjectAssets.tsx(6941,23): error TS2339: Property 'button' does not exist on type 'JSX.IntrinsicElements'.
components/ProjectAssets.tsx(6943,25): error TS2339: Property 'span' does not exist on type 'JSX.IntrinsicElements'.
components/ProjectAssets.tsx(6945,25): error TS2339: Property 'span' does not exist on type 'JSX.IntrinsicElements'.
components/ProjectAssets.tsx(6947,21): error TS2339: Property 'div' does not exist on type 'JSX.IntrinsicElements'.
components/ProjectAssets.tsx(6948,19): error TS2339: Property 'div' does not exist on type 'JSX.IntrinsicElements'.
components/ProjectAssets.tsx(6949,17): error TS2339: Property 'div' does not exist on type 'JSX.IntrinsicElements'.
components/ProjectAssets.tsx(6951,13): error TS2339: Property 'div' does not exist on type 'JSX.IntrinsicElements'.
components/ProjectAssets.tsx(6955,13): error TS2339: Property 'div' does not exist on type 'JSX.IntrinsicElements'.
components/ProjectAssets.tsx(6956,15): error TS2339: Property 'h3' does not exist on type 'JSX.IntrinsicElements'.
components/ProjectAssets.tsx(6956,121): error TS2339: Property 'h3' does not exist on type 'JSX.IntrinsicElements'.
components/ProjectAssets.tsx(6957,15): error TS2339: Property 'p' does not exist on type 'JSX.IntrinsicElements'.
components/ProjectAssets.tsx(6959,15): error TS2339: Property 'p' does not exist on type 'JSX.IntrinsicElements'.
components/ProjectAssets.tsx(6960,15): error TS2339: Property 'textarea' does not exist on type 'JSX.IntrinsicElements'.
components/ProjectAssets.tsx(6967,15): error TS2339: Property 'div' does not exist on type 'JSX.IntrinsicElements'.
components/ProjectAssets.tsx(6969,19): error TS2339: Property 'div' does not exist on type 'JSX.IntrinsicElements'.
components/ProjectAssets.tsx(6970,21): error TS2339: Property 'span' does not exist on type 'JSX.IntrinsicElements'.
components/ProjectAssets.tsx(6970,88): error TS2339: Property 'span' does not exist on type 'JSX.IntrinsicElements'.
components/ProjectAssets.tsx(6973,25): error TS2339: Property 'label' does not exist on type 'JSX.IntrinsicElements'.
components/ProjectAssets.tsx(6984,27): error TS2339: Property 'svg' does not exist on type 'JSX.IntrinsicElements'.
components/ProjectAssets.tsx(6985,29): error TS2339: Property 'path' does not exist on type 'JSX.IntrinsicElements'.
components/ProjectAssets.tsx(6986,27): error TS2339: Property 'svg' does not exist on type 'JSX.IntrinsicElements'.
components/ProjectAssets.tsx(6987,27): error TS2339: Property 'span' does not exist on type 'JSX.IntrinsicElements'.
components/ProjectAssets.tsx(6987,51): error TS2339: Property 'span' does not exist on type 'JSX.IntrinsicElements'.
components/ProjectAssets.tsx(6988,27): error TS2339: Property 'input' does not exist on type 'JSX.IntrinsicElements'.
components/ProjectAssets.tsx(6999,56): error TS2345: Argument of type '(prev: File[]) => unknown[]' is not assignable to parameter of type 'SetStateAction<File[]>'.
  Type '(prev: File[]) => unknown[]' is not assignable to type '(prevState: File[]) => File[]'.
    Type 'unknown[]' is not assignable to type 'File[]'.
      Type '{}' is missing the following properties from type 'File': lastModified, name, webkitRelativePath, size, and 6 more.
components/ProjectAssets.tsx(7004,25): error TS2339: Property 'label' does not exist on type 'JSX.IntrinsicElements'.
components/ProjectAssets.tsx(7005,25): error TS2339: Property 'button' does not exist on type 'JSX.IntrinsicElements'.
components/ProjectAssets.tsx(7020,25): error TS2339: Property 'button' does not exist on type 'JSX.IntrinsicElements'.
components/ProjectAssets.tsx(7021,25): error TS2339: Property 'span' does not exist on type 'JSX.IntrinsicElements'.
components/ProjectAssets.tsx(7023,25): error TS2339: Property 'span' does not exist on type 'JSX.IntrinsicElements'.
components/ProjectAssets.tsx(7026,23): error TS2339: Property 'label' does not exist on type 'JSX.IntrinsicElements'.
components/ProjectAssets.tsx(7032,25): error TS2339: Property 'svg' does not exist on type 'JSX.IntrinsicElements'.
components/ProjectAssets.tsx(7033,27): error TS2339: Property 'path' does not exist on type 'JSX.IntrinsicElements'.
components/ProjectAssets.tsx(7034,25): error TS2339: Property 'svg' does not exist on type 'JSX.IntrinsicElements'.
components/ProjectAssets.tsx(7035,25): error TS2339: Property 'span' does not exist on type 'JSX.IntrinsicElements'.
components/ProjectAssets.tsx(7035,81): error TS2339: Property 'span' does not exist on type 'JSX.IntrinsicElements'.
components/ProjectAssets.tsx(7036,25): error TS2339: Property 'input' does not exist on type 'JSX.IntrinsicElements'.
components/ProjectAssets.tsx(7045,23): error TS2339: Property 'label' does not exist on type 'JSX.IntrinsicElements'.
components/ProjectAssets.tsx(7048,23): error TS2339: Property 'div' does not exist on type 'JSX.IntrinsicElements'.
components/ProjectAssets.tsx(7050,27): error TS2339: Property 'div' does not exist on type 'JSX.IntrinsicElements'.
components/ProjectAssets.tsx(7051,29): error TS2339: Property 'img' does not exist on type 'JSX.IntrinsicElements'.
components/ProjectAssets.tsx(7052,27): error TS2339: Property 'div' does not exist on type 'JSX.IntrinsicElements'.
components/ProjectAssets.tsx(7054,27): error TS2339: Property 'div' does not exist on type 'JSX.IntrinsicElements'.
components/ProjectAssets.tsx(7056,25): error TS2339: Property 'span' does not exist on type 'JSX.IntrinsicElements'.
components/ProjectAssets.tsx(7056,140): error TS2339: Property 'span' does not exist on type 'JSX.IntrinsicElements'.
components/ProjectAssets.tsx(7057,25): error TS2339: Property 'button' does not exist on type 'JSX.IntrinsicElements'.
components/ProjectAssets.tsx(7063,25): error TS2339: Property 'button' does not exist on type 'JSX.IntrinsicElements'.
components/ProjectAssets.tsx(7064,23): error TS2339: Property 'div' does not exist on type 'JSX.IntrinsicElements'.
components/ProjectAssets.tsx(7069,23): error TS2339: Property 'div' does not exist on type 'JSX.IntrinsicElements'.
components/ProjectAssets.tsx(7070,25): error TS2339: Property 'p' does not exist on type 'JSX.IntrinsicElements'.
components/ProjectAssets.tsx(7072,25): error TS2339: Property 'p' does not exist on type 'JSX.IntrinsicElements'.
components/ProjectAssets.tsx(7073,25): error TS2339: Property 'div' does not exist on type 'JSX.IntrinsicElements'.
components/ProjectAssets.tsx(7079,31): error TS2339: Property 'div' does not exist on type 'JSX.IntrinsicElements'.
components/ProjectAssets.tsx(7080,33): error TS2339: Property 'img' does not exist on type 'JSX.IntrinsicElements'.
components/ProjectAssets.tsx(7085,33): error TS2339: Property 'div' does not exist on type 'JSX.IntrinsicElements'.
components/ProjectAssets.tsx(7086,35): error TS2339: Property 'button' does not exist on type 'JSX.IntrinsicElements'.
components/ProjectAssets.tsx(7096,37): error TS2339: Property 'svg' does not exist on type 'JSX.IntrinsicElements'.
components/ProjectAssets.tsx(7097,39): error TS2339: Property 'path' does not exist on type 'JSX.IntrinsicElements'.
components/ProjectAssets.tsx(7098,37): error TS2339: Property 'svg' does not exist on type 'JSX.IntrinsicElements'.
components/ProjectAssets.tsx(7099,35): error TS2339: Property 'button' does not exist on type 'JSX.IntrinsicElements'.
components/ProjectAssets.tsx(7100,33): error TS2339: Property 'div' does not exist on type 'JSX.IntrinsicElements'.
components/ProjectAssets.tsx(7101,33): error TS2339: Property 'div' does not exist on type 'JSX.IntrinsicElements'.
components/ProjectAssets.tsx(7103,33): error TS2339: Property 'div' does not exist on type 'JSX.IntrinsicElements'.
components/ProjectAssets.tsx(7104,31): error TS2339: Property 'div' does not exist on type 'JSX.IntrinsicElements'.
components/ProjectAssets.tsx(7107,25): error TS2339: Property 'div' does not exist on type 'JSX.IntrinsicElements'.
components/ProjectAssets.tsx(7108,23): error TS2339: Property 'div' does not exist on type 'JSX.IntrinsicElements'.
components/ProjectAssets.tsx(7109,25): error TS2339: Property 'div' does not exist on type 'JSX.IntrinsicElements'.
components/ProjectAssets.tsx(7111,17): error TS2339: Property 'div' does not exist on type 'JSX.IntrinsicElements'.
components/ProjectAssets.tsx(7112,19): error TS2339: Property 'span' does not exist on type 'JSX.IntrinsicElements'.
components/ProjectAssets.tsx(7112,90): error TS2339: Property 'span' does not exist on type 'JSX.IntrinsicElements'.
components/ProjectAssets.tsx(7113,19): error TS2339: Property 'div' does not exist on type 'JSX.IntrinsicElements'.
components/ProjectAssets.tsx(7114,21): error TS2339: Property 'button' does not exist on type 'JSX.IntrinsicElements'.
components/ProjectAssets.tsx(7125,21): error TS2339: Property 'button' does not exist on type 'JSX.IntrinsicElements'.
components/ProjectAssets.tsx(7126,21): error TS2339: Property 'button' does not exist on type 'JSX.IntrinsicElements'.
components/ProjectAssets.tsx(7137,21): error TS2339: Property 'button' does not exist on type 'JSX.IntrinsicElements'.
components/ProjectAssets.tsx(7138,21): error TS2339: Property 'button' does not exist on type 'JSX.IntrinsicElements'.
components/ProjectAssets.tsx(7149,21): error TS2339: Property 'button' does not exist on type 'JSX.IntrinsicElements'.
components/ProjectAssets.tsx(7150,19): error TS2339: Property 'div' does not exist on type 'JSX.IntrinsicElements'.
components/ProjectAssets.tsx(7151,17): error TS2339: Property 'div' does not exist on type 'JSX.IntrinsicElements'.
components/ProjectAssets.tsx(7153,19): error TS2339: Property 'div' does not exist on type 'JSX.IntrinsicElements'.
components/ProjectAssets.tsx(7154,21): error TS2339: Property 'span' does not exist on type 'JSX.IntrinsicElements'.
components/ProjectAssets.tsx(7154,94): error TS2339: Property 'span' does not exist on type 'JSX.IntrinsicElements'.
components/ProjectAssets.tsx(7155,21): error TS2339: Property 'div' does not exist on type 'JSX.IntrinsicElements'.
components/ProjectAssets.tsx(7156,23): error TS2339: Property 'button' does not exist on type 'JSX.IntrinsicElements'.
components/ProjectAssets.tsx(7167,23): error TS2339: Property 'button' does not exist on type 'JSX.IntrinsicElements'.
components/ProjectAssets.tsx(7168,23): error TS2339: Property 'button' does not exist on type 'JSX.IntrinsicElements'.
components/ProjectAssets.tsx(7179,23): error TS2339: Property 'button' does not exist on type 'JSX.IntrinsicElements'.
components/ProjectAssets.tsx(7180,21): error TS2339: Property 'div' does not exist on type 'JSX.IntrinsicElements'.
components/ProjectAssets.tsx(7181,19): error TS2339: Property 'div' does not exist on type 'JSX.IntrinsicElements'.
components/ProjectAssets.tsx(7184,19): error TS2339: Property 'div' does not exist on type 'JSX.IntrinsicElements'.
components/ProjectAssets.tsx(7185,21): error TS2339: Property 'span' does not exist on type 'JSX.IntrinsicElements'.
components/ProjectAssets.tsx(7185,92): error TS2339: Property 'span' does not exist on type 'JSX.IntrinsicElements'.
components/ProjectAssets.tsx(7186,21): error TS2339: Property 'div' does not exist on type 'JSX.IntrinsicElements'.
components/ProjectAssets.tsx(7187,23): error TS2339: Property 'button' does not exist on type 'JSX.IntrinsicElements'.
components/ProjectAssets.tsx(7198,23): error TS2339: Property 'button' does not exist on type 'JSX.IntrinsicElements'.
components/ProjectAssets.tsx(7199,23): error TS2339: Property 'button' does not exist on type 'JSX.IntrinsicElements'.
components/ProjectAssets.tsx(7210,23): error TS2339: Property 'button' does not exist on type 'JSX.IntrinsicElements'.
components/ProjectAssets.tsx(7211,21): error TS2339: Property 'div' does not exist on type 'JSX.IntrinsicElements'.
components/ProjectAssets.tsx(7212,19): error TS2339: Property 'div' does not exist on type 'JSX.IntrinsicElements'.
components/ProjectAssets.tsx(7216,19): error TS2339: Property 'div' does not exist on type 'JSX.IntrinsicElements'.
components/ProjectAssets.tsx(7217,21): error TS2339: Property 'span' does not exist on type 'JSX.IntrinsicElements'.
components/ProjectAssets.tsx(7217,94): error TS2339: Property 'span' does not exist on type 'JSX.IntrinsicElements'.
components/ProjectAssets.tsx(7218,21): error TS2339: Property 'div' does not exist on type 'JSX.IntrinsicElements'.
components/ProjectAssets.tsx(7223,25): error TS2339: Property 'button' does not exist on type 'JSX.IntrinsicElements'.
components/ProjectAssets.tsx(7234,27): error TS2339: Property 'div' does not exist on type 'JSX.IntrinsicElements'.
components/ProjectAssets.tsx(7235,27): error TS2339: Property 'span' does not exist on type 'JSX.IntrinsicElements'.
components/ProjectAssets.tsx(7235,47): error TS2339: Property 'span' does not exist on type 'JSX.IntrinsicElements'.
components/ProjectAssets.tsx(7236,25): error TS2339: Property 'button' does not exist on type 'JSX.IntrinsicElements'.
components/ProjectAssets.tsx(7238,21): error TS2339: Property 'div' does not exist on type 'JSX.IntrinsicElements'.
components/ProjectAssets.tsx(7239,19): error TS2339: Property 'div' does not exist on type 'JSX.IntrinsicElements'.
components/ProjectAssets.tsx(7242,19): error TS2339: Property 'div' does not exist on type 'JSX.IntrinsicElements'.
components/ProjectAssets.tsx(7243,21): error TS2339: Property 'span' does not exist on type 'JSX.IntrinsicElements'.
components/ProjectAssets.tsx(7243,95): error TS2339: Property 'span' does not exist on type 'JSX.IntrinsicElements'.
components/ProjectAssets.tsx(7244,21): error TS2339: Property 'div' does not exist on type 'JSX.IntrinsicElements'.
components/ProjectAssets.tsx(7246,25): error TS2339: Property 'button' does not exist on type 'JSX.IntrinsicElements'.
components/ProjectAssets.tsx(7258,25): error TS2339: Property 'button' does not exist on type 'JSX.IntrinsicElements'.
components/ProjectAssets.tsx(7260,21): error TS2339: Property 'div' does not exist on type 'JSX.IntrinsicElements'.
components/ProjectAssets.tsx(7261,19): error TS2339: Property 'div' does not exist on type 'JSX.IntrinsicElements'.
components/ProjectAssets.tsx(7264,19): error TS2339: Property 'div' does not exist on type 'JSX.IntrinsicElements'.
components/ProjectAssets.tsx(7265,21): error TS2339: Property 'span' does not exist on type 'JSX.IntrinsicElements'.
components/ProjectAssets.tsx(7265,94): error TS2339: Property 'span' does not exist on type 'JSX.IntrinsicElements'.
components/ProjectAssets.tsx(7266,21): error TS2339: Property 'div' does not exist on type 'JSX.IntrinsicElements'.
components/ProjectAssets.tsx(7268,25): error TS2339: Property 'button' does not exist on type 'JSX.IntrinsicElements'.
components/ProjectAssets.tsx(7280,25): error TS2339: Property 'button' does not exist on type 'JSX.IntrinsicElements'.
components/ProjectAssets.tsx(7282,21): error TS2339: Property 'div' does not exist on type 'JSX.IntrinsicElements'.
components/ProjectAssets.tsx(7283,19): error TS2339: Property 'div' does not exist on type 'JSX.IntrinsicElements'.
components/ProjectAssets.tsx(7288,19): error TS2339: Property 'div' does not exist on type 'JSX.IntrinsicElements'.
components/ProjectAssets.tsx(7289,21): error TS2339: Property 'p' does not exist on type 'JSX.IntrinsicElements'.
components/ProjectAssets.tsx(7291,21): error TS2339: Property 'p' does not exist on type 'JSX.IntrinsicElements'.
components/ProjectAssets.tsx(7294,21): error TS2339: Property 'div' does not exist on type 'JSX.IntrinsicElements'.
components/ProjectAssets.tsx(7295,23): error TS2339: Property 'h4' does not exist on type 'JSX.IntrinsicElements'.
components/ProjectAssets.tsx(7295,122): error TS2339: Property 'h4' does not exist on type 'JSX.IntrinsicElements'.
components/ProjectAssets.tsx(7296,23): error TS2339: Property 'div' does not exist on type 'JSX.IntrinsicElements'.
components/ProjectAssets.tsx(7300,29): error TS2339: Property 'div' does not exist on type 'JSX.IntrinsicElements'.
components/ProjectAssets.tsx(7321,45): error TS2339: Property 'img' does not exist on type 'JSX.IntrinsicElements'.
components/ProjectAssets.tsx(7324,35): error TS2339: Property 'div' does not exist on type 'JSX.IntrinsicElements'.
components/ProjectAssets.tsx(7326,35): error TS2339: Property 'div' does not exist on type 'JSX.IntrinsicElements'.
components/ProjectAssets.tsx(7327,35): error TS2339: Property 'select' does not exist on type 'JSX.IntrinsicElements'.
components/ProjectAssets.tsx(7336,37): error TS2339: Property 'option' does not exist on type 'JSX.IntrinsicElements'.
components/ProjectAssets.tsx(7336,57): error TS2339: Property 'option' does not exist on type 'JSX.IntrinsicElements'.
components/ProjectAssets.tsx(7337,37): error TS2339: Property 'option' does not exist on type 'JSX.IntrinsicElements'.
components/ProjectAssets.tsx(7337,57): error TS2339: Property 'option' does not exist on type 'JSX.IntrinsicElements'.
components/ProjectAssets.tsx(7338,37): error TS2339: Property 'option' does not exist on type 'JSX.IntrinsicElements'.
components/ProjectAssets.tsx(7338,57): error TS2339: Property 'option' does not exist on type 'JSX.IntrinsicElements'.
components/ProjectAssets.tsx(7339,35): error TS2339: Property 'select' does not exist on type 'JSX.IntrinsicElements'.
components/ProjectAssets.tsx(7342,29): error TS2339: Property 'div' does not exist on type 'JSX.IntrinsicElements'.
components/ProjectAssets.tsx(7345,23): error TS2339: Property 'div' does not exist on type 'JSX.IntrinsicElements'.
components/ProjectAssets.tsx(7346,21): error TS2339: Property 'div' does not exist on type 'JSX.IntrinsicElements'.
components/ProjectAssets.tsx(7349,21): error TS2339: Property 'div' does not exist on type 'JSX.IntrinsicElements'.
components/ProjectAssets.tsx(7350,23): error TS2339: Property 'h4' does not exist on type 'JSX.IntrinsicElements'.
components/ProjectAssets.tsx(7350,122): error TS2339: Property 'h4' does not exist on type 'JSX.IntrinsicElements'.
components/ProjectAssets.tsx(7351,23): error TS2339: Property 'div' does not exist on type 'JSX.IntrinsicElements'.
components/ProjectAssets.tsx(7355,29): error TS2339: Property 'div' does not exist on type 'JSX.IntrinsicElements'.
components/ProjectAssets.tsx(7376,31): error TS2339: Property 'div' does not exist on type 'JSX.IntrinsicElements'.
components/ProjectAssets.tsx(7378,35): error TS2339: Property 'video' does not exist on type 'JSX.IntrinsicElements'.
components/ProjectAssets.tsx(7385,35): error TS2339: Property 'svg' does not exist on type 'JSX.IntrinsicElements'.
components/ProjectAssets.tsx(7386,37): error TS2339: Property 'path' does not exist on type 'JSX.IntrinsicElements'.
components/ProjectAssets.tsx(7387,37): error TS2339: Property 'path' does not exist on type 'JSX.IntrinsicElements'.
components/ProjectAssets.tsx(7388,35): error TS2339: Property 'svg' does not exist on type 'JSX.IntrinsicElements'.
components/ProjectAssets.tsx(7390,31): error TS2339: Property 'div' does not exist on type 'JSX.IntrinsicElements'.
components/ProjectAssets.tsx(7393,35): error TS2339: Property 'div' does not exist on type 'JSX.IntrinsicElements'.
components/ProjectAssets.tsx(7395,35): error TS2339: Property 'div' does not exist on type 'JSX.IntrinsicElements'.
components/ProjectAssets.tsx(7396,35): error TS2339: Property 'select' does not exist on type 'JSX.IntrinsicElements'.
components/ProjectAssets.tsx(7405,37): error TS2339: Property 'option' does not exist on type 'JSX.IntrinsicElements'.
components/ProjectAssets.tsx(7405,57): error TS2339: Property 'option' does not exist on type 'JSX.IntrinsicElements'.
components/ProjectAssets.tsx(7406,37): error TS2339: Property 'option' does not exist on type 'JSX.IntrinsicElements'.
components/ProjectAssets.tsx(7406,57): error TS2339: Property 'option' does not exist on type 'JSX.IntrinsicElements'.
components/ProjectAssets.tsx(7407,37): error TS2339: Property 'option' does not exist on type 'JSX.IntrinsicElements'.
components/ProjectAssets.tsx(7407,57): error TS2339: Property 'option' does not exist on type 'JSX.IntrinsicElements'.
components/ProjectAssets.tsx(7408,35): error TS2339: Property 'select' does not exist on type 'JSX.IntrinsicElements'.
components/ProjectAssets.tsx(7411,29): error TS2339: Property 'div' does not exist on type 'JSX.IntrinsicElements'.
components/ProjectAssets.tsx(7414,23): error TS2339: Property 'div' does not exist on type 'JSX.IntrinsicElements'.
components/ProjectAssets.tsx(7415,21): error TS2339: Property 'div' does not exist on type 'JSX.IntrinsicElements'.
components/ProjectAssets.tsx(7419,23): error TS2339: Property 'div' does not exist on type 'JSX.IntrinsicElements'.
components/ProjectAssets.tsx(7420,25): error TS2339: Property 'div' does not exist on type 'JSX.IntrinsicElements'.
components/ProjectAssets.tsx(7421,27): error TS2339: Property 'span' does not exist on type 'JSX.IntrinsicElements'.
components/ProjectAssets.tsx(7423,27): error TS2339: Property 'span' does not exist on type 'JSX.IntrinsicElements'.
components/ProjectAssets.tsx(7424,27): error TS2339: Property 'button' does not exist on type 'JSX.IntrinsicElements'.
components/ProjectAssets.tsx(7429,27): error TS2339: Property 'button' does not exist on type 'JSX.IntrinsicElements'.
components/ProjectAssets.tsx(7430,25): error TS2339: Property 'div' does not exist on type 'JSX.IntrinsicElements'.
components/ProjectAssets.tsx(7431,25): error TS2339: Property 'div' does not exist on type 'JSX.IntrinsicElements'.
components/ProjectAssets.tsx(7433,29): error TS2339: Property 'div' does not exist on type 'JSX.IntrinsicElements'.
components/ProjectAssets.tsx(7435,29): error TS2339: Property 'div' does not exist on type 'JSX.IntrinsicElements'.
components/ProjectAssets.tsx(7437,25): error TS2339: Property 'div' does not exist on type 'JSX.IntrinsicElements'.
components/ProjectAssets.tsx(7438,23): error TS2339: Property 'div' does not exist on type 'JSX.IntrinsicElements'.
components/ProjectAssets.tsx(7440,19): error TS2339: Property 'div' does not exist on type 'JSX.IntrinsicElements'.
components/ProjectAssets.tsx(7443,17): error TS2339: Property 'div' does not exist on type 'JSX.IntrinsicElements'.
components/ProjectAssets.tsx(7444,19): error TS2339: Property 'button' does not exist on type 'JSX.IntrinsicElements'.
components/ProjectAssets.tsx(7489,23): error TS2339: Property 'svg' does not exist on type 'JSX.IntrinsicElements'.
components/ProjectAssets.tsx(7490,25): error TS2339: Property 'circle' does not exist on type 'JSX.IntrinsicElements'.
components/ProjectAssets.tsx(7491,25): error TS2339: Property 'path' does not exist on type 'JSX.IntrinsicElements'.
components/ProjectAssets.tsx(7492,23): error TS2339: Property 'svg' does not exist on type 'JSX.IntrinsicElements'.
components/ProjectAssets.tsx(7494,21): error TS2339: Property 'span' does not exist on type 'JSX.IntrinsicElements'.
components/ProjectAssets.tsx(7494,77): error TS2339: Property 'span' does not exist on type 'JSX.IntrinsicElements'.
components/ProjectAssets.tsx(7495,19): error TS2339: Property 'button' does not exist on type 'JSX.IntrinsicElements'.
components/ProjectAssets.tsx(7496,17): error TS2339: Property 'div' does not exist on type 'JSX.IntrinsicElements'.
components/ProjectAssets.tsx(7497,15): error TS2339: Property 'div' does not exist on type 'JSX.IntrinsicElements'.
components/ProjectAssets.tsx(7499,17): error TS2339: Property 'div' does not exist on type 'JSX.IntrinsicElements'.
components/ProjectAssets.tsx(7500,19): error TS2339: Property 'div' does not exist on type 'JSX.IntrinsicElements'.
components/ProjectAssets.tsx(7501,21): error TS2339: Property 'p' does not exist on type 'JSX.IntrinsicElements'.
components/ProjectAssets.tsx(7503,21): error TS2339: Property 'p' does not exist on type 'JSX.IntrinsicElements'.
components/ProjectAssets.tsx(7505,23): error TS2339: Property 'span' does not exist on type 'JSX.IntrinsicElements'.
components/ProjectAssets.tsx(7507,23): error TS2339: Property 'span' does not exist on type 'JSX.IntrinsicElements'.
components/ProjectAssets.tsx(7509,19): error TS2339: Property 'div' does not exist on type 'JSX.IntrinsicElements'.
components/ProjectAssets.tsx(7511,21): error TS2339: Property 'div' does not exist on type 'JSX.IntrinsicElements'.
components/ProjectAssets.tsx(7512,23): error TS2339: Property 'div' does not exist on type 'JSX.IntrinsicElements'.
components/ProjectAssets.tsx(7516,21): error TS2339: Property 'div' does not exist on type 'JSX.IntrinsicElements'.
components/ProjectAssets.tsx(7518,17): error TS2339: Property 'div' does not exist on type 'JSX.IntrinsicElements'.
components/ProjectAssets.tsx(7521,17): error TS2339: Property 'p' does not exist on type 'JSX.IntrinsicElements'.
components/ProjectAssets.tsx(7521,70): error TS2339: Property 'p' does not exist on type 'JSX.IntrinsicElements'.
components/ProjectAssets.tsx(7524,17): error TS2339: Property 'div' does not exist on type 'JSX.IntrinsicElements'.
components/ProjectAssets.tsx(7525,19): error TS2339: Property 'video' does not exist on type 'JSX.IntrinsicElements'.
components/ProjectAssets.tsx(7530,19): error TS2339: Property 'div' does not exist on type 'JSX.IntrinsicElements'.
components/ProjectAssets.tsx(7531,21): error TS2339: Property 'a' does not exist on type 'JSX.IntrinsicElements'.
components/ProjectAssets.tsx(7537,21): error TS2339: Property 'a' does not exist on type 'JSX.IntrinsicElements'.
components/ProjectAssets.tsx(7538,21): error TS2339: Property 'button' does not exist on type 'JSX.IntrinsicElements'.
components/ProjectAssets.tsx(7544,21): error TS2339: Property 'button' does not exist on type 'JSX.IntrinsicElements'.
components/ProjectAssets.tsx(7546,23): error TS2339: Property 'button' does not exist on type 'JSX.IntrinsicElements'.
components/ProjectAssets.tsx(7562,23): error TS2339: Property 'button' does not exist on type 'JSX.IntrinsicElements'.
components/ProjectAssets.tsx(7565,23): error TS2339: Property 'span' does not exist on type 'JSX.IntrinsicElements'.
components/ProjectAssets.tsx(7567,23): error TS2339: Property 'span' does not exist on type 'JSX.IntrinsicElements'.
components/ProjectAssets.tsx(7569,19): error TS2339: Property 'div' does not exist on type 'JSX.IntrinsicElements'.
components/ProjectAssets.tsx(7570,17): error TS2339: Property 'div' does not exist on type 'JSX.IntrinsicElements'.
components/ProjectAssets.tsx(7572,13): error TS2339: Property 'div' does not exist on type 'JSX.IntrinsicElements'.
components/ProjectAssets.tsx(7574,9): error TS2339: Property 'div' does not exist on type 'JSX.IntrinsicElements'.
components/ProjectAssets.tsx(7580,9): error TS2339: Property 'div' does not exist on type 'JSX.IntrinsicElements'.
components/ProjectAssets.tsx(7582,11): error TS2339: Property 'div' does not exist on type 'JSX.IntrinsicElements'.
components/ProjectAssets.tsx(7583,13): error TS2339: Property 'h3' does not exist on type 'JSX.IntrinsicElements'.
components/ProjectAssets.tsx(7583,121): error TS2339: Property 'h3' does not exist on type 'JSX.IntrinsicElements'.
components/ProjectAssets.tsx(7584,13): error TS2339: Property 'p' does not exist on type 'JSX.IntrinsicElements'.
components/ProjectAssets.tsx(7586,13): error TS2339: Property 'p' does not exist on type 'JSX.IntrinsicElements'.
components/ProjectAssets.tsx(7589,13): error TS2339: Property 'div' does not exist on type 'JSX.IntrinsicElements'.
components/ProjectAssets.tsx(7590,15): error TS2339: Property 'label' does not exist on type 'JSX.IntrinsicElements'.
components/ProjectAssets.tsx(7590,127): error TS2339: Property 'label' does not exist on type 'JSX.IntrinsicElements'.
components/ProjectAssets.tsx(7591,15): error TS2339: Property 'input' does not exist on type 'JSX.IntrinsicElements'.
components/ProjectAssets.tsx(7598,13): error TS2339: Property 'div' does not exist on type 'JSX.IntrinsicElements'.
components/ProjectAssets.tsx(7601,13): error TS2339: Property 'div' does not exist on type 'JSX.IntrinsicElements'.
components/ProjectAssets.tsx(7602,15): error TS2339: Property 'label' does not exist on type 'JSX.IntrinsicElements'.
components/ProjectAssets.tsx(7602,130): error TS2339: Property 'label' does not exist on type 'JSX.IntrinsicElements'.
components/ProjectAssets.tsx(7603,15): error TS2339: Property 'textarea' does not exist on type 'JSX.IntrinsicElements'.
components/ProjectAssets.tsx(7613,17): error TS2339: Property 'div' does not exist on type 'JSX.IntrinsicElements'.
components/ProjectAssets.tsx(7614,19): error TS2339: Property 'label' does not exist on type 'JSX.IntrinsicElements'.
components/ProjectAssets.tsx(7615,21): error TS2339: Property 'div' does not exist on type 'JSX.IntrinsicElements'.
components/ProjectAssets.tsx(7616,23): error TS2339: Property 'input' does not exist on type 'JSX.IntrinsicElements'.
components/ProjectAssets.tsx(7622,21): error TS2339: Property 'div' does not exist on type 'JSX.IntrinsicElements'.
components/ProjectAssets.tsx(7623,21): error TS2339: Property 'span' does not exist on type 'JSX.IntrinsicElements'.
components/ProjectAssets.tsx(7625,21): error TS2339: Property 'span' does not exist on type 'JSX.IntrinsicElements'.
components/ProjectAssets.tsx(7626,21): error TS2339: Property 'img' does not exist on type 'JSX.IntrinsicElements'.
components/ProjectAssets.tsx(7631,19): error TS2339: Property 'label' does not exist on type 'JSX.IntrinsicElements'.
components/ProjectAssets.tsx(7632,17): error TS2339: Property 'div' does not exist on type 'JSX.IntrinsicElements'.
components/ProjectAssets.tsx(7634,13): error TS2339: Property 'div' does not exist on type 'JSX.IntrinsicElements'.
components/ProjectAssets.tsx(7637,13): error TS2339: Property 'div' does not exist on type 'JSX.IntrinsicElements'.
components/ProjectAssets.tsx(7638,15): error TS2339: Property 'label' does not exist on type 'JSX.IntrinsicElements'.
components/ProjectAssets.tsx(7640,15): error TS2339: Property 'label' does not exist on type 'JSX.IntrinsicElements'.
components/ProjectAssets.tsx(7642,15): error TS2339: Property 'div' does not exist on type 'JSX.IntrinsicElements'.
components/ProjectAssets.tsx(7643,17): error TS2339: Property 'label' does not exist on type 'JSX.IntrinsicElements'.
components/ProjectAssets.tsx(7647,19): error TS2339: Property 'svg' does not exist on type 'JSX.IntrinsicElements'.
components/ProjectAssets.tsx(7648,21): error TS2339: Property 'path' does not exist on type 'JSX.IntrinsicElements'.
components/ProjectAssets.tsx(7649,19): error TS2339: Property 'svg' does not exist on type 'JSX.IntrinsicElements'.
components/ProjectAssets.tsx(7651,19): error TS2339: Property 'input' does not exist on type 'JSX.IntrinsicElements'.
components/ProjectAssets.tsx(7658,43): error TS2345: Argument of type '(prev: File[]) => unknown[]' is not assignable to parameter of type 'SetStateAction<File[]>'.
  Type '(prev: File[]) => unknown[]' is not assignable to type '(prevState: File[]) => File[]'.
    Type 'unknown[]' is not assignable to type 'File[]'.
      Type '{}' is missing the following properties from type 'File': lastModified, name, webkitRelativePath, size, and 6 more.
components/ProjectAssets.tsx(7662,17): error TS2339: Property 'label' does not exist on type 'JSX.IntrinsicElements'.
components/ProjectAssets.tsx(7664,17): error TS2339: Property 'button' does not exist on type 'JSX.IntrinsicElements'.
components/ProjectAssets.tsx(7675,19): error TS2339: Property 'svg' does not exist on type 'JSX.IntrinsicElements'.
components/ProjectAssets.tsx(7676,21): error TS2339: Property 'path' does not exist on type 'JSX.IntrinsicElements'.
components/ProjectAssets.tsx(7677,19): error TS2339: Property 'svg' does not exist on type 'JSX.IntrinsicElements'.
components/ProjectAssets.tsx(7679,17): error TS2339: Property 'button' does not exist on type 'JSX.IntrinsicElements'.
components/ProjectAssets.tsx(7682,19): error TS2339: Property 'div' does not exist on type 'JSX.IntrinsicElements'.
components/ProjectAssets.tsx(7683,21): error TS2339: Property 'div' does not exist on type 'JSX.IntrinsicElements'.
components/ProjectAssets.tsx(7685,23): error TS2339: Property 'span' does not exist on type 'JSX.IntrinsicElements'.
components/ProjectAssets.tsx(7685,74): error TS2339: Property 'span' does not exist on type 'JSX.IntrinsicElements'.
components/ProjectAssets.tsx(7686,23): error TS2339: Property 'button' does not exist on type 'JSX.IntrinsicElements'.
components/ProjectAssets.tsx(7691,25): error TS2339: Property 'svg' does not exist on type 'JSX.IntrinsicElements'.
components/ProjectAssets.tsx(7692,27): error TS2339: Property 'path' does not exist on type 'JSX.IntrinsicElements'.
components/ProjectAssets.tsx(7693,25): error TS2339: Property 'svg' does not exist on type 'JSX.IntrinsicElements'.
components/ProjectAssets.tsx(7694,23): error TS2339: Property 'button' does not exist on type 'JSX.IntrinsicElements'.
components/ProjectAssets.tsx(7695,21): error TS2339: Property 'div' does not exist on type 'JSX.IntrinsicElements'.
components/ProjectAssets.tsx(7696,19): error TS2339: Property 'div' does not exist on type 'JSX.IntrinsicElements'.
components/ProjectAssets.tsx(7698,15): error TS2339: Property 'div' does not exist on type 'JSX.IntrinsicElements'.
components/ProjectAssets.tsx(7699,15): error TS2339: Property 'p' does not exist on type 'JSX.IntrinsicElements'.
components/ProjectAssets.tsx(7701,15): error TS2339: Property 'p' does not exist on type 'JSX.IntrinsicElements'.
components/ProjectAssets.tsx(7702,13): error TS2339: Property 'div' does not exist on type 'JSX.IntrinsicElements'.
components/ProjectAssets.tsx(7705,13): error TS2339: Property 'div' does not exist on type 'JSX.IntrinsicElements'.
components/ProjectAssets.tsx(7706,15): error TS2339: Property 'div' does not exist on type 'JSX.IntrinsicElements'.
components/ProjectAssets.tsx(7707,17): error TS2339: Property 'label' does not exist on type 'JSX.IntrinsicElements'.
components/ProjectAssets.tsx(7707,119): error TS2339: Property 'label' does not exist on type 'JSX.IntrinsicElements'.
components/ProjectAssets.tsx(7708,17): error TS2339: Property 'div' does not exist on type 'JSX.IntrinsicElements'.
components/ProjectAssets.tsx(7710,21): error TS2339: Property 'button' does not exist on type 'JSX.IntrinsicElements'.
components/ProjectAssets.tsx(7720,21): error TS2339: Property 'button' does not exist on type 'JSX.IntrinsicElements'.
components/ProjectAssets.tsx(7722,17): error TS2339: Property 'div' does not exist on type 'JSX.IntrinsicElements'.
components/ProjectAssets.tsx(7723,15): error TS2339: Property 'div' does not exist on type 'JSX.IntrinsicElements'.
components/ProjectAssets.tsx(7724,15): error TS2339: Property 'div' does not exist on type 'JSX.IntrinsicElements'.
components/ProjectAssets.tsx(7726,19): error TS2339: Property 'div' does not exist on type 'JSX.IntrinsicElements'.
components/ProjectAssets.tsx(7738,21): error TS2339: Property 'div' does not exist on type 'JSX.IntrinsicElements'.
components/ProjectAssets.tsx(7745,23): error TS2339: Property 'svg' does not exist on type 'JSX.IntrinsicElements'.
components/ProjectAssets.tsx(7746,25): error TS2339: Property 'path' does not exist on type 'JSX.IntrinsicElements'.
components/ProjectAssets.tsx(7747,23): error TS2339: Property 'svg' does not exist on type 'JSX.IntrinsicElements'.
components/ProjectAssets.tsx(7748,21): error TS2339: Property 'div' does not exist on type 'JSX.IntrinsicElements'.
components/ProjectAssets.tsx(7749,21): error TS2339: Property 'input' does not exist on type 'JSX.IntrinsicElements'.
components/ProjectAssets.tsx(7756,21): error TS2339: Property 'select' does not exist on type 'JSX.IntrinsicElements'.
components/ProjectAssets.tsx(7761,23): error TS2339: Property 'option' does not exist on type 'JSX.IntrinsicElements'.
components/ProjectAssets.tsx(7761,48): error TS2339: Property 'option' does not exist on type 'JSX.IntrinsicElements'.
components/ProjectAssets.tsx(7762,23): error TS2339: Property 'option' does not exist on type 'JSX.IntrinsicElements'.
components/ProjectAssets.tsx(7762,50): error TS2339: Property 'option' does not exist on type 'JSX.IntrinsicElements'.
components/ProjectAssets.tsx(7763,23): error TS2339: Property 'option' does not exist on type 'JSX.IntrinsicElements'.
components/ProjectAssets.tsx(7763,50): error TS2339: Property 'option' does not exist on type 'JSX.IntrinsicElements'.
components/ProjectAssets.tsx(7764,23): error TS2339: Property 'option' does not exist on type 'JSX.IntrinsicElements'.
components/ProjectAssets.tsx(7764,56): error TS2339: Property 'option' does not exist on type 'JSX.IntrinsicElements'.
components/ProjectAssets.tsx(7765,23): error TS2339: Property 'option' does not exist on type 'JSX.IntrinsicElements'.
components/ProjectAssets.tsx(7765,52): error TS2339: Property 'option' does not exist on type 'JSX.IntrinsicElements'.
components/ProjectAssets.tsx(7766,23): error TS2339: Property 'option' does not exist on type 'JSX.IntrinsicElements'.
components/ProjectAssets.tsx(7766,56): error TS2339: Property 'option' does not exist on type 'JSX.IntrinsicElements'.
components/ProjectAssets.tsx(7767,21): error TS2339: Property 'select' does not exist on type 'JSX.IntrinsicElements'.
components/ProjectAssets.tsx(7768,21): error TS2339: Property 'label' does not exist on type 'JSX.IntrinsicElements'.
components/ProjectAssets.tsx(7769,23): error TS2339: Property 'input' does not exist on type 'JSX.IntrinsicElements'.
components/ProjectAssets.tsx(7776,21): error TS2339: Property 'label' does not exist on type 'JSX.IntrinsicElements'.
components/ProjectAssets.tsx(7777,21): error TS2339: Property 'button' does not exist on type 'JSX.IntrinsicElements'.
components/ProjectAssets.tsx(7789,23): error TS2339: Property 'svg' does not exist on type 'JSX.IntrinsicElements'.
components/ProjectAssets.tsx(7790,25): error TS2339: Property 'path' does not exist on type 'JSX.IntrinsicElements'.
components/ProjectAssets.tsx(7791,23): error TS2339: Property 'svg' does not exist on type 'JSX.IntrinsicElements'.
components/ProjectAssets.tsx(7792,21): error TS2339: Property 'button' does not exist on type 'JSX.IntrinsicElements'.
components/ProjectAssets.tsx(7793,19): error TS2339: Property 'div' does not exist on type 'JSX.IntrinsicElements'.
components/ProjectAssets.tsx(7795,15): error TS2339: Property 'div' does not exist on type 'JSX.IntrinsicElements'.
components/ProjectAssets.tsx(7796,13): error TS2339: Property 'div' does not exist on type 'JSX.IntrinsicElements'.
components/ProjectAssets.tsx(7799,13): error TS2339: Property 'div' does not exist on type 'JSX.IntrinsicElements'.
components/ProjectAssets.tsx(7800,15): error TS2339: Property 'div' does not exist on type 'JSX.IntrinsicElements'.
components/ProjectAssets.tsx(7801,35): error TS2339: Property 'span' does not exist on type 'JSX.IntrinsicElements'.
components/ProjectAssets.tsx(7801,81): error TS2339: Property 'span' does not exist on type 'JSX.IntrinsicElements'.
components/ProjectAssets.tsx(7802,41): error TS2339: Property 'span' does not exist on type 'JSX.IntrinsicElements'.
components/ProjectAssets.tsx(7802,95): error TS2339: Property 'span' does not exist on type 'JSX.IntrinsicElements'.
components/ProjectAssets.tsx(7803,15): error TS2339: Property 'div' does not exist on type 'JSX.IntrinsicElements'.
components/ProjectAssets.tsx(7804,15): error TS2339: Property 'button' does not exist on type 'JSX.IntrinsicElements'.
components/ProjectAssets.tsx(7814,19): error TS2339: Property 'svg' does not exist on type 'JSX.IntrinsicElements'.
components/ProjectAssets.tsx(7815,21): error TS2339: Property 'circle' does not exist on type 'JSX.IntrinsicElements'.
components/ProjectAssets.tsx(7816,21): error TS2339: Property 'path' does not exist on type 'JSX.IntrinsicElements'.
components/ProjectAssets.tsx(7817,19): error TS2339: Property 'svg' does not exist on type 'JSX.IntrinsicElements'.
components/ProjectAssets.tsx(7819,17): error TS2339: Property 'span' does not exist on type 'JSX.IntrinsicElements'.
components/ProjectAssets.tsx(7819,86): error TS2339: Property 'span' does not exist on type 'JSX.IntrinsicElements'.
components/ProjectAssets.tsx(7820,15): error TS2339: Property 'button' does not exist on type 'JSX.IntrinsicElements'.
components/ProjectAssets.tsx(7821,13): error TS2339: Property 'div' does not exist on type 'JSX.IntrinsicElements'.
components/ProjectAssets.tsx(7825,15): error TS2339: Property 'div' does not exist on type 'JSX.IntrinsicElements'.
components/ProjectAssets.tsx(7826,17): error TS2339: Property 'h4' does not exist on type 'JSX.IntrinsicElements'.
components/ProjectAssets.tsx(7826,117): error TS2339: Property 'h4' does not exist on type 'JSX.IntrinsicElements'.
components/ProjectAssets.tsx(7827,17): error TS2339: Property 'div' does not exist on type 'JSX.IntrinsicElements'.
components/ProjectAssets.tsx(7828,19): error TS2339: Property 'iframe' does not exist on type 'JSX.IntrinsicElements'.
components/ProjectAssets.tsx(7834,17): error TS2339: Property 'div' does not exist on type 'JSX.IntrinsicElements'.
components/ProjectAssets.tsx(7835,15): error TS2339: Property 'div' does not exist on type 'JSX.IntrinsicElements'.
components/ProjectAssets.tsx(7837,11): error TS2339: Property 'div' does not exist on type 'JSX.IntrinsicElements'.
components/ProjectAssets.tsx(7841,13): error TS2339: Property 'div' does not exist on type 'JSX.IntrinsicElements'.
components/ProjectAssets.tsx(7842,15): error TS2339: Property 'h3' does not exist on type 'JSX.IntrinsicElements'.
components/ProjectAssets.tsx(7842,122): error TS2339: Property 'h3' does not exist on type 'JSX.IntrinsicElements'.
components/ProjectAssets.tsx(7843,15): error TS2339: Property 'div' does not exist on type 'JSX.IntrinsicElements'.
components/ProjectAssets.tsx(7845,19): error TS2339: Property 'div' does not exist on type 'JSX.IntrinsicElements'.
components/ProjectAssets.tsx(7846,21): error TS2339: Property 'h4' does not exist on type 'JSX.IntrinsicElements'.
components/ProjectAssets.tsx(7846,127): error TS2339: Property 'h4' does not exist on type 'JSX.IntrinsicElements'.
components/ProjectAssets.tsx(7847,21): error TS2339: Property 'p' does not exist on type 'JSX.IntrinsicElements'.
components/ProjectAssets.tsx(7849,21): error TS2339: Property 'p' does not exist on type 'JSX.IntrinsicElements'.
components/ProjectAssets.tsx(7850,21): error TS2339: Property 'div' does not exist on type 'JSX.IntrinsicElements'.
components/ProjectAssets.tsx(7851,23): error TS2339: Property 'button' does not exist on type 'JSX.IntrinsicElements'.
components/ProjectAssets.tsx(7864,23): error TS2339: Property 'button' does not exist on type 'JSX.IntrinsicElements'.
components/ProjectAssets.tsx(7865,23): error TS2339: Property 'button' does not exist on type 'JSX.IntrinsicElements'.
components/ProjectAssets.tsx(7880,23): error TS2339: Property 'button' does not exist on type 'JSX.IntrinsicElements'.
components/ProjectAssets.tsx(7881,23): error TS2339: Property 'a' does not exist on type 'JSX.IntrinsicElements'.
components/ProjectAssets.tsx(7891,23): error TS2339: Property 'a' does not exist on type 'JSX.IntrinsicElements'.
components/ProjectAssets.tsx(7892,23): error TS2339: Property 'button' does not exist on type 'JSX.IntrinsicElements'.
components/ProjectAssets.tsx(7902,23): error TS2339: Property 'button' does not exist on type 'JSX.IntrinsicElements'.
components/ProjectAssets.tsx(7903,21): error TS2339: Property 'div' does not exist on type 'JSX.IntrinsicElements'.
components/ProjectAssets.tsx(7904,19): error TS2339: Property 'div' does not exist on type 'JSX.IntrinsicElements'.
components/ProjectAssets.tsx(7906,15): error TS2339: Property 'div' does not exist on type 'JSX.IntrinsicElements'.
components/ProjectAssets.tsx(7907,13): error TS2339: Property 'div' does not exist on type 'JSX.IntrinsicElements'.
components/ProjectAssets.tsx(7911,11): error TS2339: Property 'div' does not exist on type 'JSX.IntrinsicElements'.
components/ProjectAssets.tsx(7912,13): error TS2339: Property 'div' does not exist on type 'JSX.IntrinsicElements'.
components/ProjectAssets.tsx(7913,15): error TS2339: Property 'h3' does not exist on type 'JSX.IntrinsicElements'.
components/ProjectAssets.tsx(7913,116): error TS2339: Property 'h3' does not exist on type 'JSX.IntrinsicElements'.
components/ProjectAssets.tsx(7914,15): error TS2339: Property 'div' does not exist on type 'JSX.IntrinsicElements'.
components/ProjectAssets.tsx(7915,17): error TS2339: Property 'button' does not exist on type 'JSX.IntrinsicElements'.
components/ProjectAssets.tsx(7925,17): error TS2339: Property 'button' does not exist on type 'JSX.IntrinsicElements'.
components/ProjectAssets.tsx(7927,19): error TS2339: Property 'button' does not exist on type 'JSX.IntrinsicElements'.
components/ProjectAssets.tsx(7936,19): error TS2339: Property 'button' does not exist on type 'JSX.IntrinsicElements'.
components/ProjectAssets.tsx(7939,19): error TS2339: Property 'button' does not exist on type 'JSX.IntrinsicElements'.
components/ProjectAssets.tsx(7948,19): error TS2339: Property 'button' does not exist on type 'JSX.IntrinsicElements'.
components/ProjectAssets.tsx(7950,15): error TS2339: Property 'div' does not exist on type 'JSX.IntrinsicElements'.
components/ProjectAssets.tsx(7951,13): error TS2339: Property 'div' does not exist on type 'JSX.IntrinsicElements'.
components/ProjectAssets.tsx(7954,15): error TS2339: Property 'p' does not exist on type 'JSX.IntrinsicElements'.
components/ProjectAssets.tsx(7954,68): error TS2339: Property 'p' does not exist on type 'JSX.IntrinsicElements'.
components/ProjectAssets.tsx(7958,15): error TS2339: Property 'div' does not exist on type 'JSX.IntrinsicElements'.
components/ProjectAssets.tsx(7959,17): error TS2339: Property 'svg' does not exist on type 'JSX.IntrinsicElements'.
components/ProjectAssets.tsx(7960,19): error TS2339: Property 'circle' does not exist on type 'JSX.IntrinsicElements'.
components/ProjectAssets.tsx(7961,19): error TS2339: Property 'path' does not exist on type 'JSX.IntrinsicElements'.
components/ProjectAssets.tsx(7962,17): error TS2339: Property 'svg' does not exist on type 'JSX.IntrinsicElements'.
components/ProjectAssets.tsx(7963,15): error TS2339: Property 'div' does not exist on type 'JSX.IntrinsicElements'.
components/ProjectAssets.tsx(7965,15): error TS2339: Property 'div' does not exist on type 'JSX.IntrinsicElements'.
components/ProjectAssets.tsx(7966,17): error TS2339: Property 'svg' does not exist on type 'JSX.IntrinsicElements'.
components/ProjectAssets.tsx(7967,19): error TS2339: Property 'path' does not exist on type 'JSX.IntrinsicElements'.
components/ProjectAssets.tsx(7968,17): error TS2339: Property 'svg' does not exist on type 'JSX.IntrinsicElements'.
components/ProjectAssets.tsx(7969,17): error TS2339: Property 'p' does not exist on type 'JSX.IntrinsicElements'.
components/ProjectAssets.tsx(7969,61): error TS2339: Property 'p' does not exist on type 'JSX.IntrinsicElements'.
components/ProjectAssets.tsx(7970,17): error TS2339: Property 'p' does not exist on type 'JSX.IntrinsicElements'.
components/ProjectAssets.tsx(7970,102): error TS2339: Property 'p' does not exist on type 'JSX.IntrinsicElements'.
components/ProjectAssets.tsx(7971,15): error TS2339: Property 'div' does not exist on type 'JSX.IntrinsicElements'.
components/ProjectAssets.tsx(7973,15): error TS2339: Property 'div' does not exist on type 'JSX.IntrinsicElements'.
components/ProjectAssets.tsx(7977,21): error TS2339: Property 'div' does not exist on type 'JSX.IntrinsicElements'.
components/ProjectAssets.tsx(7981,23): error TS2339: Property 'div' does not exist on type 'JSX.IntrinsicElements'.
components/ProjectAssets.tsx(7985,25): error TS2339: Property 'div' does not exist on type 'JSX.IntrinsicElements'.
components/ProjectAssets.tsx(7986,27): error TS2339: Property 'div' does not exist on type 'JSX.IntrinsicElements'.
components/ProjectAssets.tsx(7988,27): error TS2339: Property 'div' does not exist on type 'JSX.IntrinsicElements'.
components/ProjectAssets.tsx(7989,27): error TS2339: Property 'div' does not exist on type 'JSX.IntrinsicElements'.
components/ProjectAssets.tsx(7990,29): error TS2339: Property 'p' does not exist on type 'JSX.IntrinsicElements'.
components/ProjectAssets.tsx(8002,29): error TS2339: Property 'p' does not exist on type 'JSX.IntrinsicElements'.
components/ProjectAssets.tsx(8003,29): error TS2339: Property 'p' does not exist on type 'JSX.IntrinsicElements'.
components/ProjectAssets.tsx(8005,29): error TS2339: Property 'p' does not exist on type 'JSX.IntrinsicElements'.
components/ProjectAssets.tsx(8006,27): error TS2339: Property 'div' does not exist on type 'JSX.IntrinsicElements'.
components/ProjectAssets.tsx(8007,25): error TS2339: Property 'div' does not exist on type 'JSX.IntrinsicElements'.
components/ProjectAssets.tsx(8008,25): error TS2339: Property 'div' does not exist on type 'JSX.IntrinsicElements'.
components/ProjectAssets.tsx(8018,31): error TS2339: Property 'button' does not exist on type 'JSX.IntrinsicElements'.
components/ProjectAssets.tsx(8033,35): error TS2339: Property 'svg' does not exist on type 'JSX.IntrinsicElements'.
components/ProjectAssets.tsx(8034,37): error TS2339: Property 'path' does not exist on type 'JSX.IntrinsicElements'.
components/ProjectAssets.tsx(8035,37): error TS2339: Property 'path' does not exist on type 'JSX.IntrinsicElements'.
components/ProjectAssets.tsx(8036,35): error TS2339: Property 'svg' does not exist on type 'JSX.IntrinsicElements'.
components/ProjectAssets.tsx(8038,35): error TS2339: Property 'svg' does not exist on type 'JSX.IntrinsicElements'.
components/ProjectAssets.tsx(8039,37): error TS2339: Property 'path' does not exist on type 'JSX.IntrinsicElements'.
components/ProjectAssets.tsx(8040,35): error TS2339: Property 'svg' does not exist on type 'JSX.IntrinsicElements'.
components/ProjectAssets.tsx(8042,31): error TS2339: Property 'button' does not exist on type 'JSX.IntrinsicElements'.
components/ProjectAssets.tsx(8045,27): error TS2339: Property 'button' does not exist on type 'JSX.IntrinsicElements'.
components/ProjectAssets.tsx(8059,29): error TS2339: Property 'svg' does not exist on type 'JSX.IntrinsicElements'.
components/ProjectAssets.tsx(8060,31): error TS2339: Property 'path' does not exist on type 'JSX.IntrinsicElements'.
components/ProjectAssets.tsx(8061,29): error TS2339: Property 'svg' does not exist on type 'JSX.IntrinsicElements'.
components/ProjectAssets.tsx(8062,27): error TS2339: Property 'button' does not exist on type 'JSX.IntrinsicElements'.
components/ProjectAssets.tsx(8063,27): error TS2339: Property 'svg' does not exist on type 'JSX.IntrinsicElements'.
components/ProjectAssets.tsx(8064,29): error TS2339: Property 'path' does not exist on type 'JSX.IntrinsicElements'.
components/ProjectAssets.tsx(8065,27): error TS2339: Property 'svg' does not exist on type 'JSX.IntrinsicElements'.
components/ProjectAssets.tsx(8066,25): error TS2339: Property 'div' does not exist on type 'JSX.IntrinsicElements'.
components/ProjectAssets.tsx(8067,23): error TS2339: Property 'div' does not exist on type 'JSX.IntrinsicElements'.
components/ProjectAssets.tsx(8069,25): error TS2339: Property 'div' does not exist on type 'JSX.IntrinsicElements'.
components/ProjectAssets.tsx(8070,27): error TS2339: Property 'div' does not exist on type 'JSX.IntrinsicElements'.
components/ProjectAssets.tsx(8072,31): error TS2339: Property 'div' does not exist on type 'JSX.IntrinsicElements'.
components/ProjectAssets.tsx(8073,33): error TS2339: Property 'span' does not exist on type 'JSX.IntrinsicElements'.
components/ProjectAssets.tsx(8073,122): error TS2339: Property 'span' does not exist on type 'JSX.IntrinsicElements'.
components/ProjectAssets.tsx(8074,33): error TS2339: Property 'span' does not exist on type 'JSX.IntrinsicElements'.
components/ProjectAssets.tsx(8074,112): error TS2339: Property 'span' does not exist on type 'JSX.IntrinsicElements'.
components/ProjectAssets.tsx(8075,31): error TS2339: Property 'div' does not exist on type 'JSX.IntrinsicElements'.
components/ProjectAssets.tsx(8077,27): error TS2339: Property 'div' does not exist on type 'JSX.IntrinsicElements'.
components/ProjectAssets.tsx(8078,27): error TS2339: Property 'p' does not exist on type 'JSX.IntrinsicElements'.
components/ProjectAssets.tsx(8080,27): error TS2339: Property 'p' does not exist on type 'JSX.IntrinsicElements'.
components/ProjectAssets.tsx(8081,25): error TS2339: Property 'div' does not exist on type 'JSX.IntrinsicElements'.
components/ProjectAssets.tsx(8083,21): error TS2339: Property 'div' does not exist on type 'JSX.IntrinsicElements'.
components/ProjectAssets.tsx(8086,15): error TS2339: Property 'div' does not exist on type 'JSX.IntrinsicElements'.
components/ProjectAssets.tsx(8088,11): error TS2339: Property 'div' does not exist on type 'JSX.IntrinsicElements'.
components/ProjectAssets.tsx(8089,9): error TS2339: Property 'div' does not exist on type 'JSX.IntrinsicElements'.
components/ProjectAssets.tsx(8095,11): error TS2339: Property 'div' does not exist on type 'JSX.IntrinsicElements'.
components/ProjectAssets.tsx(8099,13): error TS2339: Property 'div' does not exist on type 'JSX.IntrinsicElements'.
components/ProjectAssets.tsx(8103,15): error TS2339: Property 'div' does not exist on type 'JSX.IntrinsicElements'.
components/ProjectAssets.tsx(8104,17): error TS2339: Property 'div' does not exist on type 'JSX.IntrinsicElements'.
components/ProjectAssets.tsx(8105,19): error TS2339: Property 'div' does not exist on type 'JSX.IntrinsicElements'.
components/ProjectAssets.tsx(8106,21): error TS2339: Property 'div' does not exist on type 'JSX.IntrinsicElements'.
components/ProjectAssets.tsx(8106,133): error TS2339: Property 'div' does not exist on type 'JSX.IntrinsicElements'.
components/ProjectAssets.tsx(8107,21): error TS2339: Property 'div' does not exist on type 'JSX.IntrinsicElements'.
components/ProjectAssets.tsx(8107,159): error TS2339: Property 'div' does not exist on type 'JSX.IntrinsicElements'.
components/ProjectAssets.tsx(8108,19): error TS2339: Property 'div' does not exist on type 'JSX.IntrinsicElements'.
components/ProjectAssets.tsx(8109,19): error TS2339: Property 'button' does not exist on type 'JSX.IntrinsicElements'.
components/ProjectAssets.tsx(8115,19): error TS2339: Property 'button' does not exist on type 'JSX.IntrinsicElements'.
components/ProjectAssets.tsx(8116,17): error TS2339: Property 'div' does not exist on type 'JSX.IntrinsicElements'.
components/ProjectAssets.tsx(8117,15): error TS2339: Property 'div' does not exist on type 'JSX.IntrinsicElements'.
components/ProjectAssets.tsx(8119,15): error TS2339: Property 'div' does not exist on type 'JSX.IntrinsicElements'.
components/ProjectAssets.tsx(8120,17): error TS2339: Property 'div' does not exist on type 'JSX.IntrinsicElements'.
components/ProjectAssets.tsx(8121,19): error TS2339: Property 'label' does not exist on type 'JSX.IntrinsicElements'.
components/ProjectAssets.tsx(8122,21): error TS2339: Property 'span' does not exist on type 'JSX.IntrinsicElements'.
components/ProjectAssets.tsx(8122,32): error TS2339: Property 'span' does not exist on type 'JSX.IntrinsicElements'.
components/ProjectAssets.tsx(8123,21): error TS2339: Property 'input' does not exist on type 'JSX.IntrinsicElements'.
components/ProjectAssets.tsx(8130,19): error TS2339: Property 'label' does not exist on type 'JSX.IntrinsicElements'.
components/ProjectAssets.tsx(8132,19): error TS2339: Property 'label' does not exist on type 'JSX.IntrinsicElements'.
components/ProjectAssets.tsx(8133,21): error TS2339: Property 'span' does not exist on type 'JSX.IntrinsicElements'.
components/ProjectAssets.tsx(8133,31): error TS2339: Property 'span' does not exist on type 'JSX.IntrinsicElements'.
components/ProjectAssets.tsx(8134,21): error TS2339: Property 'input' does not exist on type 'JSX.IntrinsicElements'.
components/ProjectAssets.tsx(8141,21): error TS2339: Property 'span' does not exist on type 'JSX.IntrinsicElements'.
components/ProjectAssets.tsx(8141,146): error TS2339: Property 'span' does not exist on type 'JSX.IntrinsicElements'.
components/ProjectAssets.tsx(8142,19): error TS2339: Property 'label' does not exist on type 'JSX.IntrinsicElements'.
components/ProjectAssets.tsx(8144,19): error TS2339: Property 'button' does not exist on type 'JSX.IntrinsicElements'.
components/ProjectAssets.tsx(8154,19): error TS2339: Property 'button' does not exist on type 'JSX.IntrinsicElements'.
components/ProjectAssets.tsx(8155,19): error TS2339: Property 'button' does not exist on type 'JSX.IntrinsicElements'.
components/ProjectAssets.tsx(8165,19): error TS2339: Property 'button' does not exist on type 'JSX.IntrinsicElements'.
components/ProjectAssets.tsx(8167,19): error TS2339: Property 'button' does not exist on type 'JSX.IntrinsicElements'.
components/ProjectAssets.tsx(8177,19): error TS2339: Property 'button' does not exist on type 'JSX.IntrinsicElements'.
components/ProjectAssets.tsx(8180,21): error TS2339: Property 'input' does not exist on type 'JSX.IntrinsicElements'.
components/ProjectAssets.tsx(8188,19): error TS2339: Property 'button' does not exist on type 'JSX.IntrinsicElements'.
components/ProjectAssets.tsx(8201,19): error TS2339: Property 'button' does not exist on type 'JSX.IntrinsicElements'.
components/ProjectAssets.tsx(8203,19): error TS2339: Property 'button' does not exist on type 'JSX.IntrinsicElements'.
components/ProjectAssets.tsx(8216,19): error TS2339: Property 'button' does not exist on type 'JSX.IntrinsicElements'.
components/ProjectAssets.tsx(8218,19): error TS2339: Property 'button' does not exist on type 'JSX.IntrinsicElements'.
components/ProjectAssets.tsx(8234,19): error TS2339: Property 'button' does not exist on type 'JSX.IntrinsicElements'.
components/ProjectAssets.tsx(8236,19): error TS2339: Property 'div' does not exist on type 'JSX.IntrinsicElements'.
components/ProjectAssets.tsx(8237,21): error TS2339: Property 'button' does not exist on type 'JSX.IntrinsicElements'.
components/ProjectAssets.tsx(8257,21): error TS2339: Property 'button' does not exist on type 'JSX.IntrinsicElements'.
components/ProjectAssets.tsx(8258,19): error TS2339: Property 'div' does not exist on type 'JSX.IntrinsicElements'.
components/ProjectAssets.tsx(8259,17): error TS2339: Property 'div' does not exist on type 'JSX.IntrinsicElements'.
components/ProjectAssets.tsx(8262,19): error TS2339: Property 'p' does not exist on type 'JSX.IntrinsicElements'.
components/ProjectAssets.tsx(8262,79): error TS2339: Property 'p' does not exist on type 'JSX.IntrinsicElements'.
components/ProjectAssets.tsx(8265,17): error TS2339: Property 'div' does not exist on type 'JSX.IntrinsicElements'.
components/ProjectAssets.tsx(8266,19): error TS2339: Property 'div' does not exist on type 'JSX.IntrinsicElements'.
components/ProjectAssets.tsx(8267,21): error TS2339: Property 'canvas' does not exist on type 'JSX.IntrinsicElements'.
components/ProjectAssets.tsx(8275,19): error TS2339: Property 'div' does not exist on type 'JSX.IntrinsicElements'.
components/ProjectAssets.tsx(8276,17): error TS2339: Property 'div' does not exist on type 'JSX.IntrinsicElements'.
components/ProjectAssets.tsx(8277,15): error TS2339: Property 'div' does not exist on type 'JSX.IntrinsicElements'.
components/ProjectAssets.tsx(8278,13): error TS2339: Property 'div' does not exist on type 'JSX.IntrinsicElements'.
components/ProjectAssets.tsx(8279,11): error TS2339: Property 'div' does not exist on type 'JSX.IntrinsicElements'.
components/ProjectAssets.tsx(8285,11): error TS2339: Property 'div' does not exist on type 'JSX.IntrinsicElements'.
components/ProjectAssets.tsx(8292,13): error TS2339: Property 'div' does not exist on type 'JSX.IntrinsicElements'.
components/ProjectAssets.tsx(8296,15): error TS2339: Property 'div' does not exist on type 'JSX.IntrinsicElements'.
components/ProjectAssets.tsx(8297,17): error TS2339: Property 'div' does not exist on type 'JSX.IntrinsicElements'.
components/ProjectAssets.tsx(8298,19): error TS2339: Property 'div' does not exist on type 'JSX.IntrinsicElements'.
components/ProjectAssets.tsx(8299,21): error TS2339: Property 'div' does not exist on type 'JSX.IntrinsicElements'.
components/ProjectAssets.tsx(8299,131): error TS2339: Property 'div' does not exist on type 'JSX.IntrinsicElements'.
components/ProjectAssets.tsx(8300,21): error TS2339: Property 'div' does not exist on type 'JSX.IntrinsicElements'.
components/ProjectAssets.tsx(8300,160): error TS2339: Property 'div' does not exist on type 'JSX.IntrinsicElements'.
components/ProjectAssets.tsx(8301,19): error TS2339: Property 'div' does not exist on type 'JSX.IntrinsicElements'.
components/ProjectAssets.tsx(8302,19): error TS2339: Property 'button' does not exist on type 'JSX.IntrinsicElements'.
components/ProjectAssets.tsx(8309,19): error TS2339: Property 'button' does not exist on type 'JSX.IntrinsicElements'.
components/ProjectAssets.tsx(8310,17): error TS2339: Property 'div' does not exist on type 'JSX.IntrinsicElements'.
components/ProjectAssets.tsx(8311,17): error TS2339: Property 'div' does not exist on type 'JSX.IntrinsicElements'.
components/ProjectAssets.tsx(8312,19): error TS2339: Property 'input' does not exist on type 'JSX.IntrinsicElements'.
components/ProjectAssets.tsx(8319,21): error TS2339: Property 'span' does not exist on type 'JSX.IntrinsicElements'.
components/ProjectAssets.tsx(8319,110): error TS2339: Property 'span' does not exist on type 'JSX.IntrinsicElements'.
components/ProjectAssets.tsx(8321,17): error TS2339: Property 'div' does not exist on type 'JSX.IntrinsicElements'.
components/ProjectAssets.tsx(8322,15): error TS2339: Property 'div' does not exist on type 'JSX.IntrinsicElements'.
components/ProjectAssets.tsx(8324,15): error TS2339: Property 'div' does not exist on type 'JSX.IntrinsicElements'.
components/ProjectAssets.tsx(8326,19): error TS2339: Property 'div' does not exist on type 'JSX.IntrinsicElements'.
components/ProjectAssets.tsx(8326,119): error TS2339: Property 'div' does not exist on type 'JSX.IntrinsicElements'.
components/ProjectAssets.tsx(8328,19): error TS2339: Property 'div' does not exist on type 'JSX.IntrinsicElements'.
components/ProjectAssets.tsx(8330,23): error TS2339: Property 'button' does not exist on type 'JSX.IntrinsicElements'.
components/ProjectAssets.tsx(8352,25): error TS2339: Property 'div' does not exist on type 'JSX.IntrinsicElements'.
components/ProjectAssets.tsx(8353,27): error TS2339: Property 'img' does not exist on type 'JSX.IntrinsicElements'.
components/ProjectAssets.tsx(8354,25): error TS2339: Property 'div' does not exist on type 'JSX.IntrinsicElements'.
components/ProjectAssets.tsx(8355,25): error TS2339: Property 'div' does not exist on type 'JSX.IntrinsicElements'.
components/ProjectAssets.tsx(8355,132): error TS2339: Property 'div' does not exist on type 'JSX.IntrinsicElements'.
components/ProjectAssets.tsx(8356,23): error TS2339: Property 'button' does not exist on type 'JSX.IntrinsicElements'.
components/ProjectAssets.tsx(8358,19): error TS2339: Property 'div' does not exist on type 'JSX.IntrinsicElements'.
components/ProjectAssets.tsx(8360,15): error TS2339: Property 'div' does not exist on type 'JSX.IntrinsicElements'.
components/ProjectAssets.tsx(8361,13): error TS2339: Property 'div' does not exist on type 'JSX.IntrinsicElements'.
components/ProjectAssets.tsx(8362,11): error TS2339: Property 'div' does not exist on type 'JSX.IntrinsicElements'.
components/ProjectAssets.tsx(8368,11): error TS2339: Property 'div' does not exist on type 'JSX.IntrinsicElements'.
components/ProjectAssets.tsx(8369,13): error TS2339: Property 'div' does not exist on type 'JSX.IntrinsicElements'.
components/ProjectAssets.tsx(8370,15): error TS2339: Property 'div' does not exist on type 'JSX.IntrinsicElements'.
components/ProjectAssets.tsx(8371,17): error TS2339: Property 'div' does not exist on type 'JSX.IntrinsicElements'.
components/ProjectAssets.tsx(8372,19): error TS2339: Property 'div' does not exist on type 'JSX.IntrinsicElements'.
components/ProjectAssets.tsx(8373,21): error TS2339: Property 'div' does not exist on type 'JSX.IntrinsicElements'.
components/ProjectAssets.tsx(8374,23): error TS2339: Property 'div' does not exist on type 'JSX.IntrinsicElements'.
components/ProjectAssets.tsx(8375,25): error TS2339: Property 'img' does not exist on type 'JSX.IntrinsicElements'.
components/ProjectAssets.tsx(8376,25): error TS2339: Property 'h3' does not exist on type 'JSX.IntrinsicElements'.
components/ProjectAssets.tsx(8378,25): error TS2339: Property 'h3' does not exist on type 'JSX.IntrinsicElements'.
components/ProjectAssets.tsx(8379,23): error TS2339: Property 'div' does not exist on type 'JSX.IntrinsicElements'.
components/ProjectAssets.tsx(8381,25): error TS2339: Property 'span' does not exist on type 'JSX.IntrinsicElements'.
components/ProjectAssets.tsx(8381,139): error TS2339: Property 'span' does not exist on type 'JSX.IntrinsicElements'.
components/ProjectAssets.tsx(8387,29): error TS2339: Property 'span' does not exist on type 'JSX.IntrinsicElements'.
components/ProjectAssets.tsx(8388,31): error TS2339: Property 'svg' does not exist on type 'JSX.IntrinsicElements'.
components/ProjectAssets.tsx(8389,33): error TS2339: Property 'circle' does not exist on type 'JSX.IntrinsicElements'.
components/ProjectAssets.tsx(8390,33): error TS2339: Property 'path' does not exist on type 'JSX.IntrinsicElements'.
components/ProjectAssets.tsx(8391,31): error TS2339: Property 'svg' does not exist on type 'JSX.IntrinsicElements'.
components/ProjectAssets.tsx(8393,29): error TS2339: Property 'span' does not exist on type 'JSX.IntrinsicElements'.
components/ProjectAssets.tsx(8395,29): error TS2339: Property 'span' does not exist on type 'JSX.IntrinsicElements'.
components/ProjectAssets.tsx(8397,29): error TS2339: Property 'span' does not exist on type 'JSX.IntrinsicElements'.
components/ProjectAssets.tsx(8399,29): error TS2339: Property 'span' does not exist on type 'JSX.IntrinsicElements'.
components/ProjectAssets.tsx(8401,29): error TS2339: Property 'span' does not exist on type 'JSX.IntrinsicElements'.
components/ProjectAssets.tsx(8403,29): error TS2339: Property 'span' does not exist on type 'JSX.IntrinsicElements'.
components/ProjectAssets.tsx(8404,31): error TS2339: Property 'svg' does not exist on type 'JSX.IntrinsicElements'.
components/ProjectAssets.tsx(8405,33): error TS2339: Property 'path' does not exist on type 'JSX.IntrinsicElements'.
components/ProjectAssets.tsx(8406,31): error TS2339: Property 'svg' does not exist on type 'JSX.IntrinsicElements'.
components/ProjectAssets.tsx(8408,29): error TS2339: Property 'span' does not exist on type 'JSX.IntrinsicElements'.
components/ProjectAssets.tsx(8416,29): error TS2339: Property 'span' does not exist on type 'JSX.IntrinsicElements'.
components/ProjectAssets.tsx(8418,29): error TS2339: Property 'span' does not exist on type 'JSX.IntrinsicElements'.
components/ProjectAssets.tsx(8421,29): error TS2339: Property 'span' does not exist on type 'JSX.IntrinsicElements'.
components/ProjectAssets.tsx(8423,29): error TS2339: Property 'span' does not exist on type 'JSX.IntrinsicElements'.
components/ProjectAssets.tsx(8427,21): error TS2339: Property 'div' does not exist on type 'JSX.IntrinsicElements'.
components/ProjectAssets.tsx(8429,21): error TS2339: Property 'div' does not exist on type 'JSX.IntrinsicElements'.
components/ProjectAssets.tsx(8431,25): error TS2339: Property 'button' does not exist on type 'JSX.IntrinsicElements'.
components/ProjectAssets.tsx(8438,29): error TS2339: Property 'div' does not exist on type 'JSX.IntrinsicElements'.
components/ProjectAssets.tsx(8439,31): error TS2339: Property 'img' does not exist on type 'JSX.IntrinsicElements'.
components/ProjectAssets.tsx(8440,31): error TS2339: Property 'span' does not exist on type 'JSX.IntrinsicElements'.
components/ProjectAssets.tsx(8440,51): error TS2339: Property 'span' does not exist on type 'JSX.IntrinsicElements'.
components/ProjectAssets.tsx(8441,29): error TS2339: Property 'div' does not exist on type 'JSX.IntrinsicElements'.
components/ProjectAssets.tsx(8443,25): error TS2339: Property 'button' does not exist on type 'JSX.IntrinsicElements'.
components/ProjectAssets.tsx(8446,27): error TS2339: Property 'button' does not exist on type 'JSX.IntrinsicElements'.
components/ProjectAssets.tsx(8458,27): error TS2339: Property 'button' does not exist on type 'JSX.IntrinsicElements'.
components/ProjectAssets.tsx(8459,27): error TS2339: Property 'button' does not exist on type 'JSX.IntrinsicElements'.
components/ProjectAssets.tsx(8464,29): error TS2339: Property 'div' does not exist on type 'JSX.IntrinsicElements'.
components/ProjectAssets.tsx(8465,31): error TS2339: Property 'img' does not exist on type 'JSX.IntrinsicElements'.
components/ProjectAssets.tsx(8466,31): error TS2339: Property 'span' does not exist on type 'JSX.IntrinsicElements'.
components/ProjectAssets.tsx(8466,46): error TS2339: Property 'span' does not exist on type 'JSX.IntrinsicElements'.
components/ProjectAssets.tsx(8467,29): error TS2339: Property 'div' does not exist on type 'JSX.IntrinsicElements'.
components/ProjectAssets.tsx(8468,27): error TS2339: Property 'button' does not exist on type 'JSX.IntrinsicElements'.
components/ProjectAssets.tsx(8473,25): error TS2339: Property 'button' does not exist on type 'JSX.IntrinsicElements'.
components/ProjectAssets.tsx(8481,25): error TS2339: Property 'button' does not exist on type 'JSX.IntrinsicElements'.
components/ProjectAssets.tsx(8485,25): error TS2339: Property 'a' does not exist on type 'JSX.IntrinsicElements'.
components/ProjectAssets.tsx(8492,25): error TS2339: Property 'a' does not exist on type 'JSX.IntrinsicElements'.
components/ProjectAssets.tsx(8494,21): error TS2339: Property 'div' does not exist on type 'JSX.IntrinsicElements'.
components/ProjectAssets.tsx(8495,19): error TS2339: Property 'div' does not exist on type 'JSX.IntrinsicElements'.
components/ProjectAssets.tsx(8498,21): error TS2339: Property 'p' does not exist on type 'JSX.IntrinsicElements'.
components/ProjectAssets.tsx(8500,21): error TS2339: Property 'p' does not exist on type 'JSX.IntrinsicElements'.
components/ProjectAssets.tsx(8502,17): error TS2339: Property 'div' does not exist on type 'JSX.IntrinsicElements'.
components/ProjectAssets.tsx(8503,15): error TS2339: Property 'div' does not exist on type 'JSX.IntrinsicElements'.
components/ProjectAssets.tsx(8505,15): error TS2339: Property 'div' does not exist on type 'JSX.IntrinsicElements'.
components/ProjectAssets.tsx(8506,17): error TS2339: Property 'div' does not exist on type 'JSX.IntrinsicElements'.
components/ProjectAssets.tsx(8508,21): error TS2339: Property 'div' does not exist on type 'JSX.IntrinsicElements'.
components/ProjectAssets.tsx(8509,23): error TS2339: Property 'div' does not exist on type 'JSX.IntrinsicElements'.
components/ProjectAssets.tsx(8510,25): error TS2339: Property 'input' does not exist on type 'JSX.IntrinsicElements'.
components/ProjectAssets.tsx(8516,25): error TS2339: Property 'button' does not exist on type 'JSX.IntrinsicElements'.
components/ProjectAssets.tsx(8523,25): error TS2339: Property 'button' does not exist on type 'JSX.IntrinsicElements'.
components/ProjectAssets.tsx(8524,23): error TS2339: Property 'div' does not exist on type 'JSX.IntrinsicElements'.
components/ProjectAssets.tsx(8526,23): error TS2339: Property 'div' does not exist on type 'JSX.IntrinsicElements'.
components/ProjectAssets.tsx(8528,27): error TS2339: Property 'div' does not exist on type 'JSX.IntrinsicElements'.
components/ProjectAssets.tsx(8528,119): error TS2339: Property 'div' does not exist on type 'JSX.IntrinsicElements'.
components/ProjectAssets.tsx(8531,29): error TS2339: Property 'button' does not exist on type 'JSX.IntrinsicElements'.
components/ProjectAssets.tsx(8538,31): error TS2339: Property 'div' does not exist on type 'JSX.IntrinsicElements'.
components/ProjectAssets.tsx(8538,90): error TS2339: Property 'div' does not exist on type 'JSX.IntrinsicElements'.
components/ProjectAssets.tsx(8539,31): error TS2339: Property 'div' does not exist on type 'JSX.IntrinsicElements'.
components/ProjectAssets.tsx(8539,129): error TS2339: Property 'div' does not exist on type 'JSX.IntrinsicElements'.
components/ProjectAssets.tsx(8540,29): error TS2339: Property 'button' does not exist on type 'JSX.IntrinsicElements'.
components/ProjectAssets.tsx(8543,23): error TS2339: Property 'div' does not exist on type 'JSX.IntrinsicElements'.
components/ProjectAssets.tsx(8546,25): error TS2339: Property 'div' does not exist on type 'JSX.IntrinsicElements'.
components/ProjectAssets.tsx(8547,27): error TS2339: Property 'button' does not exist on type 'JSX.IntrinsicElements'.
components/ProjectAssets.tsx(8554,27): error TS2339: Property 'button' does not exist on type 'JSX.IntrinsicElements'.
components/ProjectAssets.tsx(8555,25): error TS2339: Property 'div' does not exist on type 'JSX.IntrinsicElements'.
components/ProjectAssets.tsx(8557,21): error TS2339: Property 'div' does not exist on type 'JSX.IntrinsicElements'.
components/ProjectAssets.tsx(8559,21): error TS2339: Property 'div' does not exist on type 'JSX.IntrinsicElements'.
components/ProjectAssets.tsx(8560,23): error TS2339: Property 'div' does not exist on type 'JSX.IntrinsicElements'.
components/ProjectAssets.tsx(8562,23): error TS2339: Property 'div' does not exist on type 'JSX.IntrinsicElements'.
components/ProjectAssets.tsx(8563,21): error TS2339: Property 'div' does not exist on type 'JSX.IntrinsicElements'.
components/ProjectAssets.tsx(8565,17): error TS2339: Property 'div' does not exist on type 'JSX.IntrinsicElements'.
components/ProjectAssets.tsx(8567,17): error TS2339: Property 'div' does not exist on type 'JSX.IntrinsicElements'.
components/ProjectAssets.tsx(8568,19): error TS2339: Property 'div' does not exist on type 'JSX.IntrinsicElements'.
components/ProjectAssets.tsx(8569,21): error TS2339: Property 'div' does not exist on type 'JSX.IntrinsicElements'.
components/ProjectAssets.tsx(8570,23): error TS2339: Property 'div' does not exist on type 'JSX.IntrinsicElements'.
components/ProjectAssets.tsx(8576,23): error TS2339: Property 'div' does not exist on type 'JSX.IntrinsicElements'.
components/ProjectAssets.tsx(8577,23): error TS2339: Property 'div' does not exist on type 'JSX.IntrinsicElements'.
components/ProjectAssets.tsx(8579,27): error TS2339: Property 'button' does not exist on type 'JSX.IntrinsicElements'.
components/ProjectAssets.tsx(8587,27): error TS2339: Property 'button' does not exist on type 'JSX.IntrinsicElements'.
components/ProjectAssets.tsx(8590,27): error TS2339: Property 'div' does not exist on type 'JSX.IntrinsicElements'.
components/ProjectAssets.tsx(8591,29): error TS2339: Property 'button' does not exist on type 'JSX.IntrinsicElements'.
components/ProjectAssets.tsx(8599,29): error TS2339: Property 'button' does not exist on type 'JSX.IntrinsicElements'.
components/ProjectAssets.tsx(8601,29): error TS2339: Property 'input' does not exist on type 'JSX.IntrinsicElements'.
components/ProjectAssets.tsx(8621,31): error TS2339: Property 'div' does not exist on type 'JSX.IntrinsicElements'.
components/ProjectAssets.tsx(8622,33): error TS2339: Property 'button' does not exist on type 'JSX.IntrinsicElements'.
components/ProjectAssets.tsx(8631,33): error TS2339: Property 'button' does not exist on type 'JSX.IntrinsicElements'.
components/ProjectAssets.tsx(8632,33): error TS2339: Property 'button' does not exist on type 'JSX.IntrinsicElements'.
components/ProjectAssets.tsx(8641,33): error TS2339: Property 'button' does not exist on type 'JSX.IntrinsicElements'.
components/ProjectAssets.tsx(8642,33): error TS2339: Property 'button' does not exist on type 'JSX.IntrinsicElements'.
components/ProjectAssets.tsx(8651,33): error TS2339: Property 'button' does not exist on type 'JSX.IntrinsicElements'.
components/ProjectAssets.tsx(8652,31): error TS2339: Property 'div' does not exist on type 'JSX.IntrinsicElements'.
components/ProjectAssets.tsx(8654,27): error TS2339: Property 'div' does not exist on type 'JSX.IntrinsicElements'.
components/ProjectAssets.tsx(8656,25): error TS2339: Property 'div' does not exist on type 'JSX.IntrinsicElements'.
components/ProjectAssets.tsx(8658,25): error TS2339: Property 'div' does not exist on type 'JSX.IntrinsicElements'.
components/ProjectAssets.tsx(8659,23): error TS2339: Property 'div' does not exist on type 'JSX.IntrinsicElements'.
components/ProjectAssets.tsx(8660,21): error TS2339: Property 'div' does not exist on type 'JSX.IntrinsicElements'.
components/ProjectAssets.tsx(8662,23): error TS2339: Property 'div' does not exist on type 'JSX.IntrinsicElements'.
components/ProjectAssets.tsx(8663,25): error TS2339: Property 'div' does not exist on type 'JSX.IntrinsicElements'.
components/ProjectAssets.tsx(8665,25): error TS2339: Property 'div' does not exist on type 'JSX.IntrinsicElements'.
components/ProjectAssets.tsx(8666,25): error TS2339: Property 'div' does not exist on type 'JSX.IntrinsicElements'.
components/ProjectAssets.tsx(8668,29): error TS2339: Property 'div' does not exist on type 'JSX.IntrinsicElements'.
components/ProjectAssets.tsx(8670,29): error TS2339: Property 'div' does not exist on type 'JSX.IntrinsicElements'.
components/ProjectAssets.tsx(8681,35): error TS2339: Property 'div' does not exist on type 'JSX.IntrinsicElements'.
components/ProjectAssets.tsx(8682,37): error TS2339: Property 'img' does not exist on type 'JSX.IntrinsicElements'.
components/ProjectAssets.tsx(8689,35): error TS2339: Property 'div' does not exist on type 'JSX.IntrinsicElements'.
components/ProjectAssets.tsx(8694,33): error TS2339: Property 'span' does not exist on type 'JSX.IntrinsicElements'.
components/ProjectAssets.tsx(8699,33): error TS2339: Property 'span' does not exist on type 'JSX.IntrinsicElements'.
components/ProjectAssets.tsx(8703,25): error TS2339: Property 'div' does not exist on type 'JSX.IntrinsicElements'.
components/ProjectAssets.tsx(8704,23): error TS2339: Property 'div' does not exist on type 'JSX.IntrinsicElements'.
components/ProjectAssets.tsx(8706,23): error TS2339: Property 'textarea' does not exist on type 'JSX.IntrinsicElements'.
components/ProjectAssets.tsx(8716,19): error TS2339: Property 'div' does not exist on type 'JSX.IntrinsicElements'.
components/ProjectAssets.tsx(8719,21): error TS2339: Property 'div' does not exist on type 'JSX.IntrinsicElements'.
components/ProjectAssets.tsx(8720,23): error TS2339: Property 'div' does not exist on type 'JSX.IntrinsicElements'.
components/ProjectAssets.tsx(8724,23): error TS2339: Property 'div' does not exist on type 'JSX.IntrinsicElements'.
components/ProjectAssets.tsx(8725,25): error TS2339: Property 'div' does not exist on type 'JSX.IntrinsicElements'.
components/ProjectAssets.tsx(8726,27): error TS2339: Property 'div' does not exist on type 'JSX.IntrinsicElements'.
components/ProjectAssets.tsx(8727,29): error TS2339: Property 'div' does not exist on type 'JSX.IntrinsicElements'.
components/ProjectAssets.tsx(8727,136): error TS2339: Property 'div' does not exist on type 'JSX.IntrinsicElements'.
components/ProjectAssets.tsx(8728,29): error TS2339: Property 'div' does not exist on type 'JSX.IntrinsicElements'.
components/ProjectAssets.tsx(8730,29): error TS2339: Property 'div' does not exist on type 'JSX.IntrinsicElements'.
components/ProjectAssets.tsx(8731,27): error TS2339: Property 'div' does not exist on type 'JSX.IntrinsicElements'.
components/ProjectAssets.tsx(8732,27): error TS2339: Property 'button' does not exist on type 'JSX.IntrinsicElements'.
components/ProjectAssets.tsx(8738,27): error TS2339: Property 'button' does not exist on type 'JSX.IntrinsicElements'.
components/ProjectAssets.tsx(8739,25): error TS2339: Property 'div' does not exist on type 'JSX.IntrinsicElements'.
components/ProjectAssets.tsx(8741,25): error TS2339: Property 'div' does not exist on type 'JSX.IntrinsicElements'.
components/ProjectAssets.tsx(8742,27): error TS2339: Property 'div' does not exist on type 'JSX.IntrinsicElements'.
components/ProjectAssets.tsx(8743,29): error TS2339: Property 'div' does not exist on type 'JSX.IntrinsicElements'.
components/ProjectAssets.tsx(8744,31): error TS2339: Property 'div' does not exist on type 'JSX.IntrinsicElements'.
components/ProjectAssets.tsx(8744,128): error TS2339: Property 'div' does not exist on type 'JSX.IntrinsicElements'.
components/ProjectAssets.tsx(8745,31): error TS2339: Property 'input' does not exist on type 'JSX.IntrinsicElements'.
components/ProjectAssets.tsx(8751,29): error TS2339: Property 'div' does not exist on type 'JSX.IntrinsicElements'.
components/ProjectAssets.tsx(8752,29): error TS2339: Property 'div' does not exist on type 'JSX.IntrinsicElements'.
components/ProjectAssets.tsx(8753,31): error TS2339: Property 'div' does not exist on type 'JSX.IntrinsicElements'.
components/ProjectAssets.tsx(8753,139): error TS2339: Property 'div' does not exist on type 'JSX.IntrinsicElements'.
components/ProjectAssets.tsx(8754,31): error TS2339: Property 'input' does not exist on type 'JSX.IntrinsicElements'.
components/ProjectAssets.tsx(8760,29): error TS2339: Property 'div' does not exist on type 'JSX.IntrinsicElements'.
components/ProjectAssets.tsx(8761,27): error TS2339: Property 'div' does not exist on type 'JSX.IntrinsicElements'.
components/ProjectAssets.tsx(8763,27): error TS2339: Property 'div' does not exist on type 'JSX.IntrinsicElements'.
components/ProjectAssets.tsx(8765,31): error TS2339: Property 'div' does not exist on type 'JSX.IntrinsicElements'.
components/ProjectAssets.tsx(8767,31): error TS2339: Property 'div' does not exist on type 'JSX.IntrinsicElements'.
components/ProjectAssets.tsx(8773,35): error TS2339: Property 'button' does not exist on type 'JSX.IntrinsicElements'.
components/ProjectAssets.tsx(8783,37): error TS2339: Property 'div' does not exist on type 'JSX.IntrinsicElements'.
components/ProjectAssets.tsx(8784,39): error TS2339: Property 'img' does not exist on type 'JSX.IntrinsicElements'.
components/ProjectAssets.tsx(8790,37): error TS2339: Property 'div' does not exist on type 'JSX.IntrinsicElements'.
components/ProjectAssets.tsx(8791,37): error TS2339: Property 'div' does not exist on type 'JSX.IntrinsicElements'.
components/ProjectAssets.tsx(8791,135): error TS2339: Property 'div' does not exist on type 'JSX.IntrinsicElements'.
components/ProjectAssets.tsx(8792,35): error TS2339: Property 'button' does not exist on type 'JSX.IntrinsicElements'.
components/ProjectAssets.tsx(8796,27): error TS2339: Property 'div' does not exist on type 'JSX.IntrinsicElements'.
components/ProjectAssets.tsx(8797,25): error TS2339: Property 'div' does not exist on type 'JSX.IntrinsicElements'.
components/ProjectAssets.tsx(8798,23): error TS2339: Property 'div' does not exist on type 'JSX.IntrinsicElements'.
components/ProjectAssets.tsx(8799,21): error TS2339: Property 'div' does not exist on type 'JSX.IntrinsicElements'.
components/ProjectAssets.tsx(8803,21): error TS2339: Property 'div' does not exist on type 'JSX.IntrinsicElements'.
components/ProjectAssets.tsx(8804,23): error TS2339: Property 'div' does not exist on type 'JSX.IntrinsicElements'.
components/ProjectAssets.tsx(8811,23): error TS2339: Property 'div' does not exist on type 'JSX.IntrinsicElements'.
components/ProjectAssets.tsx(8812,25): error TS2339: Property 'div' does not exist on type 'JSX.IntrinsicElements'.
components/ProjectAssets.tsx(8813,27): error TS2339: Property 'div' does not exist on type 'JSX.IntrinsicElements'.
components/ProjectAssets.tsx(8814,29): error TS2339: Property 'div' does not exist on type 'JSX.IntrinsicElements'.
components/ProjectAssets.tsx(8814,138): error TS2339: Property 'div' does not exist on type 'JSX.IntrinsicElements'.
components/ProjectAssets.tsx(8815,29): error TS2339: Property 'div' does not exist on type 'JSX.IntrinsicElements'.
components/ProjectAssets.tsx(8815,181): error TS2339: Property 'div' does not exist on type 'JSX.IntrinsicElements'.
components/ProjectAssets.tsx(8816,27): error TS2339: Property 'div' does not exist on type 'JSX.IntrinsicElements'.
components/ProjectAssets.tsx(8817,27): error TS2339: Property 'button' does not exist on type 'JSX.IntrinsicElements'.
components/ProjectAssets.tsx(8824,27): error TS2339: Property 'button' does not exist on type 'JSX.IntrinsicElements'.
components/ProjectAssets.tsx(8825,25): error TS2339: Property 'div' does not exist on type 'JSX.IntrinsicElements'.
components/ProjectAssets.tsx(8827,25): error TS2339: Property 'div' does not exist on type 'JSX.IntrinsicElements'.
components/ProjectAssets.tsx(8828,27): error TS2339: Property 'div' does not exist on type 'JSX.IntrinsicElements'.
components/ProjectAssets.tsx(8828,120): error TS2339: Property 'div' does not exist on type 'JSX.IntrinsicElements'.
components/ProjectAssets.tsx(8829,27): error TS2339: Property 'textarea' does not exist on type 'JSX.IntrinsicElements'.
components/ProjectAssets.tsx(8837,27): error TS2339: Property 'div' does not exist on type 'JSX.IntrinsicElements'.
components/ProjectAssets.tsx(8838,29): error TS2339: Property 'button' does not exist on type 'JSX.IntrinsicElements'.
components/ProjectAssets.tsx(8848,29): error TS2339: Property 'button' does not exist on type 'JSX.IntrinsicElements'.
components/ProjectAssets.tsx(8849,27): error TS2339: Property 'div' does not exist on type 'JSX.IntrinsicElements'.
components/ProjectAssets.tsx(8850,25): error TS2339: Property 'div' does not exist on type 'JSX.IntrinsicElements'.
components/ProjectAssets.tsx(8851,23): error TS2339: Property 'div' does not exist on type 'JSX.IntrinsicElements'.
components/ProjectAssets.tsx(8852,21): error TS2339: Property 'div' does not exist on type 'JSX.IntrinsicElements'.
components/ProjectAssets.tsx(8854,17): error TS2339: Property 'div' does not exist on type 'JSX.IntrinsicElements'.
components/ProjectAssets.tsx(8855,15): error TS2339: Property 'div' does not exist on type 'JSX.IntrinsicElements'.
components/ProjectAssets.tsx(8856,13): error TS2339: Property 'div' does not exist on type 'JSX.IntrinsicElements'.
components/ProjectAssets.tsx(8857,11): error TS2339: Property 'div' does not exist on type 'JSX.IntrinsicElements'.
components/ProjectAssets.tsx(8863,11): error TS2339: Property 'div' does not exist on type 'JSX.IntrinsicElements'.
components/ProjectAssets.tsx(8865,13): error TS2339: Property 'div' does not exist on type 'JSX.IntrinsicElements'.
components/ProjectAssets.tsx(8866,15): error TS2339: Property 'h3' does not exist on type 'JSX.IntrinsicElements'.
components/ProjectAssets.tsx(8866,125): error TS2339: Property 'h3' does not exist on type 'JSX.IntrinsicElements'.
components/ProjectAssets.tsx(8867,15): error TS2339: Property 'p' does not exist on type 'JSX.IntrinsicElements'.
components/ProjectAssets.tsx(8869,15): error TS2339: Property 'p' does not exist on type 'JSX.IntrinsicElements'.
components/ProjectAssets.tsx(8870,15): error TS2339: Property 'textarea' does not exist on type 'JSX.IntrinsicElements'.
components/ProjectAssets.tsx(8877,15): error TS2339: Property 'div' does not exist on type 'JSX.IntrinsicElements'.
components/ProjectAssets.tsx(8878,17): error TS2339: Property 'button' does not exist on type 'JSX.IntrinsicElements'.
components/ProjectAssets.tsx(8888,21): error TS2339: Property 'svg' does not exist on type 'JSX.IntrinsicElements'.
components/ProjectAssets.tsx(8889,23): error TS2339: Property 'circle' does not exist on type 'JSX.IntrinsicElements'.
components/ProjectAssets.tsx(8890,23): error TS2339: Property 'path' does not exist on type 'JSX.IntrinsicElements'.
components/ProjectAssets.tsx(8891,21): error TS2339: Property 'svg' does not exist on type 'JSX.IntrinsicElements'.
components/ProjectAssets.tsx(8893,19): error TS2339: Property 'span' does not exist on type 'JSX.IntrinsicElements'.
components/ProjectAssets.tsx(8893,79): error TS2339: Property 'span' does not exist on type 'JSX.IntrinsicElements'.
components/ProjectAssets.tsx(8894,17): error TS2339: Property 'button' does not exist on type 'JSX.IntrinsicElements'.
components/ProjectAssets.tsx(8895,15): error TS2339: Property 'div' does not exist on type 'JSX.IntrinsicElements'.
components/ProjectAssets.tsx(8897,17): error TS2339: Property 'p' does not exist on type 'JSX.IntrinsicElements'.
components/ProjectAssets.tsx(8897,69): error TS2339: Property 'p' does not exist on type 'JSX.IntrinsicElements'.
components/ProjectAssets.tsx(8900,17): error TS2339: Property 'div' does not exist on type 'JSX.IntrinsicElements'.
components/ProjectAssets.tsx(8901,19): error TS2339: Property 'h4' does not exist on type 'JSX.IntrinsicElements'.
components/ProjectAssets.tsx(8901,134): error TS2339: Property 'h4' does not exist on type 'JSX.IntrinsicElements'.
components/ProjectAssets.tsx(8903,21): error TS2339: Property 'p' does not exist on type 'JSX.IntrinsicElements'.
components/ProjectAssets.tsx(8903,126): error TS2339: Property 'p' does not exist on type 'JSX.IntrinsicElements'.
components/ProjectAssets.tsx(8905,19): error TS2339: Property 'div' does not exist on type 'JSX.IntrinsicElements'.
components/ProjectAssets.tsx(8909,19): error TS2339: Property 'div' does not exist on type 'JSX.IntrinsicElements'.
components/ProjectAssets.tsx(8910,19): error TS2339: Property 'div' does not exist on type 'JSX.IntrinsicElements'.
components/ProjectAssets.tsx(8912,23): error TS2339: Property 'button' does not exist on type 'JSX.IntrinsicElements'.
components/ProjectAssets.tsx(8927,25): error TS2339: Property 'svg' does not exist on type 'JSX.IntrinsicElements'.
components/ProjectAssets.tsx(8928,27): error TS2339: Property 'path' does not exist on type 'JSX.IntrinsicElements'.
components/ProjectAssets.tsx(8929,25): error TS2339: Property 'svg' does not exist on type 'JSX.IntrinsicElements'.
components/ProjectAssets.tsx(8931,23): error TS2339: Property 'button' does not exist on type 'JSX.IntrinsicElements'.
components/ProjectAssets.tsx(8934,23): error TS2339: Property 'span' does not exist on type 'JSX.IntrinsicElements'.
components/ProjectAssets.tsx(8936,23): error TS2339: Property 'span' does not exist on type 'JSX.IntrinsicElements'.
components/ProjectAssets.tsx(8938,19): error TS2339: Property 'div' does not exist on type 'JSX.IntrinsicElements'.
components/ProjectAssets.tsx(8939,17): error TS2339: Property 'div' does not exist on type 'JSX.IntrinsicElements'.
components/ProjectAssets.tsx(8941,13): error TS2339: Property 'div' does not exist on type 'JSX.IntrinsicElements'.
components/ProjectAssets.tsx(8942,11): error TS2339: Property 'div' does not exist on type 'JSX.IntrinsicElements'.
components/ProjectAssets.tsx(8948,11): error TS2339: Property 'div' does not exist on type 'JSX.IntrinsicElements'.
components/ProjectAssets.tsx(8949,13): error TS2339: Property 'div' does not exist on type 'JSX.IntrinsicElements'.
components/ProjectAssets.tsx(8950,15): error TS2339: Property 'h3' does not exist on type 'JSX.IntrinsicElements'.
components/ProjectAssets.tsx(8950,131): error TS2339: Property 'h3' does not exist on type 'JSX.IntrinsicElements'.
components/ProjectAssets.tsx(8951,15): error TS2339: Property 'p' does not exist on type 'JSX.IntrinsicElements'.
components/ProjectAssets.tsx(8953,15): error TS2339: Property 'p' does not exist on type 'JSX.IntrinsicElements'.
components/ProjectAssets.tsx(8954,15): error TS2339: Property 'textarea' does not exist on type 'JSX.IntrinsicElements'.
components/ProjectAssets.tsx(8961,15): error TS2339: Property 'div' does not exist on type 'JSX.IntrinsicElements'.
components/ProjectAssets.tsx(8962,17): error TS2339: Property 'div' does not exist on type 'JSX.IntrinsicElements'.
components/ProjectAssets.tsx(8963,19): error TS2339: Property 'span' does not exist on type 'JSX.IntrinsicElements'.
components/ProjectAssets.tsx(8963,91): error TS2339: Property 'span' does not exist on type 'JSX.IntrinsicElements'.
components/ProjectAssets.tsx(8964,19): error TS2339: Property 'div' does not exist on type 'JSX.IntrinsicElements'.
components/ProjectAssets.tsx(8971,23): error TS2339: Property 'button' does not exist on type 'JSX.IntrinsicElements'.
components/ProjectAssets.tsx(8985,23): error TS2339: Property 'button' does not exist on type 'JSX.IntrinsicElements'.
components/ProjectAssets.tsx(8987,19): error TS2339: Property 'div' does not exist on type 'JSX.IntrinsicElements'.
components/ProjectAssets.tsx(8988,17): error TS2339: Property 'div' does not exist on type 'JSX.IntrinsicElements'.
components/ProjectAssets.tsx(8989,17): error TS2339: Property 'div' does not exist on type 'JSX.IntrinsicElements'.
components/ProjectAssets.tsx(8990,19): error TS2339: Property 'span' does not exist on type 'JSX.IntrinsicElements'.
components/ProjectAssets.tsx(8990,92): error TS2339: Property 'span' does not exist on type 'JSX.IntrinsicElements'.
components/ProjectAssets.tsx(8991,19): error TS2339: Property 'div' does not exist on type 'JSX.IntrinsicElements'.
components/ProjectAssets.tsx(8997,23): error TS2339: Property 'button' does not exist on type 'JSX.IntrinsicElements'.
components/ProjectAssets.tsx(9011,23): error TS2339: Property 'button' does not exist on type 'JSX.IntrinsicElements'.
components/ProjectAssets.tsx(9013,19): error TS2339: Property 'div' does not exist on type 'JSX.IntrinsicElements'.
components/ProjectAssets.tsx(9014,17): error TS2339: Property 'div' does not exist on type 'JSX.IntrinsicElements'.
components/ProjectAssets.tsx(9015,15): error TS2339: Property 'div' does not exist on type 'JSX.IntrinsicElements'.
components/ProjectAssets.tsx(9016,15): error TS2339: Property 'div' does not exist on type 'JSX.IntrinsicElements'.
components/ProjectAssets.tsx(9017,17): error TS2339: Property 'button' does not exist on type 'JSX.IntrinsicElements'.
components/ProjectAssets.tsx(9027,21): error TS2339: Property 'svg' does not exist on type 'JSX.IntrinsicElements'.
components/ProjectAssets.tsx(9028,23): error TS2339: Property 'circle' does not exist on type 'JSX.IntrinsicElements'.
components/ProjectAssets.tsx(9029,23): error TS2339: Property 'path' does not exist on type 'JSX.IntrinsicElements'.
components/ProjectAssets.tsx(9030,21): error TS2339: Property 'svg' does not exist on type 'JSX.IntrinsicElements'.
components/ProjectAssets.tsx(9032,19): error TS2339: Property 'span' does not exist on type 'JSX.IntrinsicElements'.
components/ProjectAssets.tsx(9032,85): error TS2339: Property 'span' does not exist on type 'JSX.IntrinsicElements'.
components/ProjectAssets.tsx(9033,17): error TS2339: Property 'button' does not exist on type 'JSX.IntrinsicElements'.
components/ProjectAssets.tsx(9035,19): error TS2339: Property 'span' does not exist on type 'JSX.IntrinsicElements'.
components/ProjectAssets.tsx(9037,19): error TS2339: Property 'span' does not exist on type 'JSX.IntrinsicElements'.
components/ProjectAssets.tsx(9039,15): error TS2339: Property 'div' does not exist on type 'JSX.IntrinsicElements'.
components/ProjectAssets.tsx(9041,17): error TS2339: Property 'p' does not exist on type 'JSX.IntrinsicElements'.
components/ProjectAssets.tsx(9041,72): error TS2339: Property 'p' does not exist on type 'JSX.IntrinsicElements'.
components/ProjectAssets.tsx(9043,13): error TS2339: Property 'div' does not exist on type 'JSX.IntrinsicElements'.
components/ProjectAssets.tsx(9044,11): error TS2339: Property 'div' does not exist on type 'JSX.IntrinsicElements'.
components/ProjectAssets.tsx(9050,11): error TS2339: Property 'div' does not exist on type 'JSX.IntrinsicElements'.
components/ProjectAssets.tsx(9051,13): error TS2339: Property 'div' does not exist on type 'JSX.IntrinsicElements'.
components/ProjectAssets.tsx(9052,15): error TS2339: Property 'h3' does not exist on type 'JSX.IntrinsicElements'.
components/ProjectAssets.tsx(9054,15): error TS2339: Property 'h3' does not exist on type 'JSX.IntrinsicElements'.
components/ProjectAssets.tsx(9055,15): error TS2339: Property 'p' does not exist on type 'JSX.IntrinsicElements'.
components/ProjectAssets.tsx(9057,15): error TS2339: Property 'p' does not exist on type 'JSX.IntrinsicElements'.
components/ProjectAssets.tsx(9058,15): error TS2339: Property 'textarea' does not exist on type 'JSX.IntrinsicElements'.
components/ProjectAssets.tsx(9065,15): error TS2339: Property 'div' does not exist on type 'JSX.IntrinsicElements'.
components/ProjectAssets.tsx(9066,17): error TS2339: Property 'div' does not exist on type 'JSX.IntrinsicElements'.
components/ProjectAssets.tsx(9067,19): error TS2339: Property 'span' does not exist on type 'JSX.IntrinsicElements'.
components/ProjectAssets.tsx(9067,91): error TS2339: Property 'span' does not exist on type 'JSX.IntrinsicElements'.
components/ProjectAssets.tsx(9068,19): error TS2339: Property 'input' does not exist on type 'JSX.IntrinsicElements'.
components/ProjectAssets.tsx(9080,19): error TS2339: Property 'span' does not exist on type 'JSX.IntrinsicElements'.
components/ProjectAssets.tsx(9080,97): error TS2339: Property 'span' does not exist on type 'JSX.IntrinsicElements'.
components/ProjectAssets.tsx(9081,17): error TS2339: Property 'div' does not exist on type 'JSX.IntrinsicElements'.
components/ProjectAssets.tsx(9082,17): error TS2339: Property 'button' does not exist on type 'JSX.IntrinsicElements'.
components/ProjectAssets.tsx(9092,21): error TS2339: Property 'svg' does not exist on type 'JSX.IntrinsicElements'.
components/ProjectAssets.tsx(9093,23): error TS2339: Property 'circle' does not exist on type 'JSX.IntrinsicElements'.
components/ProjectAssets.tsx(9094,23): error TS2339: Property 'path' does not exist on type 'JSX.IntrinsicElements'.
components/ProjectAssets.tsx(9095,21): error TS2339: Property 'svg' does not exist on type 'JSX.IntrinsicElements'.
components/ProjectAssets.tsx(9097,19): error TS2339: Property 'span' does not exist on type 'JSX.IntrinsicElements'.
components/ProjectAssets.tsx(9097,79): error TS2339: Property 'span' does not exist on type 'JSX.IntrinsicElements'.
components/ProjectAssets.tsx(9098,17): error TS2339: Property 'button' does not exist on type 'JSX.IntrinsicElements'.
components/ProjectAssets.tsx(9099,15): error TS2339: Property 'div' does not exist on type 'JSX.IntrinsicElements'.
components/ProjectAssets.tsx(9101,17): error TS2339: Property 'p' does not exist on type 'JSX.IntrinsicElements'.
components/ProjectAssets.tsx(9101,69): error TS2339: Property 'p' does not exist on type 'JSX.IntrinsicElements'.
components/ProjectAssets.tsx(9104,17): error TS2339: Property 'p' does not exist on type 'JSX.IntrinsicElements'.
components/ProjectAssets.tsx(9104,77): error TS2339: Property 'p' does not exist on type 'JSX.IntrinsicElements'.
components/ProjectAssets.tsx(9107,17): error TS2339: Property 'div' does not exist on type 'JSX.IntrinsicElements'.
components/ProjectAssets.tsx(9108,19): error TS2339: Property 'h4' does not exist on type 'JSX.IntrinsicElements'.
components/ProjectAssets.tsx(9110,19): error TS2339: Property 'h4' does not exist on type 'JSX.IntrinsicElements'.
components/ProjectAssets.tsx(9111,19): error TS2339: Property 'div' does not exist on type 'JSX.IntrinsicElements'.
components/ProjectAssets.tsx(9116,25): error TS2339: Property 'div' does not exist on type 'JSX.IntrinsicElements'.
components/ProjectAssets.tsx(9124,27): error TS2339: Property 'div' does not exist on type 'JSX.IntrinsicElements'.
components/ProjectAssets.tsx(9125,29): error TS2339: Property 'img' does not exist on type 'JSX.IntrinsicElements'.
components/ProjectAssets.tsx(9130,27): error TS2339: Property 'div' does not exist on type 'JSX.IntrinsicElements'.
components/ProjectAssets.tsx(9131,27): error TS2339: Property 'div' does not exist on type 'JSX.IntrinsicElements'.
components/ProjectAssets.tsx(9132,29): error TS2339: Property 'span' does not exist on type 'JSX.IntrinsicElements'.
components/ProjectAssets.tsx(9140,29): error TS2339: Property 'span' does not exist on type 'JSX.IntrinsicElements'.
components/ProjectAssets.tsx(9141,29): error TS2339: Property 'a' does not exist on type 'JSX.IntrinsicElements'.
components/ProjectAssets.tsx(9151,29): error TS2339: Property 'a' does not exist on type 'JSX.IntrinsicElements'.
components/ProjectAssets.tsx(9152,27): error TS2339: Property 'div' does not exist on type 'JSX.IntrinsicElements'.
components/ProjectAssets.tsx(9153,25): error TS2339: Property 'div' does not exist on type 'JSX.IntrinsicElements'.
components/ProjectAssets.tsx(9155,19): error TS2339: Property 'div' does not exist on type 'JSX.IntrinsicElements'.
components/ProjectAssets.tsx(9156,17): error TS2339: Property 'div' does not exist on type 'JSX.IntrinsicElements'.
components/ProjectAssets.tsx(9160,17): error TS2339: Property 'div' does not exist on type 'JSX.IntrinsicElements'.
components/ProjectAssets.tsx(9164,19): error TS2339: Property 'div' does not exist on type 'JSX.IntrinsicElements'.
components/ProjectAssets.tsx(9168,21): error TS2339: Property 'div' does not exist on type 'JSX.IntrinsicElements'.
components/ProjectAssets.tsx(9169,23): error TS2339: Property 'div' does not exist on type 'JSX.IntrinsicElements'.
components/ProjectAssets.tsx(9171,23): error TS2339: Property 'div' does not exist on type 'JSX.IntrinsicElements'.
components/ProjectAssets.tsx(9172,23): error TS2339: Property 'div' does not exist on type 'JSX.IntrinsicElements'.
components/ProjectAssets.tsx(9174,23): error TS2339: Property 'div' does not exist on type 'JSX.IntrinsicElements'.
components/ProjectAssets.tsx(9175,21): error TS2339: Property 'div' does not exist on type 'JSX.IntrinsicElements'.
components/ProjectAssets.tsx(9177,21): error TS2339: Property 'div' does not exist on type 'JSX.IntrinsicElements'.
components/ProjectAssets.tsx(9178,23): error TS2339: Property 'input' does not exist on type 'JSX.IntrinsicElements'.
components/ProjectAssets.tsx(9196,23): error TS2339: Property 'div' does not exist on type 'JSX.IntrinsicElements'.
components/ProjectAssets.tsx(9197,25): error TS2339: Property 'button' does not exist on type 'JSX.IntrinsicElements'.
components/ProjectAssets.tsx(9203,25): error TS2339: Property 'button' does not exist on type 'JSX.IntrinsicElements'.
components/ProjectAssets.tsx(9204,25): error TS2339: Property 'button' does not exist on type 'JSX.IntrinsicElements'.
components/ProjectAssets.tsx(9216,25): error TS2339: Property 'button' does not exist on type 'JSX.IntrinsicElements'.
components/ProjectAssets.tsx(9217,23): error TS2339: Property 'div' does not exist on type 'JSX.IntrinsicElements'.
components/ProjectAssets.tsx(9218,21): error TS2339: Property 'div' does not exist on type 'JSX.IntrinsicElements'.
components/ProjectAssets.tsx(9219,19): error TS2339: Property 'div' does not exist on type 'JSX.IntrinsicElements'.
components/ProjectAssets.tsx(9220,17): error TS2339: Property 'div' does not exist on type 'JSX.IntrinsicElements'.
components/ProjectAssets.tsx(9222,13): error TS2339: Property 'div' does not exist on type 'JSX.IntrinsicElements'.
components/ProjectAssets.tsx(9223,11): error TS2339: Property 'div' does not exist on type 'JSX.IntrinsicElements'.
components/ProjectAssets.tsx(9229,11): error TS2339: Property 'div' does not exist on type 'JSX.IntrinsicElements'.
components/ProjectAssets.tsx(9230,13): error TS2339: Property 'div' does not exist on type 'JSX.IntrinsicElements'.
components/ProjectAssets.tsx(9231,15): error TS2339: Property 'div' does not exist on type 'JSX.IntrinsicElements'.
components/ProjectAssets.tsx(9232,17): error TS2339: Property 'div' does not exist on type 'JSX.IntrinsicElements'.
components/ProjectAssets.tsx(9233,19): error TS2339: Property 'h3' does not exist on type 'JSX.IntrinsicElements'.
components/ProjectAssets.tsx(9235,19): error TS2339: Property 'h3' does not exist on type 'JSX.IntrinsicElements'.
components/ProjectAssets.tsx(9236,19): error TS2339: Property 'p' does not exist on type 'JSX.IntrinsicElements'.
components/ProjectAssets.tsx(9238,19): error TS2339: Property 'p' does not exist on type 'JSX.IntrinsicElements'.
components/ProjectAssets.tsx(9239,17): error TS2339: Property 'div' does not exist on type 'JSX.IntrinsicElements'.
components/ProjectAssets.tsx(9240,15): error TS2339: Property 'div' does not exist on type 'JSX.IntrinsicElements'.
components/ProjectAssets.tsx(9242,15): error TS2339: Property 'textarea' does not exist on type 'JSX.IntrinsicElements'.
components/ProjectAssets.tsx(9250,15): error TS2339: Property 'div' does not exist on type 'JSX.IntrinsicElements'.
components/ProjectAssets.tsx(9251,17): error TS2339: Property 'div' does not exist on type 'JSX.IntrinsicElements'.
components/ProjectAssets.tsx(9253,21): error TS2339: Property 'button' does not exist on type 'JSX.IntrinsicElements'.
components/ProjectAssets.tsx(9260,25): error TS2339: Property 'div' does not exist on type 'JSX.IntrinsicElements'.
components/ProjectAssets.tsx(9261,27): error TS2339: Property 'img' does not exist on type 'JSX.IntrinsicElements'.
components/ProjectAssets.tsx(9262,27): error TS2339: Property 'span' does not exist on type 'JSX.IntrinsicElements'.
components/ProjectAssets.tsx(9262,47): error TS2339: Property 'span' does not exist on type 'JSX.IntrinsicElements'.
components/ProjectAssets.tsx(9263,25): error TS2339: Property 'div' does not exist on type 'JSX.IntrinsicElements'.
components/ProjectAssets.tsx(9265,21): error TS2339: Property 'button' does not exist on type 'JSX.IntrinsicElements'.
components/ProjectAssets.tsx(9268,23): error TS2339: Property 'button' does not exist on type 'JSX.IntrinsicElements'.
components/ProjectAssets.tsx(9280,27): error TS2339: Property 'div' does not exist on type 'JSX.IntrinsicElements'.
components/ProjectAssets.tsx(9281,29): error TS2339: Property 'img' does not exist on type 'JSX.IntrinsicElements'.
components/ProjectAssets.tsx(9282,29): error TS2339: Property 'span' does not exist on type 'JSX.IntrinsicElements'.
components/ProjectAssets.tsx(9282,47): error TS2339: Property 'span' does not exist on type 'JSX.IntrinsicElements'.
components/ProjectAssets.tsx(9283,27): error TS2339: Property 'div' does not exist on type 'JSX.IntrinsicElements'.
components/ProjectAssets.tsx(9285,23): error TS2339: Property 'button' does not exist on type 'JSX.IntrinsicElements'.
components/ProjectAssets.tsx(9288,25): error TS2339: Property 'select' does not exist on type 'JSX.IntrinsicElements'.
components/ProjectAssets.tsx(9295,29): error TS2339: Property 'option' does not exist on type 'JSX.IntrinsicElements'.
components/ProjectAssets.tsx(9297,29): error TS2339: Property 'option' does not exist on type 'JSX.IntrinsicElements'.
components/ProjectAssets.tsx(9299,25): error TS2339: Property 'select' does not exist on type 'JSX.IntrinsicElements'.
components/ProjectAssets.tsx(9302,23): error TS2339: Property 'button' does not exist on type 'JSX.IntrinsicElements'.
components/ProjectAssets.tsx(9314,23): error TS2339: Property 'button' does not exist on type 'JSX.IntrinsicElements'.
components/ProjectAssets.tsx(9315,23): error TS2339: Property 'button' does not exist on type 'JSX.IntrinsicElements'.
components/ProjectAssets.tsx(9327,23): error TS2339: Property 'button' does not exist on type 'JSX.IntrinsicElements'.
components/ProjectAssets.tsx(9328,23): error TS2339: Property 'button' does not exist on type 'JSX.IntrinsicElements'.
components/ProjectAssets.tsx(9333,25): error TS2339: Property 'div' does not exist on type 'JSX.IntrinsicElements'.
components/ProjectAssets.tsx(9334,27): error TS2339: Property 'img' does not exist on type 'JSX.IntrinsicElements'.
components/ProjectAssets.tsx(9335,27): error TS2339: Property 'span' does not exist on type 'JSX.IntrinsicElements'.
components/ProjectAssets.tsx(9335,42): error TS2339: Property 'span' does not exist on type 'JSX.IntrinsicElements'.
components/ProjectAssets.tsx(9336,25): error TS2339: Property 'div' does not exist on type 'JSX.IntrinsicElements'.
components/ProjectAssets.tsx(9337,23): error TS2339: Property 'button' does not exist on type 'JSX.IntrinsicElements'.
components/ProjectAssets.tsx(9343,29): error TS2339: Property 'span' does not exist on type 'JSX.IntrinsicElements'.
components/ProjectAssets.tsx(9344,31): error TS2339: Property 'svg' does not exist on type 'JSX.IntrinsicElements'.
components/ProjectAssets.tsx(9345,33): error TS2339: Property 'circle' does not exist on type 'JSX.IntrinsicElements'.
components/ProjectAssets.tsx(9346,33): error TS2339: Property 'path' does not exist on type 'JSX.IntrinsicElements'.
components/ProjectAssets.tsx(9347,31): error TS2339: Property 'svg' does not exist on type 'JSX.IntrinsicElements'.
components/ProjectAssets.tsx(9349,29): error TS2339: Property 'span' does not exist on type 'JSX.IntrinsicElements'.
components/ProjectAssets.tsx(9351,29): error TS2339: Property 'span' does not exist on type 'JSX.IntrinsicElements'.
components/ProjectAssets.tsx(9353,29): error TS2339: Property 'span' does not exist on type 'JSX.IntrinsicElements'.
components/ProjectAssets.tsx(9355,29): error TS2339: Property 'span' does not exist on type 'JSX.IntrinsicElements'.
components/ProjectAssets.tsx(9357,29): error TS2339: Property 'span' does not exist on type 'JSX.IntrinsicElements'.
components/ProjectAssets.tsx(9359,29): error TS2339: Property 'span' does not exist on type 'JSX.IntrinsicElements'.
components/ProjectAssets.tsx(9360,31): error TS2339: Property 'svg' does not exist on type 'JSX.IntrinsicElements'.
components/ProjectAssets.tsx(9361,33): error TS2339: Property 'path' does not exist on type 'JSX.IntrinsicElements'.
components/ProjectAssets.tsx(9362,31): error TS2339: Property 'svg' does not exist on type 'JSX.IntrinsicElements'.
components/ProjectAssets.tsx(9364,29): error TS2339: Property 'span' does not exist on type 'JSX.IntrinsicElements'.
components/ProjectAssets.tsx(9370,17): error TS2339: Property 'div' does not exist on type 'JSX.IntrinsicElements'.
components/ProjectAssets.tsx(9372,17): error TS2339: Property 'div' does not exist on type 'JSX.IntrinsicElements'.
components/ProjectAssets.tsx(9373,19): error TS2339: Property 'button' does not exist on type 'JSX.IntrinsicElements'.
components/ProjectAssets.tsx(9383,23): error TS2339: Property 'svg' does not exist on type 'JSX.IntrinsicElements'.
components/ProjectAssets.tsx(9384,25): error TS2339: Property 'circle' does not exist on type 'JSX.IntrinsicElements'.
components/ProjectAssets.tsx(9385,25): error TS2339: Property 'path' does not exist on type 'JSX.IntrinsicElements'.
components/ProjectAssets.tsx(9386,23): error TS2339: Property 'svg' does not exist on type 'JSX.IntrinsicElements'.
components/ProjectAssets.tsx(9388,21): error TS2339: Property 'span' does not exist on type 'JSX.IntrinsicElements'.
components/ProjectAssets.tsx(9388,77): error TS2339: Property 'span' does not exist on type 'JSX.IntrinsicElements'.
components/ProjectAssets.tsx(9389,19): error TS2339: Property 'button' does not exist on type 'JSX.IntrinsicElements'.
components/ProjectAssets.tsx(9390,17): error TS2339: Property 'div' does not exist on type 'JSX.IntrinsicElements'.
components/ProjectAssets.tsx(9391,15): error TS2339: Property 'div' does not exist on type 'JSX.IntrinsicElements'.
components/ProjectAssets.tsx(9394,17): error TS2339: Property 'div' does not exist on type 'JSX.IntrinsicElements'.
components/ProjectAssets.tsx(9395,34): error TS2339: Property 'p' does not exist on type 'JSX.IntrinsicElements'.
components/ProjectAssets.tsx(9395,82): error TS2339: Property 'p' does not exist on type 'JSX.IntrinsicElements'.
components/ProjectAssets.tsx(9397,21): error TS2339: Property 'p' does not exist on type 'JSX.IntrinsicElements'.
components/ProjectAssets.tsx(9397,139): error TS2339: Property 'p' does not exist on type 'JSX.IntrinsicElements'.
components/ProjectAssets.tsx(9399,17): error TS2339: Property 'div' does not exist on type 'JSX.IntrinsicElements'.
components/ProjectAssets.tsx(9403,17): error TS2339: Property 'div' does not exist on type 'JSX.IntrinsicElements'.
components/ProjectAssets.tsx(9406,19): error TS2339: Property 'div' does not exist on type 'JSX.IntrinsicElements'.
components/ProjectAssets.tsx(9408,19): error TS2339: Property 'div' does not exist on type 'JSX.IntrinsicElements'.
components/ProjectAssets.tsx(9409,17): error TS2339: Property 'div' does not exist on type 'JSX.IntrinsicElements'.
components/ProjectAssets.tsx(9413,17): error TS2339: Property 'div' does not exist on type 'JSX.IntrinsicElements'.
components/ProjectAssets.tsx(9424,19): error TS2339: Property 'div' does not exist on type 'JSX.IntrinsicElements'.
components/ProjectAssets.tsx(9425,21): error TS2339: Property 'button' does not exist on type 'JSX.IntrinsicElements'.
components/ProjectAssets.tsx(9436,25): error TS2339: Property 'svg' does not exist on type 'JSX.IntrinsicElements'.
components/ProjectAssets.tsx(9437,27): error TS2339: Property 'circle' does not exist on type 'JSX.IntrinsicElements'.
components/ProjectAssets.tsx(9438,27): error TS2339: Property 'path' does not exist on type 'JSX.IntrinsicElements'.
components/ProjectAssets.tsx(9439,25): error TS2339: Property 'svg' does not exist on type 'JSX.IntrinsicElements'.
components/ProjectAssets.tsx(9441,23): error TS2339: Property 'span' does not exist on type 'JSX.IntrinsicElements'.
components/ProjectAssets.tsx(9441,69): error TS2339: Property 'span' does not exist on type 'JSX.IntrinsicElements'.
components/ProjectAssets.tsx(9442,21): error TS2339: Property 'button' does not exist on type 'JSX.IntrinsicElements'.
components/ProjectAssets.tsx(9443,21): error TS2339: Property 'button' does not exist on type 'JSX.IntrinsicElements'.
components/ProjectAssets.tsx(9449,23): error TS2339: Property 'svg' does not exist on type 'JSX.IntrinsicElements'.
components/ProjectAssets.tsx(9450,25): error TS2339: Property 'path' does not exist on type 'JSX.IntrinsicElements'.
components/ProjectAssets.tsx(9451,23): error TS2339: Property 'svg' does not exist on type 'JSX.IntrinsicElements'.
components/ProjectAssets.tsx(9453,21): error TS2339: Property 'button' does not exist on type 'JSX.IntrinsicElements'.
components/ProjectAssets.tsx(9454,21): error TS2339: Property 'button' does not exist on type 'JSX.IntrinsicElements'.
components/ProjectAssets.tsx(9461,21): error TS2339: Property 'button' does not exist on type 'JSX.IntrinsicElements'.
components/ProjectAssets.tsx(9462,21): error TS2339: Property 'button' does not exist on type 'JSX.IntrinsicElements'.
components/ProjectAssets.tsx(9468,21): error TS2339: Property 'button' does not exist on type 'JSX.IntrinsicElements'.
components/ProjectAssets.tsx(9469,19): error TS2339: Property 'div' does not exist on type 'JSX.IntrinsicElements'.
components/ProjectAssets.tsx(9472,21): error TS2339: Property 'div' does not exist on type 'JSX.IntrinsicElements'.
components/ProjectAssets.tsx(9473,23): error TS2339: Property 'div' does not exist on type 'JSX.IntrinsicElements'.
components/ProjectAssets.tsx(9473,121): error TS2339: Property 'div' does not exist on type 'JSX.IntrinsicElements'.
components/ProjectAssets.tsx(9474,23): error TS2339: Property 'div' does not exist on type 'JSX.IntrinsicElements'.
components/ProjectAssets.tsx(9484,27): error TS2339: Property 'button' does not exist on type 'JSX.IntrinsicElements'.
components/ProjectAssets.tsx(9498,27): error TS2339: Property 'button' does not exist on type 'JSX.IntrinsicElements'.
components/ProjectAssets.tsx(9500,23): error TS2339: Property 'div' does not exist on type 'JSX.IntrinsicElements'.
components/ProjectAssets.tsx(9502,38): error TS2339: Property 'p' does not exist on type 'JSX.IntrinsicElements'.
components/ProjectAssets.tsx(9502,91): error TS2339: Property 'p' does not exist on type 'JSX.IntrinsicElements'.
components/ProjectAssets.tsx(9505,25): error TS2339: Property 'div' does not exist on type 'JSX.IntrinsicElements'.
components/ProjectAssets.tsx(9512,27): error TS2339: Property 'iframe' does not exist on type 'JSX.IntrinsicElements'.
components/ProjectAssets.tsx(9513,25): error TS2339: Property 'div' does not exist on type 'JSX.IntrinsicElements'.
components/ProjectAssets.tsx(9515,21): error TS2339: Property 'div' does not exist on type 'JSX.IntrinsicElements'.
components/ProjectAssets.tsx(9517,17): error TS2339: Property 'div' does not exist on type 'JSX.IntrinsicElements'.
components/ProjectAssets.tsx(9521,17): error TS2339: Property 'div' does not exist on type 'JSX.IntrinsicElements'.
components/ProjectAssets.tsx(9532,17): error TS2339: Property 'div' does not exist on type 'JSX.IntrinsicElements'.
components/ProjectAssets.tsx(9534,13): error TS2339: Property 'div' does not exist on type 'JSX.IntrinsicElements'.
components/ProjectAssets.tsx(9537,15): error TS2339: Property 'div' does not exist on type 'JSX.IntrinsicElements'.
components/ProjectAssets.tsx(9541,17): error TS2339: Property 'div' does not exist on type 'JSX.IntrinsicElements'.
components/ProjectAssets.tsx(9545,19): error TS2339: Property 'div' does not exist on type 'JSX.IntrinsicElements'.
components/ProjectAssets.tsx(9546,21): error TS2339: Property 'div' does not exist on type 'JSX.IntrinsicElements'.
components/ProjectAssets.tsx(9547,23): error TS2339: Property 'div' does not exist on type 'JSX.IntrinsicElements'.
components/ProjectAssets.tsx(9548,25): error TS2339: Property 'div' does not exist on type 'JSX.IntrinsicElements'.
components/ProjectAssets.tsx(9548,138): error TS2339: Property 'div' does not exist on type 'JSX.IntrinsicElements'.
components/ProjectAssets.tsx(9549,25): error TS2339: Property 'div' does not exist on type 'JSX.IntrinsicElements'.
components/ProjectAssets.tsx(9549,155): error TS2339: Property 'div' does not exist on type 'JSX.IntrinsicElements'.
components/ProjectAssets.tsx(9550,23): error TS2339: Property 'div' does not exist on type 'JSX.IntrinsicElements'.
components/ProjectAssets.tsx(9551,23): error TS2339: Property 'button' does not exist on type 'JSX.IntrinsicElements'.
components/ProjectAssets.tsx(9557,23): error TS2339: Property 'button' does not exist on type 'JSX.IntrinsicElements'.
components/ProjectAssets.tsx(9558,21): error TS2339: Property 'div' does not exist on type 'JSX.IntrinsicElements'.
components/ProjectAssets.tsx(9559,21): error TS2339: Property 'div' does not exist on type 'JSX.IntrinsicElements'.
components/ProjectAssets.tsx(9560,23): error TS2339: Property 'input' does not exist on type 'JSX.IntrinsicElements'.
components/ProjectAssets.tsx(9566,23): error TS2339: Property 'button' does not exist on type 'JSX.IntrinsicElements'.
components/ProjectAssets.tsx(9573,23): error TS2339: Property 'button' does not exist on type 'JSX.IntrinsicElements'.
components/ProjectAssets.tsx(9574,21): error TS2339: Property 'div' does not exist on type 'JSX.IntrinsicElements'.
components/ProjectAssets.tsx(9575,19): error TS2339: Property 'div' does not exist on type 'JSX.IntrinsicElements'.
components/ProjectAssets.tsx(9577,19): error TS2339: Property 'div' does not exist on type 'JSX.IntrinsicElements'.
components/ProjectAssets.tsx(9579,23): error TS2339: Property 'div' does not exist on type 'JSX.IntrinsicElements'.
components/ProjectAssets.tsx(9581,23): error TS2339: Property 'div' does not exist on type 'JSX.IntrinsicElements'.
components/ProjectAssets.tsx(9583,23): error TS2339: Property 'div' does not exist on type 'JSX.IntrinsicElements'.
components/ProjectAssets.tsx(9585,27): error TS2339: Property 'button' does not exist on type 'JSX.IntrinsicElements'.
components/ProjectAssets.tsx(9592,29): error TS2339: Property 'div' does not exist on type 'JSX.IntrinsicElements'.
components/ProjectAssets.tsx(9592,88): error TS2339: Property 'div' does not exist on type 'JSX.IntrinsicElements'.
components/ProjectAssets.tsx(9593,29): error TS2339: Property 'div' does not exist on type 'JSX.IntrinsicElements'.
components/ProjectAssets.tsx(9593,127): error TS2339: Property 'div' does not exist on type 'JSX.IntrinsicElements'.
components/ProjectAssets.tsx(9594,27): error TS2339: Property 'button' does not exist on type 'JSX.IntrinsicElements'.
components/ProjectAssets.tsx(9596,23): error TS2339: Property 'div' does not exist on type 'JSX.IntrinsicElements'.
components/ProjectAssets.tsx(9600,23): error TS2339: Property 'div' does not exist on type 'JSX.IntrinsicElements'.
components/ProjectAssets.tsx(9601,25): error TS2339: Property 'div' does not exist on type 'JSX.IntrinsicElements'.
components/ProjectAssets.tsx(9602,27): error TS2339: Property 'div' does not exist on type 'JSX.IntrinsicElements'.
components/ProjectAssets.tsx(9603,29): error TS2339: Property 'div' does not exist on type 'JSX.IntrinsicElements'.
components/ProjectAssets.tsx(9603,131): error TS2339: Property 'div' does not exist on type 'JSX.IntrinsicElements'.
components/ProjectAssets.tsx(9604,29): error TS2339: Property 'div' does not exist on type 'JSX.IntrinsicElements'.
components/ProjectAssets.tsx(9606,29): error TS2339: Property 'div' does not exist on type 'JSX.IntrinsicElements'.
components/ProjectAssets.tsx(9607,27): error TS2339: Property 'div' does not exist on type 'JSX.IntrinsicElements'.
components/ProjectAssets.tsx(9608,27): error TS2339: Property 'select' does not exist on type 'JSX.IntrinsicElements'.
components/ProjectAssets.tsx(9614,31): error TS2339: Property 'option' does not exist on type 'JSX.IntrinsicElements'.
components/ProjectAssets.tsx(9616,31): error TS2339: Property 'option' does not exist on type 'JSX.IntrinsicElements'.
components/ProjectAssets.tsx(9618,27): error TS2339: Property 'select' does not exist on type 'JSX.IntrinsicElements'.
components/ProjectAssets.tsx(9619,27): error TS2339: Property 'button' does not exist on type 'JSX.IntrinsicElements'.
components/ProjectAssets.tsx(9631,27): error TS2339: Property 'button' does not exist on type 'JSX.IntrinsicElements'.
components/ProjectAssets.tsx(9632,25): error TS2339: Property 'div' does not exist on type 'JSX.IntrinsicElements'.
components/ProjectAssets.tsx(9633,23): error TS2339: Property 'div' does not exist on type 'JSX.IntrinsicElements'.
components/ProjectAssets.tsx(9637,23): error TS2339: Property 'div' does not exist on type 'JSX.IntrinsicElements'.
components/ProjectAssets.tsx(9638,25): error TS2339: Property 'button' does not exist on type 'JSX.IntrinsicElements'.
components/ProjectAssets.tsx(9645,25): error TS2339: Property 'button' does not exist on type 'JSX.IntrinsicElements'.
components/ProjectAssets.tsx(9646,23): error TS2339: Property 'div' does not exist on type 'JSX.IntrinsicElements'.
components/ProjectAssets.tsx(9648,19): error TS2339: Property 'div' does not exist on type 'JSX.IntrinsicElements'.
components/ProjectAssets.tsx(9649,17): error TS2339: Property 'div' does not exist on type 'JSX.IntrinsicElements'.
components/ProjectAssets.tsx(9650,15): error TS2339: Property 'div' does not exist on type 'JSX.IntrinsicElements'.
components/ProjectAssets.tsx(9652,11): error TS2339: Property 'div' does not exist on type 'JSX.IntrinsicElements'.
components/ProjectAssets.tsx(9659,9): error TS2339: Property 'div' does not exist on type 'JSX.IntrinsicElements'.
components/ProjectAssets.tsx(9660,11): error TS2339: Property 'div' does not exist on type 'JSX.IntrinsicElements'.
components/ProjectAssets.tsx(9661,13): error TS2339: Property 'div' does not exist on type 'JSX.IntrinsicElements'.
components/ProjectAssets.tsx(9662,15): error TS2339: Property 'h3' does not exist on type 'JSX.IntrinsicElements'.
components/ProjectAssets.tsx(9662,116): error TS2339: Property 'h3' does not exist on type 'JSX.IntrinsicElements'.
components/ProjectAssets.tsx(9664,17): error TS2339: Property 'span' does not exist on type 'JSX.IntrinsicElements'.
components/ProjectAssets.tsx(9665,42): error TS2339: Property 'span' does not exist on type 'JSX.IntrinsicElements'.
components/ProjectAssets.tsx(9665,51): error TS2339: Property 'span' does not exist on type 'JSX.IntrinsicElements'.
components/ProjectAssets.tsx(9666,17): error TS2339: Property 'span' does not exist on type 'JSX.IntrinsicElements'.
components/ProjectAssets.tsx(9668,15): error TS2339: Property 'div' does not exist on type 'JSX.IntrinsicElements'.
components/ProjectAssets.tsx(9669,15): error TS2339: Property 'button' does not exist on type 'JSX.IntrinsicElements'.
components/ProjectAssets.tsx(9677,17): error TS2339: Property 'svg' does not exist on type 'JSX.IntrinsicElements'.
components/ProjectAssets.tsx(9678,19): error TS2339: Property 'path' does not exist on type 'JSX.IntrinsicElements'.
components/ProjectAssets.tsx(9679,17): error TS2339: Property 'svg' does not exist on type 'JSX.IntrinsicElements'.
components/ProjectAssets.tsx(9681,15): error TS2339: Property 'button' does not exist on type 'JSX.IntrinsicElements'.
components/ProjectAssets.tsx(9682,13): error TS2339: Property 'div' does not exist on type 'JSX.IntrinsicElements'.
components/ProjectAssets.tsx(9684,13): error TS2339: Property 'p' does not exist on type 'JSX.IntrinsicElements'.
components/ProjectAssets.tsx(9686,13): error TS2339: Property 'p' does not exist on type 'JSX.IntrinsicElements'.
components/ProjectAssets.tsx(9690,15): error TS2339: Property 'div' does not exist on type 'JSX.IntrinsicElements'.
components/ProjectAssets.tsx(9693,19): error TS2339: Property 'div' does not exist on type 'JSX.IntrinsicElements'.
components/ProjectAssets.tsx(9694,21): error TS2339: Property 'div' does not exist on type 'JSX.IntrinsicElements'.
components/ProjectAssets.tsx(9695,23): error TS2339: Property 'span' does not exist on type 'JSX.IntrinsicElements'.
components/ProjectAssets.tsx(9695,127): error TS2339: Property 'span' does not exist on type 'JSX.IntrinsicElements'.
components/ProjectAssets.tsx(9696,23): error TS2339: Property 'span' does not exist on type 'JSX.IntrinsicElements'.
components/ProjectAssets.tsx(9698,23): error TS2339: Property 'span' does not exist on type 'JSX.IntrinsicElements'.
components/ProjectAssets.tsx(9699,21): error TS2339: Property 'div' does not exist on type 'JSX.IntrinsicElements'.
components/ProjectAssets.tsx(9700,21): error TS2339: Property 'div' does not exist on type 'JSX.IntrinsicElements'.
components/ProjectAssets.tsx(9701,23): error TS2339: Property 'div' does not exist on type 'JSX.IntrinsicElements'.
components/ProjectAssets.tsx(9702,25): error TS2339: Property 'span' does not exist on type 'JSX.IntrinsicElements'.
components/ProjectAssets.tsx(9704,25): error TS2339: Property 'span' does not exist on type 'JSX.IntrinsicElements'.
components/ProjectAssets.tsx(9705,25): error TS2339: Property 'span' does not exist on type 'JSX.IntrinsicElements'.
components/ProjectAssets.tsx(9705,105): error TS2339: Property 'span' does not exist on type 'JSX.IntrinsicElements'.
components/ProjectAssets.tsx(9706,23): error TS2339: Property 'div' does not exist on type 'JSX.IntrinsicElements'.
components/ProjectAssets.tsx(9707,23): error TS2339: Property 'div' does not exist on type 'JSX.IntrinsicElements'.
components/ProjectAssets.tsx(9708,25): error TS2339: Property 'span' does not exist on type 'JSX.IntrinsicElements'.
components/ProjectAssets.tsx(9710,25): error TS2339: Property 'span' does not exist on type 'JSX.IntrinsicElements'.
components/ProjectAssets.tsx(9711,25): error TS2339: Property 'span' does not exist on type 'JSX.IntrinsicElements'.
components/ProjectAssets.tsx(9711,105): error TS2339: Property 'span' does not exist on type 'JSX.IntrinsicElements'.
components/ProjectAssets.tsx(9712,23): error TS2339: Property 'div' does not exist on type 'JSX.IntrinsicElements'.
components/ProjectAssets.tsx(9713,23): error TS2339: Property 'div' does not exist on type 'JSX.IntrinsicElements'.
components/ProjectAssets.tsx(9714,25): error TS2339: Property 'span' does not exist on type 'JSX.IntrinsicElements'.
components/ProjectAssets.tsx(9716,25): error TS2339: Property 'span' does not exist on type 'JSX.IntrinsicElements'.
components/ProjectAssets.tsx(9717,25): error TS2339: Property 'span' does not exist on type 'JSX.IntrinsicElements'.
components/ProjectAssets.tsx(9717,107): error TS2339: Property 'span' does not exist on type 'JSX.IntrinsicElements'.
components/ProjectAssets.tsx(9718,23): error TS2339: Property 'div' does not exist on type 'JSX.IntrinsicElements'.
components/ProjectAssets.tsx(9719,21): error TS2339: Property 'div' does not exist on type 'JSX.IntrinsicElements'.
components/ProjectAssets.tsx(9723,23): error TS2339: Property 'button' does not exist on type 'JSX.IntrinsicElements'.
components/ProjectAssets.tsx(9746,23): error TS2339: Property 'button' does not exist on type 'JSX.IntrinsicElements'.
components/ProjectAssets.tsx(9748,19): error TS2339: Property 'div' does not exist on type 'JSX.IntrinsicElements'.
components/ProjectAssets.tsx(9753,19): error TS2339: Property 'div' does not exist on type 'JSX.IntrinsicElements'.
components/ProjectAssets.tsx(9754,21): error TS2339: Property 'h4' does not exist on type 'JSX.IntrinsicElements'.
components/ProjectAssets.tsx(9754,127): error TS2339: Property 'h4' does not exist on type 'JSX.IntrinsicElements'.
components/ProjectAssets.tsx(9755,21): error TS2339: Property 'p' does not exist on type 'JSX.IntrinsicElements'.
components/ProjectAssets.tsx(9757,21): error TS2339: Property 'p' does not exist on type 'JSX.IntrinsicElements'.
components/ProjectAssets.tsx(9760,23): error TS2339: Property 'div' does not exist on type 'JSX.IntrinsicElements'.
components/ProjectAssets.tsx(9762,23): error TS2339: Property 'div' does not exist on type 'JSX.IntrinsicElements'.
components/ProjectAssets.tsx(9766,23): error TS2339: Property 'div' does not exist on type 'JSX.IntrinsicElements'.
components/ProjectAssets.tsx(9768,23): error TS2339: Property 'div' does not exist on type 'JSX.IntrinsicElements'.
components/ProjectAssets.tsx(9771,21): error TS2339: Property 'div' does not exist on type 'JSX.IntrinsicElements'.
components/ProjectAssets.tsx(9772,23): error TS2339: Property 'input' does not exist on type 'JSX.IntrinsicElements'.
components/ProjectAssets.tsx(9782,23): error TS2339: Property 'div' does not exist on type 'JSX.IntrinsicElements'.
components/ProjectAssets.tsx(9783,25): error TS2339: Property 'textarea' does not exist on type 'JSX.IntrinsicElements'.
components/ProjectAssets.tsx(9791,25): error TS2339: Property 'button' does not exist on type 'JSX.IntrinsicElements'.
components/ProjectAssets.tsx(9849,25): error TS2339: Property 'button' does not exist on type 'JSX.IntrinsicElements'.
components/ProjectAssets.tsx(9850,23): error TS2339: Property 'div' does not exist on type 'JSX.IntrinsicElements'.
components/ProjectAssets.tsx(9853,23): error TS2339: Property 'div' does not exist on type 'JSX.IntrinsicElements'.
components/ProjectAssets.tsx(9854,25): error TS2339: Property 'label' does not exist on type 'JSX.IntrinsicElements'.
components/ProjectAssets.tsx(9856,25): error TS2339: Property 'label' does not exist on type 'JSX.IntrinsicElements'.
components/ProjectAssets.tsx(9857,25): error TS2339: Property 'div' does not exist on type 'JSX.IntrinsicElements'.
components/ProjectAssets.tsx(9858,27): error TS2339: Property 'label' does not exist on type 'JSX.IntrinsicElements'.
components/ProjectAssets.tsx(9862,29): error TS2339: Property 'svg' does not exist on type 'JSX.IntrinsicElements'.
components/ProjectAssets.tsx(9863,31): error TS2339: Property 'path' does not exist on type 'JSX.IntrinsicElements'.
components/ProjectAssets.tsx(9864,29): error TS2339: Property 'svg' does not exist on type 'JSX.IntrinsicElements'.
components/ProjectAssets.tsx(9866,29): error TS2339: Property 'input' does not exist on type 'JSX.IntrinsicElements'.
components/ProjectAssets.tsx(9877,27): error TS2339: Property 'label' does not exist on type 'JSX.IntrinsicElements'.
components/ProjectAssets.tsx(9879,27): error TS2339: Property 'button' does not exist on type 'JSX.IntrinsicElements'.
components/ProjectAssets.tsx(9890,29): error TS2339: Property 'svg' does not exist on type 'JSX.IntrinsicElements'.
components/ProjectAssets.tsx(9891,31): error TS2339: Property 'path' does not exist on type 'JSX.IntrinsicElements'.
components/ProjectAssets.tsx(9892,29): error TS2339: Property 'svg' does not exist on type 'JSX.IntrinsicElements'.
components/ProjectAssets.tsx(9894,27): error TS2339: Property 'button' does not exist on type 'JSX.IntrinsicElements'.
components/ProjectAssets.tsx(9898,29): error TS2339: Property 'div' does not exist on type 'JSX.IntrinsicElements'.
components/ProjectAssets.tsx(9899,31): error TS2339: Property 'div' does not exist on type 'JSX.IntrinsicElements'.
components/ProjectAssets.tsx(9900,33): error TS2339: Property 'span' does not exist on type 'JSX.IntrinsicElements'.
components/ProjectAssets.tsx(9900,84): error TS2339: Property 'span' does not exist on type 'JSX.IntrinsicElements'.
components/ProjectAssets.tsx(9901,33): error TS2339: Property 'button' does not exist on type 'JSX.IntrinsicElements'.
components/ProjectAssets.tsx(9906,35): error TS2339: Property 'svg' does not exist on type 'JSX.IntrinsicElements'.
components/ProjectAssets.tsx(9907,37): error TS2339: Property 'path' does not exist on type 'JSX.IntrinsicElements'.
components/ProjectAssets.tsx(9908,35): error TS2339: Property 'svg' does not exist on type 'JSX.IntrinsicElements'.
components/ProjectAssets.tsx(9909,33): error TS2339: Property 'button' does not exist on type 'JSX.IntrinsicElements'.
components/ProjectAssets.tsx(9910,31): error TS2339: Property 'div' does not exist on type 'JSX.IntrinsicElements'.
components/ProjectAssets.tsx(9911,29): error TS2339: Property 'div' does not exist on type 'JSX.IntrinsicElements'.
components/ProjectAssets.tsx(9916,29): error TS2339: Property 'span' does not exist on type 'JSX.IntrinsicElements'.
components/ProjectAssets.tsx(9918,29): error TS2339: Property 'span' does not exist on type 'JSX.IntrinsicElements'.
components/ProjectAssets.tsx(9920,25): error TS2339: Property 'div' does not exist on type 'JSX.IntrinsicElements'.
components/ProjectAssets.tsx(9921,23): error TS2339: Property 'div' does not exist on type 'JSX.IntrinsicElements'.
components/ProjectAssets.tsx(9924,23): error TS2339: Property 'div' does not exist on type 'JSX.IntrinsicElements'.
components/ProjectAssets.tsx(9925,25): error TS2339: Property 'input' does not exist on type 'JSX.IntrinsicElements'.
components/ProjectAssets.tsx(9935,25): error TS2339: Property 'select' does not exist on type 'JSX.IntrinsicElements'.
components/ProjectAssets.tsx(9941,27): error TS2339: Property 'option' does not exist on type 'JSX.IntrinsicElements'.
components/ProjectAssets.tsx(9941,50): error TS2339: Property 'option' does not exist on type 'JSX.IntrinsicElements'.
components/ProjectAssets.tsx(9942,27): error TS2339: Property 'option' does not exist on type 'JSX.IntrinsicElements'.
components/ProjectAssets.tsx(9942,50): error TS2339: Property 'option' does not exist on type 'JSX.IntrinsicElements'.
components/ProjectAssets.tsx(9943,27): error TS2339: Property 'option' does not exist on type 'JSX.IntrinsicElements'.
components/ProjectAssets.tsx(9943,50): error TS2339: Property 'option' does not exist on type 'JSX.IntrinsicElements'.
components/ProjectAssets.tsx(9944,27): error TS2339: Property 'option' does not exist on type 'JSX.IntrinsicElements'.
components/ProjectAssets.tsx(9944,50): error TS2339: Property 'option' does not exist on type 'JSX.IntrinsicElements'.
components/ProjectAssets.tsx(9945,25): error TS2339: Property 'select' does not exist on type 'JSX.IntrinsicElements'.
components/ProjectAssets.tsx(9946,23): error TS2339: Property 'div' does not exist on type 'JSX.IntrinsicElements'.
components/ProjectAssets.tsx(9949,23): error TS2339: Property 'button' does not exist on type 'JSX.IntrinsicElements'.
components/ProjectAssets.tsx(9957,25): error TS2339: Property 'span' does not exist on type 'JSX.IntrinsicElements'.
components/ProjectAssets.tsx(9957,58): error TS2339: Property 'span' does not exist on type 'JSX.IntrinsicElements'.
components/ProjectAssets.tsx(9958,25): error TS2339: Property 'svg' does not exist on type 'JSX.IntrinsicElements'.
components/ProjectAssets.tsx(9959,27): error TS2339: Property 'path' does not exist on type 'JSX.IntrinsicElements'.
components/ProjectAssets.tsx(9960,25): error TS2339: Property 'svg' does not exist on type 'JSX.IntrinsicElements'.
components/ProjectAssets.tsx(9961,23): error TS2339: Property 'button' does not exist on type 'JSX.IntrinsicElements'.
components/ProjectAssets.tsx(9965,25): error TS2339: Property 'div' does not exist on type 'JSX.IntrinsicElements'.
components/ProjectAssets.tsx(9967,27): error TS2339: Property 'div' does not exist on type 'JSX.IntrinsicElements'.
components/ProjectAssets.tsx(9968,29): error TS2339: Property 'div' does not exist on type 'JSX.IntrinsicElements'.
components/ProjectAssets.tsx(9969,31): error TS2339: Property 'label' does not exist on type 'JSX.IntrinsicElements'.
components/ProjectAssets.tsx(9971,31): error TS2339: Property 'label' does not exist on type 'JSX.IntrinsicElements'.
components/ProjectAssets.tsx(9972,31): error TS2339: Property 'button' does not exist on type 'JSX.IntrinsicElements'.
components/ProjectAssets.tsx(9986,31): error TS2339: Property 'button' does not exist on type 'JSX.IntrinsicElements'.
components/ProjectAssets.tsx(9987,29): error TS2339: Property 'div' does not exist on type 'JSX.IntrinsicElements'.
components/ProjectAssets.tsx(9990,31): error TS2339: Property 'p' does not exist on type 'JSX.IntrinsicElements'.
components/ProjectAssets.tsx(9992,31): error TS2339: Property 'p' does not exist on type 'JSX.IntrinsicElements'.
components/ProjectAssets.tsx(9994,31): error TS2339: Property 'div' does not exist on type 'JSX.IntrinsicElements'.
components/ProjectAssets.tsx(9996,35): error TS2339: Property 'div' does not exist on type 'JSX.IntrinsicElements'.
components/ProjectAssets.tsx(9997,37): error TS2339: Property 'div' does not exist on type 'JSX.IntrinsicElements'.
components/ProjectAssets.tsx(9998,39): error TS2339: Property 'div' does not exist on type 'JSX.IntrinsicElements'.
components/ProjectAssets.tsx(9999,41): error TS2339: Property 'input' does not exist on type 'JSX.IntrinsicElements'.
components/ProjectAssets.tsx(10010,41): error TS2339: Property 'input' does not exist on type 'JSX.IntrinsicElements'.
components/ProjectAssets.tsx(10021,39): error TS2339: Property 'div' does not exist on type 'JSX.IntrinsicElements'.
components/ProjectAssets.tsx(10022,39): error TS2339: Property 'select' does not exist on type 'JSX.IntrinsicElements'.
components/ProjectAssets.tsx(10031,41): error TS2339: Property 'option' does not exist on type 'JSX.IntrinsicElements'.
components/ProjectAssets.tsx(10031,66): error TS2339: Property 'option' does not exist on type 'JSX.IntrinsicElements'.
components/ProjectAssets.tsx(10032,41): error TS2339: Property 'option' does not exist on type 'JSX.IntrinsicElements'.
components/ProjectAssets.tsx(10032,72): error TS2339: Property 'option' does not exist on type 'JSX.IntrinsicElements'.
components/ProjectAssets.tsx(10033,39): error TS2339: Property 'select' does not exist on type 'JSX.IntrinsicElements'.
components/ProjectAssets.tsx(10034,39): error TS2339: Property 'button' does not exist on type 'JSX.IntrinsicElements'.
components/ProjectAssets.tsx(10042,39): error TS2339: Property 'button' does not exist on type 'JSX.IntrinsicElements'.
components/ProjectAssets.tsx(10043,37): error TS2339: Property 'div' does not exist on type 'JSX.IntrinsicElements'.
components/ProjectAssets.tsx(10044,35): error TS2339: Property 'div' does not exist on type 'JSX.IntrinsicElements'.
components/ProjectAssets.tsx(10046,31): error TS2339: Property 'div' does not exist on type 'JSX.IntrinsicElements'.
components/ProjectAssets.tsx(10048,27): error TS2339: Property 'div' does not exist on type 'JSX.IntrinsicElements'.
components/ProjectAssets.tsx(10051,27): error TS2339: Property 'div' does not exist on type 'JSX.IntrinsicElements'.
components/ProjectAssets.tsx(10052,29): error TS2339: Property 'div' does not exist on type 'JSX.IntrinsicElements'.
components/ProjectAssets.tsx(10053,31): error TS2339: Property 'label' does not exist on type 'JSX.IntrinsicElements'.
components/ProjectAssets.tsx(10055,31): error TS2339: Property 'label' does not exist on type 'JSX.IntrinsicElements'.
components/ProjectAssets.tsx(10056,31): error TS2339: Property 'button' does not exist on type 'JSX.IntrinsicElements'.
components/ProjectAssets.tsx(10062,33): error TS2339: Property 'span' does not exist on type 'JSX.IntrinsicElements'.
components/ProjectAssets.tsx(10066,31): error TS2339: Property 'button' does not exist on type 'JSX.IntrinsicElements'.
components/ProjectAssets.tsx(10067,29): error TS2339: Property 'div' does not exist on type 'JSX.IntrinsicElements'.
components/ProjectAssets.tsx(10070,31): error TS2339: Property 'div' does not exist on type 'JSX.IntrinsicElements'.
components/ProjectAssets.tsx(10071,33): error TS2339: Property 'div' does not exist on type 'JSX.IntrinsicElements'.
components/ProjectAssets.tsx(10072,35): error TS2339: Property 'label' does not exist on type 'JSX.IntrinsicElements'.
components/ProjectAssets.tsx(10074,35): error TS2339: Property 'label' does not exist on type 'JSX.IntrinsicElements'.
components/ProjectAssets.tsx(10075,35): error TS2339: Property 'input' does not exist on type 'JSX.IntrinsicElements'.
components/ProjectAssets.tsx(10082,33): error TS2339: Property 'div' does not exist on type 'JSX.IntrinsicElements'.
components/ProjectAssets.tsx(10083,33): error TS2339: Property 'div' does not exist on type 'JSX.IntrinsicElements'.
components/ProjectAssets.tsx(10084,35): error TS2339: Property 'label' does not exist on type 'JSX.IntrinsicElements'.
components/ProjectAssets.tsx(10086,35): error TS2339: Property 'label' does not exist on type 'JSX.IntrinsicElements'.
components/ProjectAssets.tsx(10087,35): error TS2339: Property 'input' does not exist on type 'JSX.IntrinsicElements'.
components/ProjectAssets.tsx(10094,33): error TS2339: Property 'div' does not exist on type 'JSX.IntrinsicElements'.
components/ProjectAssets.tsx(10095,31): error TS2339: Property 'div' does not exist on type 'JSX.IntrinsicElements'.
components/ProjectAssets.tsx(10097,27): error TS2339: Property 'div' does not exist on type 'JSX.IntrinsicElements'.
components/ProjectAssets.tsx(10098,25): error TS2339: Property 'div' does not exist on type 'JSX.IntrinsicElements'.
components/ProjectAssets.tsx(10100,23): error TS2339: Property 'button' does not exist on type 'JSX.IntrinsicElements'.
components/ProjectAssets.tsx(10117,58): error TS1323: Dynamic imports are only supported when the '--module' flag is set to 'es2020', 'es2022', 'esnext', 'commonjs', 'amd', 'system', 'umd', 'node16', 'node18', or 'nodenext'.
components/ProjectAssets.tsx(10117,65): error TS2792: Cannot find module '@vercel/blob/client'. Did you mean to set the 'moduleResolution' option to 'nodenext', or to add aliases to the 'paths' option?
components/ProjectAssets.tsx(10201,29): error TS2339: Property 'svg' does not exist on type 'JSX.IntrinsicElements'.
components/ProjectAssets.tsx(10202,31): error TS2339: Property 'circle' does not exist on type 'JSX.IntrinsicElements'.
components/ProjectAssets.tsx(10203,31): error TS2339: Property 'path' does not exist on type 'JSX.IntrinsicElements'.
components/ProjectAssets.tsx(10204,29): error TS2339: Property 'svg' does not exist on type 'JSX.IntrinsicElements'.
components/ProjectAssets.tsx(10210,23): error TS2339: Property 'button' does not exist on type 'JSX.IntrinsicElements'.
components/ProjectAssets.tsx(10211,21): error TS2339: Property 'div' does not exist on type 'JSX.IntrinsicElements'.
components/ProjectAssets.tsx(10212,19): error TS2339: Property 'div' does not exist on type 'JSX.IntrinsicElements'.
components/ProjectAssets.tsx(10216,15): error TS2339: Property 'div' does not exist on type 'JSX.IntrinsicElements'.
components/ProjectAssets.tsx(10219,15): error TS2339: Property 'div' does not exist on type 'JSX.IntrinsicElements'.
components/ProjectAssets.tsx(10220,17): error TS2339: Property 'div' does not exist on type 'JSX.IntrinsicElements'.
components/ProjectAssets.tsx(10221,19): error TS2339: Property 'label' does not exist on type 'JSX.IntrinsicElements'.
components/ProjectAssets.tsx(10223,19): error TS2339: Property 'label' does not exist on type 'JSX.IntrinsicElements'.
components/ProjectAssets.tsx(10224,19): error TS2339: Property 'select' does not exist on type 'JSX.IntrinsicElements'.
components/ProjectAssets.tsx(10233,23): error TS2339: Property 'option' does not exist on type 'JSX.IntrinsicElements'.
components/ProjectAssets.tsx(10235,23): error TS2339: Property 'option' does not exist on type 'JSX.IntrinsicElements'.
components/ProjectAssets.tsx(10237,19): error TS2339: Property 'select' does not exist on type 'JSX.IntrinsicElements'.
components/ProjectAssets.tsx(10238,17): error TS2339: Property 'div' does not exist on type 'JSX.IntrinsicElements'.
components/ProjectAssets.tsx(10240,17): error TS2339: Property 'button' does not exist on type 'JSX.IntrinsicElements'.
components/ProjectAssets.tsx(10288,19): error TS2339: Property 'svg' does not exist on type 'JSX.IntrinsicElements'.
components/ProjectAssets.tsx(10289,21): error TS2339: Property 'path' does not exist on type 'JSX.IntrinsicElements'.
components/ProjectAssets.tsx(10290,19): error TS2339: Property 'svg' does not exist on type 'JSX.IntrinsicElements'.
components/ProjectAssets.tsx(10292,17): error TS2339: Property 'button' does not exist on type 'JSX.IntrinsicElements'.
components/ProjectAssets.tsx(10293,15): error TS2339: Property 'div' does not exist on type 'JSX.IntrinsicElements'.
components/ProjectAssets.tsx(10295,11): error TS2339: Property 'div' does not exist on type 'JSX.IntrinsicElements'.
components/ProjectAssets.tsx(10296,9): error TS2339: Property 'div' does not exist on type 'JSX.IntrinsicElements'.
components/ProjectAssets.tsx(10303,11): error TS2339: Property 'div' does not exist on type 'JSX.IntrinsicElements'.
components/ProjectAssets.tsx(10340,17): error TS2339: Property 'div' does not exist on type 'JSX.IntrinsicElements'.
components/ProjectAssets.tsx(10353,19): error TS2339: Property 'button' does not exist on type 'JSX.IntrinsicElements'.
components/ProjectAssets.tsx(10362,21): error TS2339: Property 'div' does not exist on type 'JSX.IntrinsicElements'.
components/ProjectAssets.tsx(10363,23): error TS2339: Property 'span' does not exist on type 'JSX.IntrinsicElements'.
components/ProjectAssets.tsx(10369,23): error TS2339: Property 'span' does not exist on type 'JSX.IntrinsicElements'.
components/ProjectAssets.tsx(10370,23): error TS2339: Property 'span' does not exist on type 'JSX.IntrinsicElements'.
components/ProjectAssets.tsx(10373,23): error TS2339: Property 'span' does not exist on type 'JSX.IntrinsicElements'.
components/ProjectAssets.tsx(10374,23): error TS2339: Property 'span' does not exist on type 'JSX.IntrinsicElements'.
components/ProjectAssets.tsx(10378,23): error TS2339: Property 'span' does not exist on type 'JSX.IntrinsicElements'.
components/ProjectAssets.tsx(10379,21): error TS2339: Property 'div' does not exist on type 'JSX.IntrinsicElements'.
components/ProjectAssets.tsx(10380,21): error TS2339: Property 'div' does not exist on type 'JSX.IntrinsicElements'.
components/ProjectAssets.tsx(10381,23): error TS2339: Property 'span' does not exist on type 'JSX.IntrinsicElements'.
components/ProjectAssets.tsx(10385,23): error TS2339: Property 'span' does not exist on type 'JSX.IntrinsicElements'.
components/ProjectAssets.tsx(10386,23): error TS2339: Property 'svg' does not exist on type 'JSX.IntrinsicElements'.
components/ProjectAssets.tsx(10395,25): error TS2339: Property 'path' does not exist on type 'JSX.IntrinsicElements'.
components/ProjectAssets.tsx(10400,23): error TS2339: Property 'svg' does not exist on type 'JSX.IntrinsicElements'.
components/ProjectAssets.tsx(10401,21): error TS2339: Property 'div' does not exist on type 'JSX.IntrinsicElements'.
components/ProjectAssets.tsx(10402,19): error TS2339: Property 'button' does not exist on type 'JSX.IntrinsicElements'.
components/ProjectAssets.tsx(10406,21): error TS2339: Property 'div' does not exist on type 'JSX.IntrinsicElements'.
components/ProjectAssets.tsx(10408,25): error TS2339: Property 'div' does not exist on type 'JSX.IntrinsicElements'.
components/ProjectAssets.tsx(10419,27): error TS2339: Property 'div' does not exist on type 'JSX.IntrinsicElements'.
components/ProjectAssets.tsx(10425,37): error TS2339: Property 'video' does not exist on type 'JSX.IntrinsicElements'.
components/ProjectAssets.tsx(10436,37): error TS2339: Property 'div' does not exist on type 'JSX.IntrinsicElements'.
components/ProjectAssets.tsx(10437,39): error TS2339: Property 'div' does not exist on type 'JSX.IntrinsicElements'.
components/ProjectAssets.tsx(10438,41): error TS2339: Property 'svg' does not exist on type 'JSX.IntrinsicElements'.
components/ProjectAssets.tsx(10439,43): error TS2339: Property 'path' does not exist on type 'JSX.IntrinsicElements'.
components/ProjectAssets.tsx(10440,41): error TS2339: Property 'svg' does not exist on type 'JSX.IntrinsicElements'.
components/ProjectAssets.tsx(10441,39): error TS2339: Property 'div' does not exist on type 'JSX.IntrinsicElements'.
components/ProjectAssets.tsx(10442,37): error TS2339: Property 'div' does not exist on type 'JSX.IntrinsicElements'.
components/ProjectAssets.tsx(10445,35): error TS2339: Property 'img' does not exist on type 'JSX.IntrinsicElements'.
components/ProjectAssets.tsx(10453,31): error TS2339: Property 'div' does not exist on type 'JSX.IntrinsicElements'.
components/ProjectAssets.tsx(10454,33): error TS2339: Property 'div' does not exist on type 'JSX.IntrinsicElements'.
components/ProjectAssets.tsx(10455,35): error TS2339: Property 'span' does not exist on type 'JSX.IntrinsicElements'.
components/ProjectAssets.tsx(10455,88): error TS2339: Property 'span' does not exist on type 'JSX.IntrinsicElements'.
components/ProjectAssets.tsx(10456,33): error TS2339: Property 'div' does not exist on type 'JSX.IntrinsicElements'.
components/ProjectAssets.tsx(10457,33): error TS2339: Property 'span' does not exist on type 'JSX.IntrinsicElements'.
components/ProjectAssets.tsx(10459,33): error TS2339: Property 'span' does not exist on type 'JSX.IntrinsicElements'.
components/ProjectAssets.tsx(10460,31): error TS2339: Property 'div' does not exist on type 'JSX.IntrinsicElements'.
components/ProjectAssets.tsx(10464,33): error TS2339: Property 'button' does not exist on type 'JSX.IntrinsicElements'.
components/ProjectAssets.tsx(10471,35): error TS2339: Property 'svg' does not exist on type 'JSX.IntrinsicElements'.
components/ProjectAssets.tsx(10472,37): error TS2339: Property 'path' does not exist on type 'JSX.IntrinsicElements'.
components/ProjectAssets.tsx(10473,35): error TS2339: Property 'svg' does not exist on type 'JSX.IntrinsicElements'.
components/ProjectAssets.tsx(10474,33): error TS2339: Property 'button' does not exist on type 'JSX.IntrinsicElements'.
components/ProjectAssets.tsx(10475,33): error TS2339: Property 'button' does not exist on type 'JSX.IntrinsicElements'.
components/ProjectAssets.tsx(10484,37): error TS2339: Property 'svg' does not exist on type 'JSX.IntrinsicElements'.
components/ProjectAssets.tsx(10485,39): error TS2339: Property 'circle' does not exist on type 'JSX.IntrinsicElements'.
components/ProjectAssets.tsx(10486,39): error TS2339: Property 'path' does not exist on type 'JSX.IntrinsicElements'.
components/ProjectAssets.tsx(10487,37): error TS2339: Property 'svg' does not exist on type 'JSX.IntrinsicElements'.
components/ProjectAssets.tsx(10489,37): error TS2339: Property 'svg' does not exist on type 'JSX.IntrinsicElements'.
components/ProjectAssets.tsx(10490,39): error TS2339: Property 'path' does not exist on type 'JSX.IntrinsicElements'.
components/ProjectAssets.tsx(10491,37): error TS2339: Property 'svg' does not exist on type 'JSX.IntrinsicElements'.
components/ProjectAssets.tsx(10493,33): error TS2339: Property 'button' does not exist on type 'JSX.IntrinsicElements'.
components/ProjectAssets.tsx(10497,29): error TS2339: Property 'button' does not exist on type 'JSX.IntrinsicElements'.
components/ProjectAssets.tsx(10505,31): error TS2339: Property 'svg' does not exist on type 'JSX.IntrinsicElements'.
components/ProjectAssets.tsx(10506,33): error TS2339: Property 'path' does not exist on type 'JSX.IntrinsicElements'.
components/ProjectAssets.tsx(10507,31): error TS2339: Property 'svg' does not exist on type 'JSX.IntrinsicElements'.
components/ProjectAssets.tsx(10508,29): error TS2339: Property 'button' does not exist on type 'JSX.IntrinsicElements'.
components/ProjectAssets.tsx(10511,29): error TS2339: Property 'div' does not exist on type 'JSX.IntrinsicElements'.
components/ProjectAssets.tsx(10513,31): error TS2339: Property 'button' does not exist on type 'JSX.IntrinsicElements'.
components/ProjectAssets.tsx(10522,33): error TS2339: Property 'svg' does not exist on type 'JSX.IntrinsicElements'.
components/ProjectAssets.tsx(10523,35): error TS2339: Property 'path' does not exist on type 'JSX.IntrinsicElements'.
components/ProjectAssets.tsx(10524,33): error TS2339: Property 'svg' does not exist on type 'JSX.IntrinsicElements'.
components/ProjectAssets.tsx(10525,31): error TS2339: Property 'button' does not exist on type 'JSX.IntrinsicElements'.
components/ProjectAssets.tsx(10533,35): error TS2339: Property 'button' does not exist on type 'JSX.IntrinsicElements'.
components/ProjectAssets.tsx(10542,37): error TS2339: Property 'svg' does not exist on type 'JSX.IntrinsicElements'.
components/ProjectAssets.tsx(10543,39): error TS2339: Property 'path' does not exist on type 'JSX.IntrinsicElements'.
components/ProjectAssets.tsx(10544,37): error TS2339: Property 'svg' does not exist on type 'JSX.IntrinsicElements'.
components/ProjectAssets.tsx(10545,35): error TS2339: Property 'button' does not exist on type 'JSX.IntrinsicElements'.
components/ProjectAssets.tsx(10550,33): error TS2339: Property 'button' does not exist on type 'JSX.IntrinsicElements'.
components/ProjectAssets.tsx(10559,35): error TS2339: Property 'svg' does not exist on type 'JSX.IntrinsicElements'.
components/ProjectAssets.tsx(10560,37): error TS2339: Property 'path' does not exist on type 'JSX.IntrinsicElements'.
components/ProjectAssets.tsx(10561,35): error TS2339: Property 'svg' does not exist on type 'JSX.IntrinsicElements'.
components/ProjectAssets.tsx(10562,33): error TS2339: Property 'button' does not exist on type 'JSX.IntrinsicElements'.
components/ProjectAssets.tsx(10567,33): error TS2339: Property 'button' does not exist on type 'JSX.IntrinsicElements'.
components/ProjectAssets.tsx(10576,35): error TS2339: Property 'svg' does not exist on type 'JSX.IntrinsicElements'.
components/ProjectAssets.tsx(10577,37): error TS2339: Property 'path' does not exist on type 'JSX.IntrinsicElements'.
components/ProjectAssets.tsx(10578,35): error TS2339: Property 'svg' does not exist on type 'JSX.IntrinsicElements'.
components/ProjectAssets.tsx(10579,33): error TS2339: Property 'button' does not exist on type 'JSX.IntrinsicElements'.
components/ProjectAssets.tsx(10584,33): error TS2339: Property 'button' does not exist on type 'JSX.IntrinsicElements'.
components/ProjectAssets.tsx(10593,35): error TS2339: Property 'svg' does not exist on type 'JSX.IntrinsicElements'.
components/ProjectAssets.tsx(10594,37): error TS2339: Property 'path' does not exist on type 'JSX.IntrinsicElements'.
components/ProjectAssets.tsx(10595,35): error TS2339: Property 'svg' does not exist on type 'JSX.IntrinsicElements'.
components/ProjectAssets.tsx(10596,33): error TS2339: Property 'button' does not exist on type 'JSX.IntrinsicElements'.
components/ProjectAssets.tsx(10600,33): error TS2339: Property 'button' does not exist on type 'JSX.IntrinsicElements'.
components/ProjectAssets.tsx(10609,35): error TS2339: Property 'svg' does not exist on type 'JSX.IntrinsicElements'.
components/ProjectAssets.tsx(10610,37): error TS2339: Property 'path' does not exist on type 'JSX.IntrinsicElements'.
components/ProjectAssets.tsx(10611,35): error TS2339: Property 'svg' does not exist on type 'JSX.IntrinsicElements'.
components/ProjectAssets.tsx(10612,33): error TS2339: Property 'button' does not exist on type 'JSX.IntrinsicElements'.
components/ProjectAssets.tsx(10618,35): error TS2339: Property 'button' does not exist on type 'JSX.IntrinsicElements'.
components/ProjectAssets.tsx(10664,37): error TS2339: Property 'svg' does not exist on type 'JSX.IntrinsicElements'.
components/ProjectAssets.tsx(10665,39): error TS2339: Property 'path' does not exist on type 'JSX.IntrinsicElements'.
components/ProjectAssets.tsx(10666,37): error TS2339: Property 'svg' does not exist on type 'JSX.IntrinsicElements'.
components/ProjectAssets.tsx(10667,35): error TS2339: Property 'button' does not exist on type 'JSX.IntrinsicElements'.
components/ProjectAssets.tsx(10668,35): error TS2339: Property 'button' does not exist on type 'JSX.IntrinsicElements'.
components/ProjectAssets.tsx(10685,37): error TS2339: Property 'svg' does not exist on type 'JSX.IntrinsicElements'.
components/ProjectAssets.tsx(10686,39): error TS2339: Property 'path' does not exist on type 'JSX.IntrinsicElements'.
components/ProjectAssets.tsx(10687,37): error TS2339: Property 'svg' does not exist on type 'JSX.IntrinsicElements'.
components/ProjectAssets.tsx(10688,35): error TS2339: Property 'button' does not exist on type 'JSX.IntrinsicElements'.
components/ProjectAssets.tsx(10691,29): error TS2339: Property 'div' does not exist on type 'JSX.IntrinsicElements'.
components/ProjectAssets.tsx(10692,27): error TS2339: Property 'div' does not exist on type 'JSX.IntrinsicElements'.
components/ProjectAssets.tsx(10694,27): error TS2339: Property 'div' does not exist on type 'JSX.IntrinsicElements'.
components/ProjectAssets.tsx(10695,29): error TS2339: Property 'p' does not exist on type 'JSX.IntrinsicElements'.
components/ProjectAssets.tsx(10698,29): error TS2339: Property 'p' does not exist on type 'JSX.IntrinsicElements'.
components/ProjectAssets.tsx(10699,29): error TS2339: Property 'p' does not exist on type 'JSX.IntrinsicElements'.
components/ProjectAssets.tsx(10702,29): error TS2339: Property 'p' does not exist on type 'JSX.IntrinsicElements'.
components/ProjectAssets.tsx(10706,31): error TS2339: Property 'button' does not exist on type 'JSX.IntrinsicElements'.
components/ProjectAssets.tsx(10726,31): error TS2339: Property 'button' does not exist on type 'JSX.IntrinsicElements'.
components/ProjectAssets.tsx(10728,27): error TS2339: Property 'div' does not exist on type 'JSX.IntrinsicElements'.
components/ProjectAssets.tsx(10729,25): error TS2339: Property 'div' does not exist on type 'JSX.IntrinsicElements'.
components/ProjectAssets.tsx(10731,21): error TS2339: Property 'div' does not exist on type 'JSX.IntrinsicElements'.
components/ProjectAssets.tsx(10734,21): error TS2339: Property 'div' does not exist on type 'JSX.IntrinsicElements'.
components/ProjectAssets.tsx(10735,23): error TS2339: Property 'div' does not exist on type 'JSX.IntrinsicElements'.
components/ProjectAssets.tsx(10737,27): error TS2339: Property 'div' does not exist on type 'JSX.IntrinsicElements'.
components/ProjectAssets.tsx(10755,31): error TS2339: Property 'div' does not exist on type 'JSX.IntrinsicElements'.
components/ProjectAssets.tsx(10762,33): error TS2339: Property 'img' does not exist on type 'JSX.IntrinsicElements'.
components/ProjectAssets.tsx(10767,31): error TS2339: Property 'div' does not exist on type 'JSX.IntrinsicElements'.
components/ProjectAssets.tsx(10769,31): error TS2339: Property 'div' does not exist on type 'JSX.IntrinsicElements'.
components/ProjectAssets.tsx(10776,33): error TS2339: Property 'video' does not exist on type 'JSX.IntrinsicElements'.
components/ProjectAssets.tsx(10782,31): error TS2339: Property 'div' does not exist on type 'JSX.IntrinsicElements'.
components/ProjectAssets.tsx(10784,31): error TS2339: Property 'div' does not exist on type 'JSX.IntrinsicElements'.
components/ProjectAssets.tsx(10791,33): error TS2339: Property 'img' does not exist on type 'JSX.IntrinsicElements'.
components/ProjectAssets.tsx(10796,31): error TS2339: Property 'div' does not exist on type 'JSX.IntrinsicElements'.
components/ProjectAssets.tsx(10798,31): error TS2339: Property 'span' does not exist on type 'JSX.IntrinsicElements'.
components/ProjectAssets.tsx(10804,31): error TS2339: Property 'span' does not exist on type 'JSX.IntrinsicElements'.
components/ProjectAssets.tsx(10806,29): error TS2339: Property 'div' does not exist on type 'JSX.IntrinsicElements'.
components/ProjectAssets.tsx(10807,31): error TS2339: Property 'div' does not exist on type 'JSX.IntrinsicElements'.
components/ProjectAssets.tsx(10808,33): error TS2339: Property 'p' does not exist on type 'JSX.IntrinsicElements'.
components/ProjectAssets.tsx(10816,33): error TS2339: Property 'p' does not exist on type 'JSX.IntrinsicElements'.
components/ProjectAssets.tsx(10817,33): error TS2339: Property 'span' does not exist on type 'JSX.IntrinsicElements'.
components/ProjectAssets.tsx(10825,33): error TS2339: Property 'span' does not exist on type 'JSX.IntrinsicElements'.
components/ProjectAssets.tsx(10828,37): error TS2339: Property 'button' does not exist on type 'JSX.IntrinsicElements'.
components/ProjectAssets.tsx(10838,39): error TS2339: Property 'svg' does not exist on type 'JSX.IntrinsicElements'.
components/ProjectAssets.tsx(10839,41): error TS2339: Property 'path' does not exist on type 'JSX.IntrinsicElements'.
components/ProjectAssets.tsx(10840,39): error TS2339: Property 'svg' does not exist on type 'JSX.IntrinsicElements'.
components/ProjectAssets.tsx(10841,37): error TS2339: Property 'button' does not exist on type 'JSX.IntrinsicElements'.
components/ProjectAssets.tsx(10842,37): error TS2339: Property 'button' does not exist on type 'JSX.IntrinsicElements'.
components/ProjectAssets.tsx(10854,41): error TS2339: Property 'svg' does not exist on type 'JSX.IntrinsicElements'.
components/ProjectAssets.tsx(10855,43): error TS2339: Property 'circle' does not exist on type 'JSX.IntrinsicElements'.
components/ProjectAssets.tsx(10856,43): error TS2339: Property 'path' does not exist on type 'JSX.IntrinsicElements'.
components/ProjectAssets.tsx(10857,41): error TS2339: Property 'svg' does not exist on type 'JSX.IntrinsicElements'.
components/ProjectAssets.tsx(10859,41): error TS2339: Property 'svg' does not exist on type 'JSX.IntrinsicElements'.
components/ProjectAssets.tsx(10860,43): error TS2339: Property 'path' does not exist on type 'JSX.IntrinsicElements'.
components/ProjectAssets.tsx(10861,41): error TS2339: Property 'svg' does not exist on type 'JSX.IntrinsicElements'.
components/ProjectAssets.tsx(10863,37): error TS2339: Property 'button' does not exist on type 'JSX.IntrinsicElements'.
components/ProjectAssets.tsx(10871,37): error TS2339: Property 'button' does not exist on type 'JSX.IntrinsicElements'.
components/ProjectAssets.tsx(10884,39): error TS2339: Property 'svg' does not exist on type 'JSX.IntrinsicElements'.
components/ProjectAssets.tsx(10885,41): error TS2339: Property 'path' does not exist on type 'JSX.IntrinsicElements'.
components/ProjectAssets.tsx(10886,39): error TS2339: Property 'svg' does not exist on type 'JSX.IntrinsicElements'.
components/ProjectAssets.tsx(10887,37): error TS2339: Property 'button' does not exist on type 'JSX.IntrinsicElements'.
components/ProjectAssets.tsx(10890,35): error TS2339: Property 'button' does not exist on type 'JSX.IntrinsicElements'.
components/ProjectAssets.tsx(10903,37): error TS2339: Property 'svg' does not exist on type 'JSX.IntrinsicElements'.
components/ProjectAssets.tsx(10904,39): error TS2339: Property 'path' does not exist on type 'JSX.IntrinsicElements'.
components/ProjectAssets.tsx(10905,37): error TS2339: Property 'svg' does not exist on type 'JSX.IntrinsicElements'.
components/ProjectAssets.tsx(10906,35): error TS2339: Property 'button' does not exist on type 'JSX.IntrinsicElements'.
components/ProjectAssets.tsx(10909,35): error TS2339: Property 'button' does not exist on type 'JSX.IntrinsicElements'.
components/ProjectAssets.tsx(10922,37): error TS2339: Property 'svg' does not exist on type 'JSX.IntrinsicElements'.
components/ProjectAssets.tsx(10923,39): error TS2339: Property 'path' does not exist on type 'JSX.IntrinsicElements'.
components/ProjectAssets.tsx(10924,37): error TS2339: Property 'svg' does not exist on type 'JSX.IntrinsicElements'.
components/ProjectAssets.tsx(10925,35): error TS2339: Property 'button' does not exist on type 'JSX.IntrinsicElements'.
components/ProjectAssets.tsx(10929,35): error TS2339: Property 'button' does not exist on type 'JSX.IntrinsicElements'.
components/ProjectAssets.tsx(10942,37): error TS2339: Property 'svg' does not exist on type 'JSX.IntrinsicElements'.
components/ProjectAssets.tsx(10943,39): error TS2339: Property 'path' does not exist on type 'JSX.IntrinsicElements'.
components/ProjectAssets.tsx(10944,37): error TS2339: Property 'svg' does not exist on type 'JSX.IntrinsicElements'.
components/ProjectAssets.tsx(10945,35): error TS2339: Property 'button' does not exist on type 'JSX.IntrinsicElements'.
components/ProjectAssets.tsx(10948,33): error TS2339: Property 'button' does not exist on type 'JSX.IntrinsicElements'.
components/ProjectAssets.tsx(10961,35): error TS2339: Property 'svg' does not exist on type 'JSX.IntrinsicElements'.
components/ProjectAssets.tsx(10962,37): error TS2339: Property 'path' does not exist on type 'JSX.IntrinsicElements'.
components/ProjectAssets.tsx(10968,35): error TS2339: Property 'svg' does not exist on type 'JSX.IntrinsicElements'.
components/ProjectAssets.tsx(10969,33): error TS2339: Property 'button' does not exist on type 'JSX.IntrinsicElements'.
components/ProjectAssets.tsx(10970,31): error TS2339: Property 'div' does not exist on type 'JSX.IntrinsicElements'.
components/ProjectAssets.tsx(10972,33): error TS2339: Property 'div' does not exist on type 'JSX.IntrinsicElements'.
components/ProjectAssets.tsx(10973,35): error TS2339: Property 'p' does not exist on type 'JSX.IntrinsicElements'.
components/ProjectAssets.tsx(10975,35): error TS2339: Property 'p' does not exist on type 'JSX.IntrinsicElements'.
components/ProjectAssets.tsx(10977,37): error TS2339: Property 'p' does not exist on type 'JSX.IntrinsicElements'.
components/ProjectAssets.tsx(10979,37): error TS2339: Property 'p' does not exist on type 'JSX.IntrinsicElements'.
components/ProjectAssets.tsx(10981,35): error TS2339: Property 'button' does not exist on type 'JSX.IntrinsicElements'.
components/ProjectAssets.tsx(11001,35): error TS2339: Property 'button' does not exist on type 'JSX.IntrinsicElements'.
components/ProjectAssets.tsx(11002,33): error TS2339: Property 'div' does not exist on type 'JSX.IntrinsicElements'.
components/ProjectAssets.tsx(11004,33): error TS2339: Property 'p' does not exist on type 'JSX.IntrinsicElements'.
components/ProjectAssets.tsx(11012,33): error TS2339: Property 'p' does not exist on type 'JSX.IntrinsicElements'.
components/ProjectAssets.tsx(11015,33): error TS2339: Property 'p' does not exist on type 'JSX.IntrinsicElements'.
components/ProjectAssets.tsx(11023,33): error TS2339: Property 'p' does not exist on type 'JSX.IntrinsicElements'.
components/ProjectAssets.tsx(11026,33): error TS2339: Property 'div' does not exist on type 'JSX.IntrinsicElements'.
components/ProjectAssets.tsx(11027,35): error TS2339: Property 'button' does not exist on type 'JSX.IntrinsicElements'.
components/ProjectAssets.tsx(11042,41): error TS2339: Property 'svg' does not exist on type 'JSX.IntrinsicElements'.
components/ProjectAssets.tsx(11043,43): error TS2339: Property 'circle' does not exist on type 'JSX.IntrinsicElements'.
components/ProjectAssets.tsx(11044,43): error TS2339: Property 'path' does not exist on type 'JSX.IntrinsicElements'.
components/ProjectAssets.tsx(11045,41): error TS2339: Property 'svg' does not exist on type 'JSX.IntrinsicElements'.
components/ProjectAssets.tsx(11046,41): error TS2339: Property 'span' does not exist on type 'JSX.IntrinsicElements'.
components/ProjectAssets.tsx(11046,60): error TS2339: Property 'span' does not exist on type 'JSX.IntrinsicElements'.
components/ProjectAssets.tsx(11051,35): error TS2339: Property 'button' does not exist on type 'JSX.IntrinsicElements'.
components/ProjectAssets.tsx(11052,33): error TS2339: Property 'div' does not exist on type 'JSX.IntrinsicElements'.
components/ProjectAssets.tsx(11058,33): error TS2339: Property 'div' does not exist on type 'JSX.IntrinsicElements'.
components/ProjectAssets.tsx(11060,37): error TS2339: Property 'p' does not exist on type 'JSX.IntrinsicElements'.
components/ProjectAssets.tsx(11062,37): error TS2339: Property 'p' does not exist on type 'JSX.IntrinsicElements'.
components/ProjectAssets.tsx(11064,37): error TS2339: Property 'div' does not exist on type 'JSX.IntrinsicElements'.
components/ProjectAssets.tsx(11066,41): error TS2339: Property 'div' does not exist on type 'JSX.IntrinsicElements'.
components/ProjectAssets.tsx(11067,43): error TS2339: Property 'div' does not exist on type 'JSX.IntrinsicElements'.
components/ProjectAssets.tsx(11068,45): error TS2339: Property 'p' does not exist on type 'JSX.IntrinsicElements'.
components/ProjectAssets.tsx(11070,45): error TS2339: Property 'p' does not exist on type 'JSX.IntrinsicElements'.
components/ProjectAssets.tsx(11071,45): error TS2339: Property 'p' does not exist on type 'JSX.IntrinsicElements'.
components/ProjectAssets.tsx(11073,45): error TS2339: Property 'p' does not exist on type 'JSX.IntrinsicElements'.
components/ProjectAssets.tsx(11074,43): error TS2339: Property 'div' does not exist on type 'JSX.IntrinsicElements'.
components/ProjectAssets.tsx(11075,43): error TS2339: Property 'div' does not exist on type 'JSX.IntrinsicElements'.
components/ProjectAssets.tsx(11076,45): error TS2339: Property 'span' does not exist on type 'JSX.IntrinsicElements'.
components/ProjectAssets.tsx(11078,45): error TS2339: Property 'span' does not exist on type 'JSX.IntrinsicElements'.
components/ProjectAssets.tsx(11079,45): error TS2339: Property 'button' does not exist on type 'JSX.IntrinsicElements'.
components/ProjectAssets.tsx(11114,49): error TS2339: Property 'svg' does not exist on type 'JSX.IntrinsicElements'.
components/ProjectAssets.tsx(11115,51): error TS2339: Property 'path' does not exist on type 'JSX.IntrinsicElements'.
components/ProjectAssets.tsx(11116,51): error TS2339: Property 'path' does not exist on type 'JSX.IntrinsicElements'.
components/ProjectAssets.tsx(11117,49): error TS2339: Property 'svg' does not exist on type 'JSX.IntrinsicElements'.
components/ProjectAssets.tsx(11119,49): error TS2339: Property 'svg' does not exist on type 'JSX.IntrinsicElements'.
components/ProjectAssets.tsx(11120,51): error TS2339: Property 'path' does not exist on type 'JSX.IntrinsicElements'.
components/ProjectAssets.tsx(11121,49): error TS2339: Property 'svg' does not exist on type 'JSX.IntrinsicElements'.
components/ProjectAssets.tsx(11123,45): error TS2339: Property 'button' does not exist on type 'JSX.IntrinsicElements'.
components/ProjectAssets.tsx(11125,45): error TS2339: Property 'button' does not exist on type 'JSX.IntrinsicElements'.
components/ProjectAssets.tsx(11136,47): error TS2339: Property 'svg' does not exist on type 'JSX.IntrinsicElements'.
components/ProjectAssets.tsx(11137,49): error TS2339: Property 'path' does not exist on type 'JSX.IntrinsicElements'.
components/ProjectAssets.tsx(11138,47): error TS2339: Property 'svg' does not exist on type 'JSX.IntrinsicElements'.
components/ProjectAssets.tsx(11139,45): error TS2339: Property 'button' does not exist on type 'JSX.IntrinsicElements'.
components/ProjectAssets.tsx(11140,43): error TS2339: Property 'div' does not exist on type 'JSX.IntrinsicElements'.
components/ProjectAssets.tsx(11141,41): error TS2339: Property 'div' does not exist on type 'JSX.IntrinsicElements'.
components/ProjectAssets.tsx(11143,37): error TS2339: Property 'div' does not exist on type 'JSX.IntrinsicElements'.
components/ProjectAssets.tsx(11145,33): error TS2339: Property 'div' does not exist on type 'JSX.IntrinsicElements'.
components/ProjectAssets.tsx(11147,29): error TS2339: Property 'div' does not exist on type 'JSX.IntrinsicElements'.
components/ProjectAssets.tsx(11148,27): error TS2339: Property 'div' does not exist on type 'JSX.IntrinsicElements'.
components/ProjectAssets.tsx(11150,23): error TS2339: Property 'div' does not exist on type 'JSX.IntrinsicElements'.
components/ProjectAssets.tsx(11151,21): error TS2339: Property 'div' does not exist on type 'JSX.IntrinsicElements'.
components/ProjectAssets.tsx(11153,17): error TS2339: Property 'div' does not exist on type 'JSX.IntrinsicElements'.
components/ProjectAssets.tsx(11156,11): error TS2339: Property 'div' does not exist on type 'JSX.IntrinsicElements'.
components/ProjectAssets.tsx(11162,11): error TS2339: Property 'div' does not exist on type 'JSX.IntrinsicElements'.
components/ProjectAssets.tsx(11167,15): error TS2339: Property 'div' does not exist on type 'JSX.IntrinsicElements'.
components/ProjectAssets.tsx(11169,15): error TS2339: Property 'div' does not exist on type 'JSX.IntrinsicElements'.
components/ProjectAssets.tsx(11171,13): error TS2339: Property 'div' does not exist on type 'JSX.IntrinsicElements'.
components/ProjectAssets.tsx(11172,15): error TS2339: Property 'span' does not exist on type 'JSX.IntrinsicElements'.
components/ProjectAssets.tsx(11174,15): error TS2339: Property 'span' does not exist on type 'JSX.IntrinsicElements'.
components/ProjectAssets.tsx(11175,15): error TS2339: Property 'button' does not exist on type 'JSX.IntrinsicElements'.
components/ProjectAssets.tsx(11192,17): error TS2339: Property 'svg' does not exist on type 'JSX.IntrinsicElements'.
components/ProjectAssets.tsx(11193,19): error TS2339: Property 'path' does not exist on type 'JSX.IntrinsicElements'.
components/ProjectAssets.tsx(11194,17): error TS2339: Property 'svg' does not exist on type 'JSX.IntrinsicElements'.
components/ProjectAssets.tsx(11195,15): error TS2339: Property 'button' does not exist on type 'JSX.IntrinsicElements'.
components/ProjectAssets.tsx(11196,15): error TS2339: Property 'button' does not exist on type 'JSX.IntrinsicElements'.
components/ProjectAssets.tsx(11215,19): error TS2339: Property 'svg' does not exist on type 'JSX.IntrinsicElements'.
components/ProjectAssets.tsx(11216,21): error TS2339: Property 'circle' does not exist on type 'JSX.IntrinsicElements'.
components/ProjectAssets.tsx(11217,21): error TS2339: Property 'path' does not exist on type 'JSX.IntrinsicElements'.
components/ProjectAssets.tsx(11218,19): error TS2339: Property 'svg' does not exist on type 'JSX.IntrinsicElements'.
components/ProjectAssets.tsx(11220,19): error TS2339: Property 'svg' does not exist on type 'JSX.IntrinsicElements'.
components/ProjectAssets.tsx(11221,21): error TS2339: Property 'path' does not exist on type 'JSX.IntrinsicElements'.
components/ProjectAssets.tsx(11222,19): error TS2339: Property 'svg' does not exist on type 'JSX.IntrinsicElements'.
components/ProjectAssets.tsx(11224,15): error TS2339: Property 'button' does not exist on type 'JSX.IntrinsicElements'.
components/ProjectAssets.tsx(11225,15): error TS2339: Property 'button' does not exist on type 'JSX.IntrinsicElements'.
components/ProjectAssets.tsx(11256,19): error TS2339: Property 'svg' does not exist on type 'JSX.IntrinsicElements'.
components/ProjectAssets.tsx(11257,21): error TS2339: Property 'circle' does not exist on type 'JSX.IntrinsicElements'.
components/ProjectAssets.tsx(11258,21): error TS2339: Property 'path' does not exist on type 'JSX.IntrinsicElements'.
components/ProjectAssets.tsx(11259,19): error TS2339: Property 'svg' does not exist on type 'JSX.IntrinsicElements'.
components/ProjectAssets.tsx(11261,19): error TS2339: Property 'svg' does not exist on type 'JSX.IntrinsicElements'.
components/ProjectAssets.tsx(11262,21): error TS2339: Property 'path' does not exist on type 'JSX.IntrinsicElements'.
components/ProjectAssets.tsx(11263,19): error TS2339: Property 'svg' does not exist on type 'JSX.IntrinsicElements'.
components/ProjectAssets.tsx(11265,15): error TS2339: Property 'button' does not exist on type 'JSX.IntrinsicElements'.
components/ProjectAssets.tsx(11266,15): error TS2339: Property 'button' does not exist on type 'JSX.IntrinsicElements'.
components/ProjectAssets.tsx(11270,17): error TS2339: Property 'svg' does not exist on type 'JSX.IntrinsicElements'.
components/ProjectAssets.tsx(11271,19): error TS2339: Property 'path' does not exist on type 'JSX.IntrinsicElements'.
components/ProjectAssets.tsx(11272,17): error TS2339: Property 'svg' does not exist on type 'JSX.IntrinsicElements'.
components/ProjectAssets.tsx(11273,15): error TS2339: Property 'button' does not exist on type 'JSX.IntrinsicElements'.
components/ProjectAssets.tsx(11274,13): error TS2339: Property 'div' does not exist on type 'JSX.IntrinsicElements'.
components/ProjectAssets.tsx(11275,13): error TS2339: Property 'div' does not exist on type 'JSX.IntrinsicElements'.
components/ProjectAssets.tsx(11276,15): error TS2339: Property 'div' does not exist on type 'JSX.IntrinsicElements'.
components/ProjectAssets.tsx(11277,17): error TS2339: Property 'iframe' does not exist on type 'JSX.IntrinsicElements'.
components/ProjectAssets.tsx(11283,15): error TS2339: Property 'div' does not exist on type 'JSX.IntrinsicElements'.
components/ProjectAssets.tsx(11284,13): error TS2339: Property 'div' does not exist on type 'JSX.IntrinsicElements'.
components/ProjectAssets.tsx(11285,11): error TS2339: Property 'div' does not exist on type 'JSX.IntrinsicElements'.
components/ProjectAssets.tsx(11292,11): error TS2339: Property 'div' does not exist on type 'JSX.IntrinsicElements'.
components/ProjectAssets.tsx(11296,13): error TS2339: Property 'button' does not exist on type 'JSX.IntrinsicElements'.
components/ProjectAssets.tsx(11300,15): error TS2339: Property 'svg' does not exist on type 'JSX.IntrinsicElements'.
components/ProjectAssets.tsx(11301,17): error TS2339: Property 'path' does not exist on type 'JSX.IntrinsicElements'.
components/ProjectAssets.tsx(11302,15): error TS2339: Property 'svg' does not exist on type 'JSX.IntrinsicElements'.
components/ProjectAssets.tsx(11303,13): error TS2339: Property 'button' does not exist on type 'JSX.IntrinsicElements'.
components/ProjectAssets.tsx(11305,13): error TS2339: Property 'div' does not exist on type 'JSX.IntrinsicElements'.
components/ProjectAssets.tsx(11309,15): error TS2339: Property 'div' does not exist on type 'JSX.IntrinsicElements'.
components/ProjectAssets.tsx(11310,17): error TS2339: Property 'video' does not exist on type 'JSX.IntrinsicElements'.
components/ProjectAssets.tsx(11317,15): error TS2339: Property 'div' does not exist on type 'JSX.IntrinsicElements'.
components/ProjectAssets.tsx(11318,15): error TS2339: Property 'div' does not exist on type 'JSX.IntrinsicElements'.
components/ProjectAssets.tsx(11319,17): error TS2339: Property 'h3' does not exist on type 'JSX.IntrinsicElements'.
components/ProjectAssets.tsx(11319,85): error TS2339: Property 'h3' does not exist on type 'JSX.IntrinsicElements'.
components/ProjectAssets.tsx(11320,17): error TS2339: Property 'p' does not exist on type 'JSX.IntrinsicElements'.
components/ProjectAssets.tsx(11320,89): error TS2339: Property 'p' does not exist on type 'JSX.IntrinsicElements'.
components/ProjectAssets.tsx(11322,19): error TS2339: Property 'p' does not exist on type 'JSX.IntrinsicElements'.
components/ProjectAssets.tsx(11324,19): error TS2339: Property 'p' does not exist on type 'JSX.IntrinsicElements'.
components/ProjectAssets.tsx(11327,19): error TS2339: Property 'div' does not exist on type 'JSX.IntrinsicElements'.
components/ProjectAssets.tsx(11328,21): error TS2339: Property 'button' does not exist on type 'JSX.IntrinsicElements'.
components/ProjectAssets.tsx(11335,23): error TS2339: Property 'svg' does not exist on type 'JSX.IntrinsicElements'.
components/ProjectAssets.tsx(11336,25): error TS2339: Property 'path' does not exist on type 'JSX.IntrinsicElements'.
components/ProjectAssets.tsx(11337,23): error TS2339: Property 'svg' does not exist on type 'JSX.IntrinsicElements'.
components/ProjectAssets.tsx(11339,21): error TS2339: Property 'button' does not exist on type 'JSX.IntrinsicElements'.
components/ProjectAssets.tsx(11340,19): error TS2339: Property 'div' does not exist on type 'JSX.IntrinsicElements'.
components/ProjectAssets.tsx(11342,15): error TS2339: Property 'div' does not exist on type 'JSX.IntrinsicElements'.
components/ProjectAssets.tsx(11343,13): error TS2339: Property 'div' does not exist on type 'JSX.IntrinsicElements'.
components/ProjectAssets.tsx(11344,11): error TS2339: Property 'div' does not exist on type 'JSX.IntrinsicElements'.
components/ProjectAssets.tsx(11351,11): error TS2339: Property 'div' does not exist on type 'JSX.IntrinsicElements'.
components/ProjectAssets.tsx(11355,13): error TS2339: Property 'button' does not exist on type 'JSX.IntrinsicElements'.
components/ProjectAssets.tsx(11359,15): error TS2339: Property 'svg' does not exist on type 'JSX.IntrinsicElements'.
components/ProjectAssets.tsx(11360,17): error TS2339: Property 'path' does not exist on type 'JSX.IntrinsicElements'.
components/ProjectAssets.tsx(11361,15): error TS2339: Property 'svg' does not exist on type 'JSX.IntrinsicElements'.
components/ProjectAssets.tsx(11362,13): error TS2339: Property 'button' does not exist on type 'JSX.IntrinsicElements'.
components/ProjectAssets.tsx(11365,15): error TS2339: Property 'div' does not exist on type 'JSX.IntrinsicElements'.
components/ProjectAssets.tsx(11370,19): error TS2339: Property 'img' does not exist on type 'JSX.IntrinsicElements'.
components/ProjectAssets.tsx(11376,17): error TS2339: Property 'div' does not exist on type 'JSX.IntrinsicElements'.
components/ProjectAssets.tsx(11377,19): error TS2339: Property 'h2' does not exist on type 'JSX.IntrinsicElements'.
components/ProjectAssets.tsx(11377,135): error TS2339: Property 'h2' does not exist on type 'JSX.IntrinsicElements'.
components/ProjectAssets.tsx(11378,19): error TS2339: Property 'p' does not exist on type 'JSX.IntrinsicElements'.
components/ProjectAssets.tsx(11378,122): error TS2339: Property 'p' does not exist on type 'JSX.IntrinsicElements'.
components/ProjectAssets.tsx(11379,19): error TS2339: Property 'div' does not exist on type 'JSX.IntrinsicElements'.
components/ProjectAssets.tsx(11383,19): error TS2339: Property 'div' does not exist on type 'JSX.IntrinsicElements'.
components/ProjectAssets.tsx(11384,17): error TS2339: Property 'div' does not exist on type 'JSX.IntrinsicElements'.
components/ProjectAssets.tsx(11385,15): error TS2339: Property 'div' does not exist on type 'JSX.IntrinsicElements'.
components/ProjectAssets.tsx(11387,15): error TS2339: Property 'div' does not exist on type 'JSX.IntrinsicElements'.
components/ProjectAssets.tsx(11392,17): error TS2339: Property 'div' does not exist on type 'JSX.IntrinsicElements'.
components/ProjectAssets.tsx(11393,19): error TS2339: Property 'div' does not exist on type 'JSX.IntrinsicElements'.
components/ProjectAssets.tsx(11394,21): error TS2339: Property 'h3' does not exist on type 'JSX.IntrinsicElements'.
components/ProjectAssets.tsx(11396,21): error TS2339: Property 'h3' does not exist on type 'JSX.IntrinsicElements'.
components/ProjectAssets.tsx(11397,21): error TS2339: Property 'p' does not exist on type 'JSX.IntrinsicElements'.
components/ProjectAssets.tsx(11399,21): error TS2339: Property 'p' does not exist on type 'JSX.IntrinsicElements'.
components/ProjectAssets.tsx(11400,19): error TS2339: Property 'div' does not exist on type 'JSX.IntrinsicElements'.
components/ProjectAssets.tsx(11401,19): error TS2339: Property 'div' does not exist on type 'JSX.IntrinsicElements'.
components/ProjectAssets.tsx(11402,21): error TS2339: Property 'span' does not exist on type 'JSX.IntrinsicElements'.
components/ProjectAssets.tsx(11404,21): error TS2339: Property 'span' does not exist on type 'JSX.IntrinsicElements'.
components/ProjectAssets.tsx(11405,21): error TS2339: Property 'button' does not exist on type 'JSX.IntrinsicElements'.
components/ProjectAssets.tsx(11409,23): error TS2339: Property 'svg' does not exist on type 'JSX.IntrinsicElements'.
components/ProjectAssets.tsx(11410,25): error TS2339: Property 'path' does not exist on type 'JSX.IntrinsicElements'.
components/ProjectAssets.tsx(11411,23): error TS2339: Property 'svg' does not exist on type 'JSX.IntrinsicElements'.
components/ProjectAssets.tsx(11412,21): error TS2339: Property 'button' does not exist on type 'JSX.IntrinsicElements'.
components/ProjectAssets.tsx(11413,19): error TS2339: Property 'div' does not exist on type 'JSX.IntrinsicElements'.
components/ProjectAssets.tsx(11414,17): error TS2339: Property 'div' does not exist on type 'JSX.IntrinsicElements'.
components/ProjectAssets.tsx(11417,17): error TS2339: Property 'div' does not exist on type 'JSX.IntrinsicElements'.
components/ProjectAssets.tsx(11419,19): error TS2339: Property 'div' does not exist on type 'JSX.IntrinsicElements'.
components/ProjectAssets.tsx(11420,21): error TS2339: Property 'div' does not exist on type 'JSX.IntrinsicElements'.
components/ProjectAssets.tsx(11421,23): error TS2339: Property 'img' does not exist on type 'JSX.IntrinsicElements'.
components/ProjectAssets.tsx(11429,25): error TS2339: Property 'button' does not exist on type 'JSX.IntrinsicElements'.
components/ProjectAssets.tsx(11436,27): error TS2339: Property 'svg' does not exist on type 'JSX.IntrinsicElements'.
components/ProjectAssets.tsx(11437,29): error TS2339: Property 'path' does not exist on type 'JSX.IntrinsicElements'.
components/ProjectAssets.tsx(11438,27): error TS2339: Property 'svg' does not exist on type 'JSX.IntrinsicElements'.
components/ProjectAssets.tsx(11439,25): error TS2339: Property 'button' does not exist on type 'JSX.IntrinsicElements'.
components/ProjectAssets.tsx(11443,25): error TS2339: Property 'button' does not exist on type 'JSX.IntrinsicElements'.
components/ProjectAssets.tsx(11450,27): error TS2339: Property 'svg' does not exist on type 'JSX.IntrinsicElements'.
components/ProjectAssets.tsx(11451,29): error TS2339: Property 'path' does not exist on type 'JSX.IntrinsicElements'.
components/ProjectAssets.tsx(11452,27): error TS2339: Property 'svg' does not exist on type 'JSX.IntrinsicElements'.
components/ProjectAssets.tsx(11453,25): error TS2339: Property 'button' does not exist on type 'JSX.IntrinsicElements'.
components/ProjectAssets.tsx(11457,23): error TS2339: Property 'div' does not exist on type 'JSX.IntrinsicElements'.
components/ProjectAssets.tsx(11459,27): error TS2339: Property 'button' does not exist on type 'JSX.IntrinsicElements'.
components/ProjectAssets.tsx(11467,29): error TS2339: Property 'svg' does not exist on type 'JSX.IntrinsicElements'.
components/ProjectAssets.tsx(11468,31): error TS2339: Property 'path' does not exist on type 'JSX.IntrinsicElements'.
components/ProjectAssets.tsx(11469,29): error TS2339: Property 'svg' does not exist on type 'JSX.IntrinsicElements'.
components/ProjectAssets.tsx(11470,27): error TS2339: Property 'button' does not exist on type 'JSX.IntrinsicElements'.
components/ProjectAssets.tsx(11472,25): error TS2339: Property 'button' does not exist on type 'JSX.IntrinsicElements'.
components/ProjectAssets.tsx(11482,29): error TS2339: Property 'svg' does not exist on type 'JSX.IntrinsicElements'.
components/ProjectAssets.tsx(11483,31): error TS2339: Property 'circle' does not exist on type 'JSX.IntrinsicElements'.
components/ProjectAssets.tsx(11484,31): error TS2339: Property 'path' does not exist on type 'JSX.IntrinsicElements'.
components/ProjectAssets.tsx(11485,29): error TS2339: Property 'svg' does not exist on type 'JSX.IntrinsicElements'.
components/ProjectAssets.tsx(11487,29): error TS2339: Property 'svg' does not exist on type 'JSX.IntrinsicElements'.
components/ProjectAssets.tsx(11488,31): error TS2339: Property 'path' does not exist on type 'JSX.IntrinsicElements'.
components/ProjectAssets.tsx(11489,29): error TS2339: Property 'svg' does not exist on type 'JSX.IntrinsicElements'.
components/ProjectAssets.tsx(11491,25): error TS2339: Property 'button' does not exist on type 'JSX.IntrinsicElements'.
components/ProjectAssets.tsx(11492,23): error TS2339: Property 'div' does not exist on type 'JSX.IntrinsicElements'.
components/ProjectAssets.tsx(11493,21): error TS2339: Property 'div' does not exist on type 'JSX.IntrinsicElements'.
components/ProjectAssets.tsx(11494,19): error TS2339: Property 'div' does not exist on type 'JSX.IntrinsicElements'.
components/ProjectAssets.tsx(11497,19): error TS2339: Property 'div' does not exist on type 'JSX.IntrinsicElements'.
components/ProjectAssets.tsx(11498,21): error TS2339: Property 'div' does not exist on type 'JSX.IntrinsicElements'.
components/ProjectAssets.tsx(11499,23): error TS2339: Property 'h4' does not exist on type 'JSX.IntrinsicElements'.
components/ProjectAssets.tsx(11501,23): error TS2339: Property 'h4' does not exist on type 'JSX.IntrinsicElements'.
components/ProjectAssets.tsx(11502,23): error TS2339: Property 'p' does not exist on type 'JSX.IntrinsicElements'.
components/ProjectAssets.tsx(11504,23): error TS2339: Property 'p' does not exist on type 'JSX.IntrinsicElements'.
components/ProjectAssets.tsx(11505,21): error TS2339: Property 'div' does not exist on type 'JSX.IntrinsicElements'.
components/ProjectAssets.tsx(11508,21): error TS2339: Property 'div' does not exist on type 'JSX.IntrinsicElements'.
components/ProjectAssets.tsx(11509,23): error TS2339: Property 'div' does not exist on type 'JSX.IntrinsicElements'.
components/ProjectAssets.tsx(11510,25): error TS2339: Property 'span' does not exist on type 'JSX.IntrinsicElements'.
components/ProjectAssets.tsx(11510,80): error TS2339: Property 'span' does not exist on type 'JSX.IntrinsicElements'.
components/ProjectAssets.tsx(11511,25): error TS2339: Property 'span' does not exist on type 'JSX.IntrinsicElements'.
components/ProjectAssets.tsx(11511,91): error TS2339: Property 'span' does not exist on type 'JSX.IntrinsicElements'.
components/ProjectAssets.tsx(11512,23): error TS2339: Property 'div' does not exist on type 'JSX.IntrinsicElements'.
components/ProjectAssets.tsx(11513,21): error TS2339: Property 'div' does not exist on type 'JSX.IntrinsicElements'.
components/ProjectAssets.tsx(11514,19): error TS2339: Property 'div' does not exist on type 'JSX.IntrinsicElements'.
components/ProjectAssets.tsx(11515,17): error TS2339: Property 'div' does not exist on type 'JSX.IntrinsicElements'.
components/ProjectAssets.tsx(11516,15): error TS2339: Property 'div' does not exist on type 'JSX.IntrinsicElements'.
components/ProjectAssets.tsx(11518,15): error TS2339: Property 'div' does not exist on type 'JSX.IntrinsicElements'.
components/ProjectAssets.tsx(11522,17): error TS2339: Property 'div' does not exist on type 'JSX.IntrinsicElements'.
components/ProjectAssets.tsx(11524,21): error TS2339: Property 'img' does not exist on type 'JSX.IntrinsicElements'.
components/ProjectAssets.tsx(11531,19): error TS2339: Property 'button' does not exist on type 'JSX.IntrinsicElements'.
components/ProjectAssets.tsx(11541,21): error TS2339: Property 'svg' does not exist on type 'JSX.IntrinsicElements'.
components/ProjectAssets.tsx(11542,23): error TS2339: Property 'path' does not exist on type 'JSX.IntrinsicElements'.
components/ProjectAssets.tsx(11543,21): error TS2339: Property 'svg' does not exist on type 'JSX.IntrinsicElements'.
components/ProjectAssets.tsx(11544,21): error TS2339: Property 'span' does not exist on type 'JSX.IntrinsicElements'.
components/ProjectAssets.tsx(11544,41): error TS2339: Property 'span' does not exist on type 'JSX.IntrinsicElements'.
components/ProjectAssets.tsx(11545,19): error TS2339: Property 'button' does not exist on type 'JSX.IntrinsicElements'.
components/ProjectAssets.tsx(11547,21): error TS2339: Property 'button' does not exist on type 'JSX.IntrinsicElements'.
components/ProjectAssets.tsx(11556,23): error TS2339: Property 'svg' does not exist on type 'JSX.IntrinsicElements'.
components/ProjectAssets.tsx(11557,25): error TS2339: Property 'path' does not exist on type 'JSX.IntrinsicElements'.
components/ProjectAssets.tsx(11558,23): error TS2339: Property 'svg' does not exist on type 'JSX.IntrinsicElements'.
components/ProjectAssets.tsx(11559,23): error TS2339: Property 'span' does not exist on type 'JSX.IntrinsicElements'.
components/ProjectAssets.tsx(11559,34): error TS2339: Property 'span' does not exist on type 'JSX.IntrinsicElements'.
components/ProjectAssets.tsx(11560,21): error TS2339: Property 'button' does not exist on type 'JSX.IntrinsicElements'.
components/ProjectAssets.tsx(11562,17): error TS2339: Property 'div' does not exist on type 'JSX.IntrinsicElements'.
components/ProjectAssets.tsx(11564,17): error TS2339: Property 'div' does not exist on type 'JSX.IntrinsicElements'.
components/ProjectAssets.tsx(11566,19): error TS2339: Property 'div' does not exist on type 'JSX.IntrinsicElements'.
components/ProjectAssets.tsx(11567,21): error TS2339: Property 'div' does not exist on type 'JSX.IntrinsicElements'.
components/ProjectAssets.tsx(11568,23): error TS2339: Property 'p' does not exist on type 'JSX.IntrinsicElements'.
components/ProjectAssets.tsx(11570,23): error TS2339: Property 'p' does not exist on type 'JSX.IntrinsicElements'.
components/ProjectAssets.tsx(11571,23): error TS2339: Property 'div' does not exist on type 'JSX.IntrinsicElements'.
components/ProjectAssets.tsx(11572,25): error TS2339: Property 'input' does not exist on type 'JSX.IntrinsicElements'.
components/ProjectAssets.tsx(11584,25): error TS2339: Property 'button' does not exist on type 'JSX.IntrinsicElements'.
components/ProjectAssets.tsx(11593,29): error TS2339: Property 'div' does not exist on type 'JSX.IntrinsicElements'.
components/ProjectAssets.tsx(11594,31): error TS2339: Property 'svg' does not exist on type 'JSX.IntrinsicElements'.
components/ProjectAssets.tsx(11595,33): error TS2339: Property 'circle' does not exist on type 'JSX.IntrinsicElements'.
components/ProjectAssets.tsx(11596,33): error TS2339: Property 'path' does not exist on type 'JSX.IntrinsicElements'.
components/ProjectAssets.tsx(11597,31): error TS2339: Property 'svg' does not exist on type 'JSX.IntrinsicElements'.
components/ProjectAssets.tsx(11598,31): error TS2339: Property 'span' does not exist on type 'JSX.IntrinsicElements'.
components/ProjectAssets.tsx(11598,47): error TS2339: Property 'span' does not exist on type 'JSX.IntrinsicElements'.
components/ProjectAssets.tsx(11599,29): error TS2339: Property 'div' does not exist on type 'JSX.IntrinsicElements'.
components/ProjectAssets.tsx(11601,25): error TS2339: Property 'button' does not exist on type 'JSX.IntrinsicElements'.
components/ProjectAssets.tsx(11602,23): error TS2339: Property 'div' does not exist on type 'JSX.IntrinsicElements'.
components/ProjectAssets.tsx(11604,25): error TS2339: Property 'p' does not exist on type 'JSX.IntrinsicElements'.
components/ProjectAssets.tsx(11604,88): error TS2339: Property 'p' does not exist on type 'JSX.IntrinsicElements'.
components/ProjectAssets.tsx(11606,21): error TS2339: Property 'div' does not exist on type 'JSX.IntrinsicElements'.
components/ProjectAssets.tsx(11607,19): error TS2339: Property 'div' does not exist on type 'JSX.IntrinsicElements'.
components/ProjectAssets.tsx(11609,19): error TS2339: Property 'h3' does not exist on type 'JSX.IntrinsicElements'.
components/ProjectAssets.tsx(11609,87): error TS2339: Property 'h3' does not exist on type 'JSX.IntrinsicElements'.
components/ProjectAssets.tsx(11610,19): error TS2339: Property 'p' does not exist on type 'JSX.IntrinsicElements'.
components/ProjectAssets.tsx(11610,91): error TS2339: Property 'p' does not exist on type 'JSX.IntrinsicElements'.
components/ProjectAssets.tsx(11612,21): error TS2339: Property 'p' does not exist on type 'JSX.IntrinsicElements'.
components/ProjectAssets.tsx(11614,21): error TS2339: Property 'p' does not exist on type 'JSX.IntrinsicElements'.
components/ProjectAssets.tsx(11616,17): error TS2339: Property 'div' does not exist on type 'JSX.IntrinsicElements'.
components/ProjectAssets.tsx(11617,15): error TS2339: Property 'div' does not exist on type 'JSX.IntrinsicElements'.
components/ProjectAssets.tsx(11619,11): error TS2339: Property 'div' does not exist on type 'JSX.IntrinsicElements'.
components/ProjectAssets.tsx(11626,11): error TS2339: Property 'div' does not exist on type 'JSX.IntrinsicElements'.
components/ProjectAssets.tsx(11629,13): error TS2339: Property 'div' does not exist on type 'JSX.IntrinsicElements'.
components/ProjectAssets.tsx(11630,15): error TS2339: Property 'div' does not exist on type 'JSX.IntrinsicElements'.
components/ProjectAssets.tsx(11631,17): error TS2339: Property 'span' does not exist on type 'JSX.IntrinsicElements'.
components/ProjectAssets.tsx(11633,17): error TS2339: Property 'span' does not exist on type 'JSX.IntrinsicElements'.
components/ProjectAssets.tsx(11634,17): error TS2339: Property 'div' does not exist on type 'JSX.IntrinsicElements'.
components/ProjectAssets.tsx(11635,19): error TS2339: Property 'span' does not exist on type 'JSX.IntrinsicElements'.
components/ProjectAssets.tsx(11637,19): error TS2339: Property 'span' does not exist on type 'JSX.IntrinsicElements'.
components/ProjectAssets.tsx(11638,19): error TS2339: Property 'span' does not exist on type 'JSX.IntrinsicElements'.
components/ProjectAssets.tsx(11640,19): error TS2339: Property 'span' does not exist on type 'JSX.IntrinsicElements'.
components/ProjectAssets.tsx(11641,17): error TS2339: Property 'div' does not exist on type 'JSX.IntrinsicElements'.
components/ProjectAssets.tsx(11642,15): error TS2339: Property 'div' does not exist on type 'JSX.IntrinsicElements'.
components/ProjectAssets.tsx(11643,15): error TS2339: Property 'button' does not exist on type 'JSX.IntrinsicElements'.
components/ProjectAssets.tsx(11648,17): error TS2339: Property 'svg' does not exist on type 'JSX.IntrinsicElements'.
components/ProjectAssets.tsx(11649,19): error TS2339: Property 'path' does not exist on type 'JSX.IntrinsicElements'.
components/ProjectAssets.tsx(11650,17): error TS2339: Property 'svg' does not exist on type 'JSX.IntrinsicElements'.
components/ProjectAssets.tsx(11651,15): error TS2339: Property 'button' does not exist on type 'JSX.IntrinsicElements'.
components/ProjectAssets.tsx(11652,13): error TS2339: Property 'div' does not exist on type 'JSX.IntrinsicElements'.
components/ProjectAssets.tsx(11653,13): error TS2339: Property 'div' does not exist on type 'JSX.IntrinsicElements'.
components/ProjectAssets.tsx(11654,15): error TS2339: Property 'audio' does not exist on type 'JSX.IntrinsicElements'.
components/ProjectAssets.tsx(11662,13): error TS2339: Property 'div' does not exist on type 'JSX.IntrinsicElements'.
components/ProjectAssets.tsx(11663,11): error TS2339: Property 'div' does not exist on type 'JSX.IntrinsicElements'.
components/ProjectAssets.tsx(11670,11): error TS2339: Property 'div' does not exist on type 'JSX.IntrinsicElements'.
components/ProjectAssets.tsx(11674,13): error TS2339: Property 'div' does not exist on type 'JSX.IntrinsicElements'.
components/ProjectAssets.tsx(11680,15): error TS2339: Property 'div' does not exist on type 'JSX.IntrinsicElements'.
components/ProjectAssets.tsx(11681,17): error TS2339: Property 'div' does not exist on type 'JSX.IntrinsicElements'.
components/ProjectAssets.tsx(11682,19): error TS2339: Property 'div' does not exist on type 'JSX.IntrinsicElements'.
components/ProjectAssets.tsx(11683,21): error TS2339: Property 'h3' does not exist on type 'JSX.IntrinsicElements'.
components/ProjectAssets.tsx(11685,21): error TS2339: Property 'h3' does not exist on type 'JSX.IntrinsicElements'.
components/ProjectAssets.tsx(11686,21): error TS2339: Property 'p' does not exist on type 'JSX.IntrinsicElements'.
components/ProjectAssets.tsx(11688,21): error TS2339: Property 'p' does not exist on type 'JSX.IntrinsicElements'.
components/ProjectAssets.tsx(11689,19): error TS2339: Property 'div' does not exist on type 'JSX.IntrinsicElements'.
components/ProjectAssets.tsx(11690,19): error TS2339: Property 'button' does not exist on type 'JSX.IntrinsicElements'.
components/ProjectAssets.tsx(11694,21): error TS2339: Property 'svg' does not exist on type 'JSX.IntrinsicElements'.
components/ProjectAssets.tsx(11695,23): error TS2339: Property 'path' does not exist on type 'JSX.IntrinsicElements'.
components/ProjectAssets.tsx(11696,21): error TS2339: Property 'svg' does not exist on type 'JSX.IntrinsicElements'.
components/ProjectAssets.tsx(11697,19): error TS2339: Property 'button' does not exist on type 'JSX.IntrinsicElements'.
components/ProjectAssets.tsx(11698,17): error TS2339: Property 'div' does not exist on type 'JSX.IntrinsicElements'.
components/ProjectAssets.tsx(11701,17): error TS2339: Property 'div' does not exist on type 'JSX.IntrinsicElements'.
components/ProjectAssets.tsx(11702,19): error TS2339: Property 'input' does not exist on type 'JSX.IntrinsicElements'.
components/ProjectAssets.tsx(11712,17): error TS2339: Property 'div' does not exist on type 'JSX.IntrinsicElements'.
components/ProjectAssets.tsx(11713,15): error TS2339: Property 'div' does not exist on type 'JSX.IntrinsicElements'.
components/ProjectAssets.tsx(11716,15): error TS2339: Property 'div' does not exist on type 'JSX.IntrinsicElements'.
components/ProjectAssets.tsx(11738,23): error TS2339: Property 'div' does not exist on type 'JSX.IntrinsicElements'.
components/ProjectAssets.tsx(11739,25): error TS2339: Property 'p' does not exist on type 'JSX.IntrinsicElements'.
components/ProjectAssets.tsx(11741,25): error TS2339: Property 'p' does not exist on type 'JSX.IntrinsicElements'.
components/ProjectAssets.tsx(11742,23): error TS2339: Property 'div' does not exist on type 'JSX.IntrinsicElements'.
components/ProjectAssets.tsx(11747,21): error TS2339: Property 'div' does not exist on type 'JSX.IntrinsicElements'.
components/ProjectAssets.tsx(11753,27): error TS2339: Property 'button' does not exist on type 'JSX.IntrinsicElements'.
components/ProjectAssets.tsx(11790,29): error TS2339: Property 'img' does not exist on type 'JSX.IntrinsicElements'.
components/ProjectAssets.tsx(11796,31): error TS2339: Property 'div' does not exist on type 'JSX.IntrinsicElements'.
components/ProjectAssets.tsx(11797,33): error TS2339: Property 'p' does not exist on type 'JSX.IntrinsicElements'.
components/ProjectAssets.tsx(11797,101): error TS2339: Property 'p' does not exist on type 'JSX.IntrinsicElements'.
components/ProjectAssets.tsx(11798,31): error TS2339: Property 'div' does not exist on type 'JSX.IntrinsicElements'.
components/ProjectAssets.tsx(11800,27): error TS2339: Property 'button' does not exist on type 'JSX.IntrinsicElements'.
components/ProjectAssets.tsx(11803,21): error TS2339: Property 'div' does not exist on type 'JSX.IntrinsicElements'.
components/ProjectAssets.tsx(11806,15): error TS2339: Property 'div' does not exist on type 'JSX.IntrinsicElements'.
components/ProjectAssets.tsx(11807,13): error TS2339: Property 'div' does not exist on type 'JSX.IntrinsicElements'.
components/ProjectAssets.tsx(11808,11): error TS2339: Property 'div' does not exist on type 'JSX.IntrinsicElements'.
components/ProjectAssets.tsx(11813,11): error TS2339: Property 'div' does not exist on type 'JSX.IntrinsicElements'.
components/ProjectAssets.tsx(11817,13): error TS2339: Property 'div' does not exist on type 'JSX.IntrinsicElements'.
components/ProjectAssets.tsx(11823,15): error TS2339: Property 'div' does not exist on type 'JSX.IntrinsicElements'.
components/ProjectAssets.tsx(11824,17): error TS2339: Property 'div' does not exist on type 'JSX.IntrinsicElements'.
components/ProjectAssets.tsx(11825,19): error TS2339: Property 'div' does not exist on type 'JSX.IntrinsicElements'.
components/ProjectAssets.tsx(11826,21): error TS2339: Property 'h3' does not exist on type 'JSX.IntrinsicElements'.
components/ProjectAssets.tsx(11828,21): error TS2339: Property 'h3' does not exist on type 'JSX.IntrinsicElements'.
components/ProjectAssets.tsx(11829,21): error TS2339: Property 'p' does not exist on type 'JSX.IntrinsicElements'.
components/ProjectAssets.tsx(11833,21): error TS2339: Property 'p' does not exist on type 'JSX.IntrinsicElements'.
components/ProjectAssets.tsx(11834,19): error TS2339: Property 'div' does not exist on type 'JSX.IntrinsicElements'.
components/ProjectAssets.tsx(11835,19): error TS2339: Property 'div' does not exist on type 'JSX.IntrinsicElements'.
components/ProjectAssets.tsx(11837,23): error TS2339: Property 'button' does not exist on type 'JSX.IntrinsicElements'.
components/ProjectAssets.tsx(11872,23): error TS2339: Property 'button' does not exist on type 'JSX.IntrinsicElements'.
components/ProjectAssets.tsx(11874,21): error TS2339: Property 'button' does not exist on type 'JSX.IntrinsicElements'.
components/ProjectAssets.tsx(11878,23): error TS2339: Property 'svg' does not exist on type 'JSX.IntrinsicElements'.
components/ProjectAssets.tsx(11879,25): error TS2339: Property 'path' does not exist on type 'JSX.IntrinsicElements'.
components/ProjectAssets.tsx(11880,23): error TS2339: Property 'svg' does not exist on type 'JSX.IntrinsicElements'.
components/ProjectAssets.tsx(11881,21): error TS2339: Property 'button' does not exist on type 'JSX.IntrinsicElements'.
components/ProjectAssets.tsx(11882,19): error TS2339: Property 'div' does not exist on type 'JSX.IntrinsicElements'.
components/ProjectAssets.tsx(11883,17): error TS2339: Property 'div' does not exist on type 'JSX.IntrinsicElements'.
components/ProjectAssets.tsx(11886,17): error TS2339: Property 'div' does not exist on type 'JSX.IntrinsicElements'.
components/ProjectAssets.tsx(11887,19): error TS2339: Property 'input' does not exist on type 'JSX.IntrinsicElements'.
components/ProjectAssets.tsx(11897,17): error TS2339: Property 'div' does not exist on type 'JSX.IntrinsicElements'.
components/ProjectAssets.tsx(11898,15): error TS2339: Property 'div' does not exist on type 'JSX.IntrinsicElements'.
components/ProjectAssets.tsx(11901,15): error TS2339: Property 'div' does not exist on type 'JSX.IntrinsicElements'.
components/ProjectAssets.tsx(11923,23): error TS2339: Property 'div' does not exist on type 'JSX.IntrinsicElements'.
components/ProjectAssets.tsx(11924,25): error TS2339: Property 'p' does not exist on type 'JSX.IntrinsicElements'.
components/ProjectAssets.tsx(11926,25): error TS2339: Property 'p' does not exist on type 'JSX.IntrinsicElements'.
components/ProjectAssets.tsx(11927,23): error TS2339: Property 'div' does not exist on type 'JSX.IntrinsicElements'.
components/ProjectAssets.tsx(11932,21): error TS2339: Property 'div' does not exist on type 'JSX.IntrinsicElements'.
components/ProjectAssets.tsx(11938,27): error TS2339: Property 'button' does not exist on type 'JSX.IntrinsicElements'.
components/ProjectAssets.tsx(11954,29): error TS2339: Property 'img' does not exist on type 'JSX.IntrinsicElements'.
components/ProjectAssets.tsx(11960,29): error TS2339: Property 'div' does not exist on type 'JSX.IntrinsicElements'.
components/ProjectAssets.tsx(11965,33): error TS2339: Property 'svg' does not exist on type 'JSX.IntrinsicElements'.
components/ProjectAssets.tsx(11966,35): error TS2339: Property 'path' does not exist on type 'JSX.IntrinsicElements'.
components/ProjectAssets.tsx(11967,33): error TS2339: Property 'svg' does not exist on type 'JSX.IntrinsicElements'.
components/ProjectAssets.tsx(11969,29): error TS2339: Property 'div' does not exist on type 'JSX.IntrinsicElements'.
components/ProjectAssets.tsx(11971,31): error TS2339: Property 'div' does not exist on type 'JSX.IntrinsicElements'.
components/ProjectAssets.tsx(11972,33): error TS2339: Property 'p' does not exist on type 'JSX.IntrinsicElements'.
components/ProjectAssets.tsx(11972,101): error TS2339: Property 'p' does not exist on type 'JSX.IntrinsicElements'.
components/ProjectAssets.tsx(11973,31): error TS2339: Property 'div' does not exist on type 'JSX.IntrinsicElements'.
components/ProjectAssets.tsx(11976,31): error TS2339: Property 'div' does not exist on type 'JSX.IntrinsicElements'.
components/ProjectAssets.tsx(11977,33): error TS2339: Property 'svg' does not exist on type 'JSX.IntrinsicElements'.
components/ProjectAssets.tsx(11978,35): error TS2339: Property 'circle' does not exist on type 'JSX.IntrinsicElements'.
components/ProjectAssets.tsx(11979,35): error TS2339: Property 'path' does not exist on type 'JSX.IntrinsicElements'.
components/ProjectAssets.tsx(11980,33): error TS2339: Property 'svg' does not exist on type 'JSX.IntrinsicElements'.
components/ProjectAssets.tsx(11981,31): error TS2339: Property 'div' does not exist on type 'JSX.IntrinsicElements'.
components/ProjectAssets.tsx(11983,27): error TS2339: Property 'button' does not exist on type 'JSX.IntrinsicElements'.
components/ProjectAssets.tsx(11986,21): error TS2339: Property 'div' does not exist on type 'JSX.IntrinsicElements'.
components/ProjectAssets.tsx(11989,15): error TS2339: Property 'div' does not exist on type 'JSX.IntrinsicElements'.
components/ProjectAssets.tsx(11990,13): error TS2339: Property 'div' does not exist on type 'JSX.IntrinsicElements'.
components/ProjectAssets.tsx(11991,11): error TS2339: Property 'div' does not exist on type 'JSX.IntrinsicElements'.
components/ProjectAssets.tsx(11997,9): error TS2339: Property 'div' does not exist on type 'JSX.IntrinsicElements'.
components/ProjectAssets.tsx(12001,11): error TS2339: Property 'div' does not exist on type 'JSX.IntrinsicElements'.
components/ProjectAssets.tsx(12006,13): error TS2339: Property 'div' does not exist on type 'JSX.IntrinsicElements'.
components/ProjectAssets.tsx(12007,15): error TS2339: Property 'div' does not exist on type 'JSX.IntrinsicElements'.
components/ProjectAssets.tsx(12008,17): error TS2339: Property 'div' does not exist on type 'JSX.IntrinsicElements'.
components/ProjectAssets.tsx(12009,19): error TS2339: Property 'h3' does not exist on type 'JSX.IntrinsicElements'.
components/ProjectAssets.tsx(12011,19): error TS2339: Property 'h3' does not exist on type 'JSX.IntrinsicElements'.
components/ProjectAssets.tsx(12012,19): error TS2339: Property 'p' does not exist on type 'JSX.IntrinsicElements'.
components/ProjectAssets.tsx(12016,19): error TS2339: Property 'p' does not exist on type 'JSX.IntrinsicElements'.
components/ProjectAssets.tsx(12017,17): error TS2339: Property 'div' does not exist on type 'JSX.IntrinsicElements'.
components/ProjectAssets.tsx(12018,17): error TS2339: Property 'div' does not exist on type 'JSX.IntrinsicElements'.
components/ProjectAssets.tsx(12020,21): error TS2339: Property 'button' does not exist on type 'JSX.IntrinsicElements'.
components/ProjectAssets.tsx(12049,21): error TS2339: Property 'button' does not exist on type 'JSX.IntrinsicElements'.
components/ProjectAssets.tsx(12051,19): error TS2339: Property 'button' does not exist on type 'JSX.IntrinsicElements'.
components/ProjectAssets.tsx(12058,21): error TS2339: Property 'svg' does not exist on type 'JSX.IntrinsicElements'.
components/ProjectAssets.tsx(12059,23): error TS2339: Property 'path' does not exist on type 'JSX.IntrinsicElements'.
components/ProjectAssets.tsx(12060,21): error TS2339: Property 'svg' does not exist on type 'JSX.IntrinsicElements'.
components/ProjectAssets.tsx(12061,19): error TS2339: Property 'button' does not exist on type 'JSX.IntrinsicElements'.
components/ProjectAssets.tsx(12062,17): error TS2339: Property 'div' does not exist on type 'JSX.IntrinsicElements'.
components/ProjectAssets.tsx(12063,15): error TS2339: Property 'div' does not exist on type 'JSX.IntrinsicElements'.
components/ProjectAssets.tsx(12065,15): error TS2339: Property 'div' does not exist on type 'JSX.IntrinsicElements'.
components/ProjectAssets.tsx(12066,17): error TS2339: Property 'input' does not exist on type 'JSX.IntrinsicElements'.
components/ProjectAssets.tsx(12073,15): error TS2339: Property 'div' does not exist on type 'JSX.IntrinsicElements'.
components/ProjectAssets.tsx(12074,13): error TS2339: Property 'div' does not exist on type 'JSX.IntrinsicElements'.
components/ProjectAssets.tsx(12076,13): error TS2339: Property 'div' does not exist on type 'JSX.IntrinsicElements'.
components/ProjectAssets.tsx(12095,21): error TS2339: Property 'div' does not exist on type 'JSX.IntrinsicElements'.
components/ProjectAssets.tsx(12096,23): error TS2339: Property 'p' does not exist on type 'JSX.IntrinsicElements'.
components/ProjectAssets.tsx(12098,23): error TS2339: Property 'p' does not exist on type 'JSX.IntrinsicElements'.
components/ProjectAssets.tsx(12099,21): error TS2339: Property 'div' does not exist on type 'JSX.IntrinsicElements'.
components/ProjectAssets.tsx(12104,19): error TS2339: Property 'div' does not exist on type 'JSX.IntrinsicElements'.
components/ProjectAssets.tsx(12110,25): error TS2339: Property 'button' does not exist on type 'JSX.IntrinsicElements'.
components/ProjectAssets.tsx(12123,27): error TS2339: Property 'img' does not exist on type 'JSX.IntrinsicElements'.
components/ProjectAssets.tsx(12128,27): error TS2339: Property 'div' does not exist on type 'JSX.IntrinsicElements'.
components/ProjectAssets.tsx(12133,31): error TS2339: Property 'svg' does not exist on type 'JSX.IntrinsicElements'.
components/ProjectAssets.tsx(12134,33): error TS2339: Property 'path' does not exist on type 'JSX.IntrinsicElements'.
components/ProjectAssets.tsx(12135,31): error TS2339: Property 'svg' does not exist on type 'JSX.IntrinsicElements'.
components/ProjectAssets.tsx(12137,27): error TS2339: Property 'div' does not exist on type 'JSX.IntrinsicElements'.
components/ProjectAssets.tsx(12139,29): error TS2339: Property 'div' does not exist on type 'JSX.IntrinsicElements'.
components/ProjectAssets.tsx(12140,31): error TS2339: Property 'p' does not exist on type 'JSX.IntrinsicElements'.
components/ProjectAssets.tsx(12140,99): error TS2339: Property 'p' does not exist on type 'JSX.IntrinsicElements'.
components/ProjectAssets.tsx(12141,29): error TS2339: Property 'div' does not exist on type 'JSX.IntrinsicElements'.
components/ProjectAssets.tsx(12143,25): error TS2339: Property 'button' does not exist on type 'JSX.IntrinsicElements'.
components/ProjectAssets.tsx(12146,19): error TS2339: Property 'div' does not exist on type 'JSX.IntrinsicElements'.
components/ProjectAssets.tsx(12149,13): error TS2339: Property 'div' does not exist on type 'JSX.IntrinsicElements'.
components/ProjectAssets.tsx(12150,11): error TS2339: Property 'div' does not exist on type 'JSX.IntrinsicElements'.
components/ProjectAssets.tsx(12151,9): error TS2339: Property 'div' does not exist on type 'JSX.IntrinsicElements'.
components/ProjectAssets.tsx(12156,9): error TS2339: Property 'div' does not exist on type 'JSX.IntrinsicElements'.
components/ProjectAssets.tsx(12160,11): error TS2339: Property 'div' does not exist on type 'JSX.IntrinsicElements'.
components/ProjectAssets.tsx(12164,13): error TS2339: Property 'div' does not exist on type 'JSX.IntrinsicElements'.
components/ProjectAssets.tsx(12165,15): error TS2339: Property 'h3' does not exist on type 'JSX.IntrinsicElements'.
components/ProjectAssets.tsx(12167,15): error TS2339: Property 'h3' does not exist on type 'JSX.IntrinsicElements'.
components/ProjectAssets.tsx(12168,15): error TS2339: Property 'button' does not exist on type 'JSX.IntrinsicElements'.
components/ProjectAssets.tsx(12169,17): error TS2339: Property 'svg' does not exist on type 'JSX.IntrinsicElements'.
components/ProjectAssets.tsx(12170,19): error TS2339: Property 'path' does not exist on type 'JSX.IntrinsicElements'.
components/ProjectAssets.tsx(12171,17): error TS2339: Property 'svg' does not exist on type 'JSX.IntrinsicElements'.
components/ProjectAssets.tsx(12172,15): error TS2339: Property 'button' does not exist on type 'JSX.IntrinsicElements'.
components/ProjectAssets.tsx(12173,13): error TS2339: Property 'div' does not exist on type 'JSX.IntrinsicElements'.
components/ProjectAssets.tsx(12175,13): error TS2339: Property 'div' does not exist on type 'JSX.IntrinsicElements'.
components/ProjectAssets.tsx(12177,15): error TS2339: Property 'div' does not exist on type 'JSX.IntrinsicElements'.
components/ProjectAssets.tsx(12179,17): error TS2339: Property 'div' does not exist on type 'JSX.IntrinsicElements'.
components/ProjectAssets.tsx(12180,19): error TS2339: Property 'div' does not exist on type 'JSX.IntrinsicElements'.
components/ProjectAssets.tsx(12181,21): error TS2339: Property 'div' does not exist on type 'JSX.IntrinsicElements'.
components/ProjectAssets.tsx(12181,111): error TS2339: Property 'div' does not exist on type 'JSX.IntrinsicElements'.
components/ProjectAssets.tsx(12182,21): error TS2339: Property 'span' does not exist on type 'JSX.IntrinsicElements'.
components/ProjectAssets.tsx(12182,116): error TS2339: Property 'span' does not exist on type 'JSX.IntrinsicElements'.
components/ProjectAssets.tsx(12183,19): error TS2339: Property 'div' does not exist on type 'JSX.IntrinsicElements'.
components/ProjectAssets.tsx(12184,19): error TS2339: Property 'div' does not exist on type 'JSX.IntrinsicElements'.
components/ProjectAssets.tsx(12186,23): error TS2339: Property 'button' does not exist on type 'JSX.IntrinsicElements'.
components/ProjectAssets.tsx(12191,23): error TS2339: Property 'button' does not exist on type 'JSX.IntrinsicElements'.
components/ProjectAssets.tsx(12194,23): error TS2339: Property 'button' does not exist on type 'JSX.IntrinsicElements'.
components/ProjectAssets.tsx(12214,23): error TS2339: Property 'button' does not exist on type 'JSX.IntrinsicElements'.
components/ProjectAssets.tsx(12216,23): error TS2339: Property 'span' does not exist on type 'JSX.IntrinsicElements'.
components/ProjectAssets.tsx(12216,97): error TS2339: Property 'span' does not exist on type 'JSX.IntrinsicElements'.
components/ProjectAssets.tsx(12218,19): error TS2339: Property 'div' does not exist on type 'JSX.IntrinsicElements'.
components/ProjectAssets.tsx(12219,17): error TS2339: Property 'div' does not exist on type 'JSX.IntrinsicElements'.
components/ProjectAssets.tsx(12222,17): error TS2339: Property 'div' does not exist on type 'JSX.IntrinsicElements'.
components/ProjectAssets.tsx(12223,19): error TS2339: Property 'div' does not exist on type 'JSX.IntrinsicElements'.
components/ProjectAssets.tsx(12224,21): error TS2339: Property 'div' does not exist on type 'JSX.IntrinsicElements'.
components/ProjectAssets.tsx(12224,113): error TS2339: Property 'div' does not exist on type 'JSX.IntrinsicElements'.
components/ProjectAssets.tsx(12225,21): error TS2339: Property 'span' does not exist on type 'JSX.IntrinsicElements'.
components/ProjectAssets.tsx(12225,118): error TS2339: Property 'span' does not exist on type 'JSX.IntrinsicElements'.
components/ProjectAssets.tsx(12226,19): error TS2339: Property 'div' does not exist on type 'JSX.IntrinsicElements'.
components/ProjectAssets.tsx(12227,19): error TS2339: Property 'div' does not exist on type 'JSX.IntrinsicElements'.
components/ProjectAssets.tsx(12229,23): error TS2339: Property 'button' does not exist on type 'JSX.IntrinsicElements'.
components/ProjectAssets.tsx(12234,23): error TS2339: Property 'button' does not exist on type 'JSX.IntrinsicElements'.
components/ProjectAssets.tsx(12237,23): error TS2339: Property 'button' does not exist on type 'JSX.IntrinsicElements'.
components/ProjectAssets.tsx(12257,23): error TS2339: Property 'button' does not exist on type 'JSX.IntrinsicElements'.
components/ProjectAssets.tsx(12259,23): error TS2339: Property 'span' does not exist on type 'JSX.IntrinsicElements'.
components/ProjectAssets.tsx(12259,97): error TS2339: Property 'span' does not exist on type 'JSX.IntrinsicElements'.
components/ProjectAssets.tsx(12261,19): error TS2339: Property 'div' does not exist on type 'JSX.IntrinsicElements'.
components/ProjectAssets.tsx(12262,17): error TS2339: Property 'div' does not exist on type 'JSX.IntrinsicElements'.
components/ProjectAssets.tsx(12266,19): error TS2339: Property 'p' does not exist on type 'JSX.IntrinsicElements'.
components/ProjectAssets.tsx(12267,34): error TS2339: Property 'span' does not exist on type 'JSX.IntrinsicElements'.
components/ProjectAssets.tsx(12267,105): error TS2339: Property 'span' does not exist on type 'JSX.IntrinsicElements'.
components/ProjectAssets.tsx(12268,19): error TS2339: Property 'p' does not exist on type 'JSX.IntrinsicElements'.
components/ProjectAssets.tsx(12270,15): error TS2339: Property 'div' does not exist on type 'JSX.IntrinsicElements'.
components/ProjectAssets.tsx(12272,15): error TS2339: Property 'div' does not exist on type 'JSX.IntrinsicElements'.
components/ProjectAssets.tsx(12273,17): error TS2339: Property 'label' does not exist on type 'JSX.IntrinsicElements'.
components/ProjectAssets.tsx(12273,129): error TS2339: Property 'label' does not exist on type 'JSX.IntrinsicElements'.
components/ProjectAssets.tsx(12274,17): error TS2339: Property 'p' does not exist on type 'JSX.IntrinsicElements'.
components/ProjectAssets.tsx(12275,62): error TS2339: Property 'span' does not exist on type 'JSX.IntrinsicElements'.
components/ProjectAssets.tsx(12275,128): error TS2339: Property 'span' does not exist on type 'JSX.IntrinsicElements'.
components/ProjectAssets.tsx(12276,17): error TS2339: Property 'p' does not exist on type 'JSX.IntrinsicElements'.
components/ProjectAssets.tsx(12277,15): error TS2339: Property 'div' does not exist on type 'JSX.IntrinsicElements'.
components/ProjectAssets.tsx(12279,15): error TS2339: Property 'div' does not exist on type 'JSX.IntrinsicElements'.
components/ProjectAssets.tsx(12280,17): error TS2339: Property 'label' does not exist on type 'JSX.IntrinsicElements'.
components/ProjectAssets.tsx(12280,134): error TS2339: Property 'label' does not exist on type 'JSX.IntrinsicElements'.
components/ProjectAssets.tsx(12281,17): error TS2339: Property 'label' does not exist on type 'JSX.IntrinsicElements'.
components/ProjectAssets.tsx(12286,21): error TS2339: Property 'div' does not exist on type 'JSX.IntrinsicElements'.
components/ProjectAssets.tsx(12287,23): error TS2339: Property 'span' does not exist on type 'JSX.IntrinsicElements'.
components/ProjectAssets.tsx(12287,106): error TS2339: Property 'span' does not exist on type 'JSX.IntrinsicElements'.
components/ProjectAssets.tsx(12288,23): error TS2339: Property 'button' does not exist on type 'JSX.IntrinsicElements'.
components/ProjectAssets.tsx(12295,25): error TS2339: Property 'svg' does not exist on type 'JSX.IntrinsicElements'.
components/ProjectAssets.tsx(12295,104): error TS2339: Property 'path' does not exist on type 'JSX.IntrinsicElements'.
components/ProjectAssets.tsx(12295,198): error TS2339: Property 'svg' does not exist on type 'JSX.IntrinsicElements'.
components/ProjectAssets.tsx(12296,23): error TS2339: Property 'button' does not exist on type 'JSX.IntrinsicElements'.
components/ProjectAssets.tsx(12297,21): error TS2339: Property 'div' does not exist on type 'JSX.IntrinsicElements'.
components/ProjectAssets.tsx(12300,23): error TS2339: Property 'svg' does not exist on type 'JSX.IntrinsicElements'.
components/ProjectAssets.tsx(12301,25): error TS2339: Property 'path' does not exist on type 'JSX.IntrinsicElements'.
components/ProjectAssets.tsx(12302,23): error TS2339: Property 'svg' does not exist on type 'JSX.IntrinsicElements'.
components/ProjectAssets.tsx(12303,23): error TS2339: Property 'span' does not exist on type 'JSX.IntrinsicElements'.
components/ProjectAssets.tsx(12303,83): error TS2339: Property 'span' does not exist on type 'JSX.IntrinsicElements'.
components/ProjectAssets.tsx(12306,19): error TS2339: Property 'input' does not exist on type 'JSX.IntrinsicElements'.
components/ProjectAssets.tsx(12315,17): error TS2339: Property 'label' does not exist on type 'JSX.IntrinsicElements'.
components/ProjectAssets.tsx(12316,15): error TS2339: Property 'div' does not exist on type 'JSX.IntrinsicElements'.
components/ProjectAssets.tsx(12318,15): error TS2339: Property 'div' does not exist on type 'JSX.IntrinsicElements'.
components/ProjectAssets.tsx(12319,17): error TS2339: Property 'label' does not exist on type 'JSX.IntrinsicElements'.
components/ProjectAssets.tsx(12319,139): error TS2339: Property 'label' does not exist on type 'JSX.IntrinsicElements'.
components/ProjectAssets.tsx(12320,17): error TS2339: Property 'textarea' does not exist on type 'JSX.IntrinsicElements'.
components/ProjectAssets.tsx(12330,15): error TS2339: Property 'div' does not exist on type 'JSX.IntrinsicElements'.
components/ProjectAssets.tsx(12333,17): error TS2339: Property 'p' does not exist on type 'JSX.IntrinsicElements'.
components/ProjectAssets.tsx(12333,100): error TS2339: Property 'p' does not exist on type 'JSX.IntrinsicElements'.
components/ProjectAssets.tsx(12336,17): error TS2339: Property 'p' does not exist on type 'JSX.IntrinsicElements'.
components/ProjectAssets.tsx(12336,106): error TS2339: Property 'p' does not exist on type 'JSX.IntrinsicElements'.
components/ProjectAssets.tsx(12339,15): error TS2339: Property 'div' does not exist on type 'JSX.IntrinsicElements'.
components/ProjectAssets.tsx(12340,17): error TS2339: Property 'button' does not exist on type 'JSX.IntrinsicElements'.
components/ProjectAssets.tsx(12348,17): error TS2339: Property 'button' does not exist on type 'JSX.IntrinsicElements'.
components/ProjectAssets.tsx(12349,17): error TS2339: Property 'button' does not exist on type 'JSX.IntrinsicElements'.
components/ProjectAssets.tsx(12355,21): error TS2339: Property 'svg' does not exist on type 'JSX.IntrinsicElements'.
components/ProjectAssets.tsx(12356,23): error TS2339: Property 'circle' does not exist on type 'JSX.IntrinsicElements'.
components/ProjectAssets.tsx(12357,23): error TS2339: Property 'path' does not exist on type 'JSX.IntrinsicElements'.
components/ProjectAssets.tsx(12358,21): error TS2339: Property 'svg' does not exist on type 'JSX.IntrinsicElements'.
components/ProjectAssets.tsx(12361,17): error TS2339: Property 'button' does not exist on type 'JSX.IntrinsicElements'.
components/ProjectAssets.tsx(12362,15): error TS2339: Property 'div' does not exist on type 'JSX.IntrinsicElements'.
components/ProjectAssets.tsx(12363,13): error TS2339: Property 'div' does not exist on type 'JSX.IntrinsicElements'.
components/ProjectAssets.tsx(12364,11): error TS2339: Property 'div' does not exist on type 'JSX.IntrinsicElements'.
components/ProjectAssets.tsx(12365,9): error TS2339: Property 'div' does not exist on type 'JSX.IntrinsicElements'.
components/ProjectAssets.tsx(12400,9): error TS2339: Property 'div' does not exist on type 'JSX.IntrinsicElements'.
components/ProjectAssets.tsx(12404,11): error TS2339: Property 'div' does not exist on type 'JSX.IntrinsicElements'.
components/ProjectAssets.tsx(12409,13): error TS2339: Property 'div' does not exist on type 'JSX.IntrinsicElements'.
components/ProjectAssets.tsx(12410,15): error TS2339: Property 'div' does not exist on type 'JSX.IntrinsicElements'.
components/ProjectAssets.tsx(12411,17): error TS2339: Property 'div' does not exist on type 'JSX.IntrinsicElements'.
components/ProjectAssets.tsx(12412,19): error TS2339: Property 'h3' does not exist on type 'JSX.IntrinsicElements'.
components/ProjectAssets.tsx(12414,19): error TS2339: Property 'h3' does not exist on type 'JSX.IntrinsicElements'.
components/ProjectAssets.tsx(12415,19): error TS2339: Property 'p' does not exist on type 'JSX.IntrinsicElements'.
components/ProjectAssets.tsx(12420,19): error TS2339: Property 'p' does not exist on type 'JSX.IntrinsicElements'.
components/ProjectAssets.tsx(12421,17): error TS2339: Property 'div' does not exist on type 'JSX.IntrinsicElements'.
components/ProjectAssets.tsx(12422,17): error TS2339: Property 'button' does not exist on type 'JSX.IntrinsicElements'.
components/ProjectAssets.tsx(12426,19): error TS2339: Property 'svg' does not exist on type 'JSX.IntrinsicElements'.
components/ProjectAssets.tsx(12427,21): error TS2339: Property 'path' does not exist on type 'JSX.IntrinsicElements'.
components/ProjectAssets.tsx(12428,19): error TS2339: Property 'svg' does not exist on type 'JSX.IntrinsicElements'.
components/ProjectAssets.tsx(12429,17): error TS2339: Property 'button' does not exist on type 'JSX.IntrinsicElements'.
components/ProjectAssets.tsx(12430,15): error TS2339: Property 'div' does not exist on type 'JSX.IntrinsicElements'.
components/ProjectAssets.tsx(12431,13): error TS2339: Property 'div' does not exist on type 'JSX.IntrinsicElements'.
components/ProjectAssets.tsx(12434,13): error TS2339: Property 'div' does not exist on type 'JSX.IntrinsicElements'.
components/ProjectAssets.tsx(12436,15): error TS2339: Property 'div' does not exist on type 'JSX.IntrinsicElements'.
components/ProjectAssets.tsx(12437,17): error TS2339: Property 'label' does not exist on type 'JSX.IntrinsicElements'.
components/ProjectAssets.tsx(12439,17): error TS2339: Property 'label' does not exist on type 'JSX.IntrinsicElements'.
components/ProjectAssets.tsx(12440,17): error TS2339: Property 'div' does not exist on type 'JSX.IntrinsicElements'.
components/ProjectAssets.tsx(12441,19): error TS2339: Property 'button' does not exist on type 'JSX.IntrinsicElements'.
components/ProjectAssets.tsx(12450,21): error TS2339: Property 'svg' does not exist on type 'JSX.IntrinsicElements'.
components/ProjectAssets.tsx(12451,23): error TS2339: Property 'path' does not exist on type 'JSX.IntrinsicElements'.
components/ProjectAssets.tsx(12452,21): error TS2339: Property 'svg' does not exist on type 'JSX.IntrinsicElements'.
components/ProjectAssets.tsx(12454,19): error TS2339: Property 'button' does not exist on type 'JSX.IntrinsicElements'.
components/ProjectAssets.tsx(12455,19): error TS2339: Property 'button' does not exist on type 'JSX.IntrinsicElements'.
components/ProjectAssets.tsx(12464,21): error TS2339: Property 'svg' does not exist on type 'JSX.IntrinsicElements'.
components/ProjectAssets.tsx(12465,23): error TS2339: Property 'path' does not exist on type 'JSX.IntrinsicElements'.
components/ProjectAssets.tsx(12466,21): error TS2339: Property 'svg' does not exist on type 'JSX.IntrinsicElements'.
components/ProjectAssets.tsx(12468,19): error TS2339: Property 'button' does not exist on type 'JSX.IntrinsicElements'.
components/ProjectAssets.tsx(12469,17): error TS2339: Property 'div' does not exist on type 'JSX.IntrinsicElements'.
components/ProjectAssets.tsx(12473,19): error TS2339: Property 'div' does not exist on type 'JSX.IntrinsicElements'.
components/ProjectAssets.tsx(12474,21): error TS2339: Property 'button' does not exist on type 'JSX.IntrinsicElements'.
components/ProjectAssets.tsx(12489,21): error TS2339: Property 'button' does not exist on type 'JSX.IntrinsicElements'.
components/ProjectAssets.tsx(12490,21): error TS2339: Property 'button' does not exist on type 'JSX.IntrinsicElements'.
components/ProjectAssets.tsx(12505,21): error TS2339: Property 'button' does not exist on type 'JSX.IntrinsicElements'.
components/ProjectAssets.tsx(12506,19): error TS2339: Property 'div' does not exist on type 'JSX.IntrinsicElements'.
components/ProjectAssets.tsx(12508,15): error TS2339: Property 'div' does not exist on type 'JSX.IntrinsicElements'.
components/ProjectAssets.tsx(12511,15): error TS2339: Property 'div' does not exist on type 'JSX.IntrinsicElements'.
components/ProjectAssets.tsx(12514,17): error TS2339: Property 'div' does not exist on type 'JSX.IntrinsicElements'.
components/ProjectAssets.tsx(12515,19): error TS2339: Property 'div' does not exist on type 'JSX.IntrinsicElements'.
components/ProjectAssets.tsx(12516,21): error TS2339: Property 'label' does not exist on type 'JSX.IntrinsicElements'.
components/ProjectAssets.tsx(12518,21): error TS2339: Property 'label' does not exist on type 'JSX.IntrinsicElements'.
components/ProjectAssets.tsx(12519,21): error TS2339: Property 'select' does not exist on type 'JSX.IntrinsicElements'.
components/ProjectAssets.tsx(12527,23): error TS2339: Property 'option' does not exist on type 'JSX.IntrinsicElements'.
components/ProjectAssets.tsx(12527,69): error TS2339: Property 'option' does not exist on type 'JSX.IntrinsicElements'.
components/ProjectAssets.tsx(12529,25): error TS2339: Property 'option' does not exist on type 'JSX.IntrinsicElements'.
components/ProjectAssets.tsx(12529,65): error TS2339: Property 'option' does not exist on type 'JSX.IntrinsicElements'.
components/ProjectAssets.tsx(12531,21): error TS2339: Property 'select' does not exist on type 'JSX.IntrinsicElements'.
components/ProjectAssets.tsx(12532,19): error TS2339: Property 'div' does not exist on type 'JSX.IntrinsicElements'.
components/ProjectAssets.tsx(12533,17): error TS2339: Property 'div' does not exist on type 'JSX.IntrinsicElements'.
components/ProjectAssets.tsx(12536,17): error TS2339: Property 'div' does not exist on type 'JSX.IntrinsicElements'.
components/ProjectAssets.tsx(12537,19): error TS2339: Property 'label' does not exist on type 'JSX.IntrinsicElements'.
components/ProjectAssets.tsx(12539,19): error TS2339: Property 'label' does not exist on type 'JSX.IntrinsicElements'.
components/ProjectAssets.tsx(12540,19): error TS2339: Property 'input' does not exist on type 'JSX.IntrinsicElements'.
components/ProjectAssets.tsx(12550,17): error TS2339: Property 'div' does not exist on type 'JSX.IntrinsicElements'.
components/ProjectAssets.tsx(12553,17): error TS2339: Property 'div' does not exist on type 'JSX.IntrinsicElements'.
components/ProjectAssets.tsx(12554,19): error TS2339: Property 'label' does not exist on type 'JSX.IntrinsicElements'.
components/ProjectAssets.tsx(12556,19): error TS2339: Property 'label' does not exist on type 'JSX.IntrinsicElements'.
components/ProjectAssets.tsx(12557,19): error TS2339: Property 'textarea' does not exist on type 'JSX.IntrinsicElements'.
components/ProjectAssets.tsx(12567,17): error TS2339: Property 'div' does not exist on type 'JSX.IntrinsicElements'.
components/ProjectAssets.tsx(12570,17): error TS2339: Property 'div' does not exist on type 'JSX.IntrinsicElements'.
components/ProjectAssets.tsx(12572,21): error TS2339: Property 'button' does not exist on type 'JSX.IntrinsicElements'.
components/ProjectAssets.tsx(12577,21): error TS2339: Property 'button' does not exist on type 'JSX.IntrinsicElements'.
components/ProjectAssets.tsx(12579,21): error TS2339: Property 'div' does not exist on type 'JSX.IntrinsicElements'.
components/ProjectAssets.tsx(12580,23): error TS2339: Property 'input' does not exist on type 'JSX.IntrinsicElements'.
components/ProjectAssets.tsx(12589,23): error TS2339: Property 'button' does not exist on type 'JSX.IntrinsicElements'.
components/ProjectAssets.tsx(12595,23): error TS2339: Property 'button' does not exist on type 'JSX.IntrinsicElements'.
components/ProjectAssets.tsx(12596,23): error TS2339: Property 'button' does not exist on type 'JSX.IntrinsicElements'.
components/ProjectAssets.tsx(12601,23): error TS2339: Property 'button' does not exist on type 'JSX.IntrinsicElements'.
components/ProjectAssets.tsx(12602,21): error TS2339: Property 'div' does not exist on type 'JSX.IntrinsicElements'.
components/ProjectAssets.tsx(12604,17): error TS2339: Property 'div' does not exist on type 'JSX.IntrinsicElements'.
components/ProjectAssets.tsx(12605,15): error TS2339: Property 'div' does not exist on type 'JSX.IntrinsicElements'.
components/ProjectAssets.tsx(12609,17): error TS2339: Property 'p' does not exist on type 'JSX.IntrinsicElements'.
components/ProjectAssets.tsx(12609,69): error TS2339: Property 'p' does not exist on type 'JSX.IntrinsicElements'.
components/ProjectAssets.tsx(12612,17): error TS2339: Property 'p' does not exist on type 'JSX.IntrinsicElements'.
components/ProjectAssets.tsx(12612,73): error TS2339: Property 'p' does not exist on type 'JSX.IntrinsicElements'.
components/ProjectAssets.tsx(12614,13): error TS2339: Property 'div' does not exist on type 'JSX.IntrinsicElements'.
components/ProjectAssets.tsx(12617,13): error TS2339: Property 'div' does not exist on type 'JSX.IntrinsicElements'.
components/ProjectAssets.tsx(12618,15): error TS2339: Property 'button' does not exist on type 'JSX.IntrinsicElements'.
components/ProjectAssets.tsx(12626,15): error TS2339: Property 'button' does not exist on type 'JSX.IntrinsicElements'.
components/ProjectAssets.tsx(12627,15): error TS2339: Property 'button' does not exist on type 'JSX.IntrinsicElements'.
components/ProjectAssets.tsx(12636,15): error TS2339: Property 'button' does not exist on type 'JSX.IntrinsicElements'.
components/ProjectAssets.tsx(12637,13): error TS2339: Property 'div' does not exist on type 'JSX.IntrinsicElements'.
components/ProjectAssets.tsx(12638,11): error TS2339: Property 'div' does not exist on type 'JSX.IntrinsicElements'.
components/ProjectAssets.tsx(12639,9): error TS2339: Property 'div' does not exist on type 'JSX.IntrinsicElements'.
components/ProjectAssets.tsx(12645,9): error TS2339: Property 'div' does not exist on type 'JSX.IntrinsicElements'.
components/ProjectAssets.tsx(12649,11): error TS2339: Property 'div' does not exist on type 'JSX.IntrinsicElements'.
components/ProjectAssets.tsx(12654,13): error TS2339: Property 'div' does not exist on type 'JSX.IntrinsicElements'.
components/ProjectAssets.tsx(12655,15): error TS2339: Property 'div' does not exist on type 'JSX.IntrinsicElements'.
components/ProjectAssets.tsx(12656,17): error TS2339: Property 'div' does not exist on type 'JSX.IntrinsicElements'.
components/ProjectAssets.tsx(12657,19): error TS2339: Property 'h3' does not exist on type 'JSX.IntrinsicElements'.
components/ProjectAssets.tsx(12659,19): error TS2339: Property 'h3' does not exist on type 'JSX.IntrinsicElements'.
components/ProjectAssets.tsx(12660,19): error TS2339: Property 'p' does not exist on type 'JSX.IntrinsicElements'.
components/ProjectAssets.tsx(12662,19): error TS2339: Property 'p' does not exist on type 'JSX.IntrinsicElements'.
components/ProjectAssets.tsx(12663,17): error TS2339: Property 'div' does not exist on type 'JSX.IntrinsicElements'.
components/ProjectAssets.tsx(12664,17): error TS2339: Property 'button' does not exist on type 'JSX.IntrinsicElements'.
components/ProjectAssets.tsx(12668,19): error TS2339: Property 'svg' does not exist on type 'JSX.IntrinsicElements'.
components/ProjectAssets.tsx(12669,21): error TS2339: Property 'path' does not exist on type 'JSX.IntrinsicElements'.
components/ProjectAssets.tsx(12670,19): error TS2339: Property 'svg' does not exist on type 'JSX.IntrinsicElements'.
components/ProjectAssets.tsx(12671,17): error TS2339: Property 'button' does not exist on type 'JSX.IntrinsicElements'.
components/ProjectAssets.tsx(12672,15): error TS2339: Property 'div' does not exist on type 'JSX.IntrinsicElements'.
components/ProjectAssets.tsx(12673,13): error TS2339: Property 'div' does not exist on type 'JSX.IntrinsicElements'.
components/ProjectAssets.tsx(12676,13): error TS2339: Property 'div' does not exist on type 'JSX.IntrinsicElements'.
components/ProjectAssets.tsx(12678,17): error TS2339: Property 'div' does not exist on type 'JSX.IntrinsicElements'.
components/ProjectAssets.tsx(12679,19): error TS2339: Property 'svg' does not exist on type 'JSX.IntrinsicElements'.
components/ProjectAssets.tsx(12680,21): error TS2339: Property 'path' does not exist on type 'JSX.IntrinsicElements'.
components/ProjectAssets.tsx(12681,19): error TS2339: Property 'svg' does not exist on type 'JSX.IntrinsicElements'.
components/ProjectAssets.tsx(12682,19): error TS2339: Property 'p' does not exist on type 'JSX.IntrinsicElements'.
components/ProjectAssets.tsx(12682,63): error TS2339: Property 'p' does not exist on type 'JSX.IntrinsicElements'.
components/ProjectAssets.tsx(12683,19): error TS2339: Property 'p' does not exist on type 'JSX.IntrinsicElements'.
components/ProjectAssets.tsx(12683,88): error TS2339: Property 'p' does not exist on type 'JSX.IntrinsicElements'.
components/ProjectAssets.tsx(12684,17): error TS2339: Property 'div' does not exist on type 'JSX.IntrinsicElements'.
components/ProjectAssets.tsx(12686,17): error TS2339: Property 'div' does not exist on type 'JSX.IntrinsicElements'.
components/ProjectAssets.tsx(12690,23): error TS2339: Property 'button' does not exist on type 'JSX.IntrinsicElements'.
components/ProjectAssets.tsx(12706,25): error TS2339: Property 'div' does not exist on type 'JSX.IntrinsicElements'.
components/ProjectAssets.tsx(12708,27): error TS2339: Property 'div' does not exist on type 'JSX.IntrinsicElements'.
components/ProjectAssets.tsx(12710,31): error TS2339: Property 'img' does not exist on type 'JSX.IntrinsicElements'.
components/ProjectAssets.tsx(12712,31): error TS2339: Property 'div' does not exist on type 'JSX.IntrinsicElements'.
components/ProjectAssets.tsx(12713,33): error TS2339: Property 'svg' does not exist on type 'JSX.IntrinsicElements'.
components/ProjectAssets.tsx(12714,35): error TS2339: Property 'path' does not exist on type 'JSX.IntrinsicElements'.
components/ProjectAssets.tsx(12715,33): error TS2339: Property 'svg' does not exist on type 'JSX.IntrinsicElements'.
components/ProjectAssets.tsx(12716,31): error TS2339: Property 'div' does not exist on type 'JSX.IntrinsicElements'.
components/ProjectAssets.tsx(12718,27): error TS2339: Property 'div' does not exist on type 'JSX.IntrinsicElements'.
components/ProjectAssets.tsx(12721,27): error TS2339: Property 'div' does not exist on type 'JSX.IntrinsicElements'.
components/ProjectAssets.tsx(12722,29): error TS2339: Property 'div' does not exist on type 'JSX.IntrinsicElements'.
components/ProjectAssets.tsx(12723,31): error TS2339: Property 'h4' does not exist on type 'JSX.IntrinsicElements'.
components/ProjectAssets.tsx(12725,31): error TS2339: Property 'h4' does not exist on type 'JSX.IntrinsicElements'.
components/ProjectAssets.tsx(12727,33): error TS2339: Property 'svg' does not exist on type 'JSX.IntrinsicElements'.
components/ProjectAssets.tsx(12728,35): error TS2339: Property 'path' does not exist on type 'JSX.IntrinsicElements'.
components/ProjectAssets.tsx(12729,33): error TS2339: Property 'svg' does not exist on type 'JSX.IntrinsicElements'.
components/ProjectAssets.tsx(12731,29): error TS2339: Property 'div' does not exist on type 'JSX.IntrinsicElements'.
components/ProjectAssets.tsx(12732,29): error TS2339: Property 'p' does not exist on type 'JSX.IntrinsicElements'.
components/ProjectAssets.tsx(12734,29): error TS2339: Property 'p' does not exist on type 'JSX.IntrinsicElements'.
components/ProjectAssets.tsx(12735,29): error TS2339: Property 'p' does not exist on type 'JSX.IntrinsicElements'.
components/ProjectAssets.tsx(12737,29): error TS2339: Property 'p' does not exist on type 'JSX.IntrinsicElements'.
components/ProjectAssets.tsx(12738,27): error TS2339: Property 'div' does not exist on type 'JSX.IntrinsicElements'.
components/ProjectAssets.tsx(12739,25): error TS2339: Property 'div' does not exist on type 'JSX.IntrinsicElements'.
components/ProjectAssets.tsx(12740,23): error TS2339: Property 'button' does not exist on type 'JSX.IntrinsicElements'.
components/ProjectAssets.tsx(12743,17): error TS2339: Property 'div' does not exist on type 'JSX.IntrinsicElements'.
components/ProjectAssets.tsx(12745,13): error TS2339: Property 'div' does not exist on type 'JSX.IntrinsicElements'.
components/ProjectAssets.tsx(12748,13): error TS2339: Property 'div' does not exist on type 'JSX.IntrinsicElements'.
components/ProjectAssets.tsx(12749,15): error TS2339: Property 'button' does not exist on type 'JSX.IntrinsicElements'.
components/ProjectAssets.tsx(12757,15): error TS2339: Property 'button' does not exist on type 'JSX.IntrinsicElements'.
components/ProjectAssets.tsx(12758,15): error TS2339: Property 'button' does not exist on type 'JSX.IntrinsicElements'.
components/ProjectAssets.tsx(12763,15): error TS2339: Property 'button' does not exist on type 'JSX.IntrinsicElements'.
components/ProjectAssets.tsx(12764,13): error TS2339: Property 'div' does not exist on type 'JSX.IntrinsicElements'.
components/ProjectAssets.tsx(12765,11): error TS2339: Property 'div' does not exist on type 'JSX.IntrinsicElements'.
components/ProjectAssets.tsx(12766,9): error TS2339: Property 'div' does not exist on type 'JSX.IntrinsicElements'.
components/ProjectAssets.tsx(12769,5): error TS2339: Property 'div' does not exist on type 'JSX.IntrinsicElements'.
components/SpreadsheetTable.tsx(24,14): error TS2322: Type '({ columns, rows, onColumnsChange, onRowsChange, isDarkMode, title, description, }: SpreadsheetTableProps) => Element' is not assignable to type 'FC<SpreadsheetTableProps>'.
  Type 'Element' is not assignable to type 'ReactNode | Promise<ReactNode>'.
components/SpreadsheetTable.tsx(257,9): error TS2339: Property 'div' does not exist on type 'JSX.IntrinsicElements'.
components/SpreadsheetTable.tsx(260,17): error TS2339: Property 'div' does not exist on type 'JSX.IntrinsicElements'.
components/SpreadsheetTable.tsx(262,25): error TS2339: Property 'h4' does not exist on type 'JSX.IntrinsicElements'.
components/SpreadsheetTable.tsx(262,85): error TS2339: Property 'h4' does not exist on type 'JSX.IntrinsicElements'.
components/SpreadsheetTable.tsx(265,25): error TS2339: Property 'p' does not exist on type 'JSX.IntrinsicElements'.
components/SpreadsheetTable.tsx(265,83): error TS2339: Property 'p' does not exist on type 'JSX.IntrinsicElements'.
components/SpreadsheetTable.tsx(267,17): error TS2339: Property 'div' does not exist on type 'JSX.IntrinsicElements'.
components/SpreadsheetTable.tsx(271,13): error TS2339: Property 'div' does not exist on type 'JSX.IntrinsicElements'.
components/SpreadsheetTable.tsx(272,17): error TS2339: Property 'button' does not exist on type 'JSX.IntrinsicElements'.
components/SpreadsheetTable.tsx(277,21): error TS2339: Property 'svg' does not exist on type 'JSX.IntrinsicElements'.
components/SpreadsheetTable.tsx(278,25): error TS2339: Property 'path' does not exist on type 'JSX.IntrinsicElements'.
components/SpreadsheetTable.tsx(279,21): error TS2339: Property 'svg' does not exist on type 'JSX.IntrinsicElements'.
components/SpreadsheetTable.tsx(281,17): error TS2339: Property 'button' does not exist on type 'JSX.IntrinsicElements'.
components/SpreadsheetTable.tsx(282,17): error TS2339: Property 'button' does not exist on type 'JSX.IntrinsicElements'.
components/SpreadsheetTable.tsx(287,21): error TS2339: Property 'svg' does not exist on type 'JSX.IntrinsicElements'.
components/SpreadsheetTable.tsx(288,25): error TS2339: Property 'path' does not exist on type 'JSX.IntrinsicElements'.
components/SpreadsheetTable.tsx(289,21): error TS2339: Property 'svg' does not exist on type 'JSX.IntrinsicElements'.
components/SpreadsheetTable.tsx(291,17): error TS2339: Property 'button' does not exist on type 'JSX.IntrinsicElements'.
components/SpreadsheetTable.tsx(292,17): error TS2339: Property 'span' does not exist on type 'JSX.IntrinsicElements'.
components/SpreadsheetTable.tsx(294,17): error TS2339: Property 'span' does not exist on type 'JSX.IntrinsicElements'.
components/SpreadsheetTable.tsx(295,13): error TS2339: Property 'div' does not exist on type 'JSX.IntrinsicElements'.
components/SpreadsheetTable.tsx(298,13): error TS2339: Property 'div' does not exist on type 'JSX.IntrinsicElements'.
components/SpreadsheetTable.tsx(304,17): error TS2339: Property 'table' does not exist on type 'JSX.IntrinsicElements'.
components/SpreadsheetTable.tsx(306,21): error TS2339: Property 'thead' does not exist on type 'JSX.IntrinsicElements'.
components/SpreadsheetTable.tsx(307,25): error TS2339: Property 'tr' does not exist on type 'JSX.IntrinsicElements'.
components/SpreadsheetTable.tsx(309,29): error TS2339: Property 'th' does not exist on type 'JSX.IntrinsicElements'.
components/SpreadsheetTable.tsx(311,29): error TS2339: Property 'th' does not exist on type 'JSX.IntrinsicElements'.
components/SpreadsheetTable.tsx(314,33): error TS2339: Property 'th' does not exist on type 'JSX.IntrinsicElements'.
components/SpreadsheetTable.tsx(324,37): error TS2339: Property 'div' does not exist on type 'JSX.IntrinsicElements'.
components/SpreadsheetTable.tsx(325,41): error TS2339: Property 'button' does not exist on type 'JSX.IntrinsicElements'.
components/SpreadsheetTable.tsx(333,41): error TS2339: Property 'button' does not exist on type 'JSX.IntrinsicElements'.
components/SpreadsheetTable.tsx(334,41): error TS2339: Property 'span' does not exist on type 'JSX.IntrinsicElements'.
components/SpreadsheetTable.tsx(336,41): error TS2339: Property 'span' does not exist on type 'JSX.IntrinsicElements'.
components/SpreadsheetTable.tsx(338,45): error TS2339: Property 'input' does not exist on type 'JSX.IntrinsicElements'.
components/SpreadsheetTable.tsx(348,45): error TS2339: Property 'span' does not exist on type 'JSX.IntrinsicElements'.
components/SpreadsheetTable.tsx(348,95): error TS2339: Property 'span' does not exist on type 'JSX.IntrinsicElements'.
components/SpreadsheetTable.tsx(351,45): error TS2339: Property 'button' does not exist on type 'JSX.IntrinsicElements'.
components/SpreadsheetTable.tsx(357,49): error TS2339: Property 'svg' does not exist on type 'JSX.IntrinsicElements'.
components/SpreadsheetTable.tsx(358,53): error TS2339: Property 'path' does not exist on type 'JSX.IntrinsicElements'.
components/SpreadsheetTable.tsx(359,49): error TS2339: Property 'svg' does not exist on type 'JSX.IntrinsicElements'.
components/SpreadsheetTable.tsx(360,45): error TS2339: Property 'button' does not exist on type 'JSX.IntrinsicElements'.
components/SpreadsheetTable.tsx(362,37): error TS2339: Property 'div' does not exist on type 'JSX.IntrinsicElements'.
components/SpreadsheetTable.tsx(363,33): error TS2339: Property 'th' does not exist on type 'JSX.IntrinsicElements'.
components/SpreadsheetTable.tsx(365,25): error TS2339: Property 'tr' does not exist on type 'JSX.IntrinsicElements'.
components/SpreadsheetTable.tsx(366,21): error TS2339: Property 'thead' does not exist on type 'JSX.IntrinsicElements'.
components/SpreadsheetTable.tsx(369,21): error TS2339: Property 'tbody' does not exist on type 'JSX.IntrinsicElements'.
components/SpreadsheetTable.tsx(371,29): error TS2339: Property 'tr' does not exist on type 'JSX.IntrinsicElements'.
components/SpreadsheetTable.tsx(373,33): error TS2339: Property 'td' does not exist on type 'JSX.IntrinsicElements'.
components/SpreadsheetTable.tsx(383,37): error TS2339: Property 'div' does not exist on type 'JSX.IntrinsicElements'.
components/SpreadsheetTable.tsx(384,41): error TS2339: Property 'span' does not exist on type 'JSX.IntrinsicElements'.
components/SpreadsheetTable.tsx(384,59): error TS2339: Property 'span' does not exist on type 'JSX.IntrinsicElements'.
components/SpreadsheetTable.tsx(386,45): error TS2339: Property 'button' does not exist on type 'JSX.IntrinsicElements'.
components/SpreadsheetTable.tsx(392,49): error TS2339: Property 'svg' does not exist on type 'JSX.IntrinsicElements'.
components/SpreadsheetTable.tsx(393,53): error TS2339: Property 'path' does not exist on type 'JSX.IntrinsicElements'.
components/SpreadsheetTable.tsx(394,49): error TS2339: Property 'svg' does not exist on type 'JSX.IntrinsicElements'.
components/SpreadsheetTable.tsx(395,45): error TS2339: Property 'button' does not exist on type 'JSX.IntrinsicElements'.
components/SpreadsheetTable.tsx(397,37): error TS2339: Property 'div' does not exist on type 'JSX.IntrinsicElements'.
components/SpreadsheetTable.tsx(398,33): error TS2339: Property 'td' does not exist on type 'JSX.IntrinsicElements'.
components/SpreadsheetTable.tsx(408,41): error TS2339: Property 'td' does not exist on type 'JSX.IntrinsicElements'.
components/SpreadsheetTable.tsx(415,49): error TS2339: Property 'textarea' does not exist on type 'JSX.IntrinsicElements'.
components/SpreadsheetTable.tsx(424,49): error TS2339: Property 'div' does not exist on type 'JSX.IntrinsicElements'.
components/SpreadsheetTable.tsx(426,49): error TS2339: Property 'div' does not exist on type 'JSX.IntrinsicElements'.
components/SpreadsheetTable.tsx(428,41): error TS2339: Property 'td' does not exist on type 'JSX.IntrinsicElements'.
components/SpreadsheetTable.tsx(431,29): error TS2339: Property 'tr' does not exist on type 'JSX.IntrinsicElements'.
components/SpreadsheetTable.tsx(433,21): error TS2339: Property 'tbody' does not exist on type 'JSX.IntrinsicElements'.
components/SpreadsheetTable.tsx(434,17): error TS2339: Property 'table' does not exist on type 'JSX.IntrinsicElements'.
components/SpreadsheetTable.tsx(435,13): error TS2339: Property 'div' does not exist on type 'JSX.IntrinsicElements'.
components/SpreadsheetTable.tsx(438,13): error TS2339: Property 'div' does not exist on type 'JSX.IntrinsicElements'.
components/SpreadsheetTable.tsx(439,17): error TS2339: Property 'span' does not exist on type 'JSX.IntrinsicElements'.
components/SpreadsheetTable.tsx(439,38): error TS2339: Property 'span' does not exist on type 'JSX.IntrinsicElements'.
components/SpreadsheetTable.tsx(440,17): error TS2339: Property 'span' does not exist on type 'JSX.IntrinsicElements'.
components/SpreadsheetTable.tsx(440,51): error TS2339: Property 'span' does not exist on type 'JSX.IntrinsicElements'.
components/SpreadsheetTable.tsx(441,17): error TS2339: Property 'span' does not exist on type 'JSX.IntrinsicElements'.
components/SpreadsheetTable.tsx(441,48): error TS2339: Property 'span' does not exist on type 'JSX.IntrinsicElements'.
components/SpreadsheetTable.tsx(442,17): error TS2339: Property 'span' does not exist on type 'JSX.IntrinsicElements'.
components/SpreadsheetTable.tsx(442,51): error TS2339: Property 'span' does not exist on type 'JSX.IntrinsicElements'.
components/SpreadsheetTable.tsx(443,17): error TS2339: Property 'span' does not exist on type 'JSX.IntrinsicElements'.
components/SpreadsheetTable.tsx(443,39): error TS2339: Property 'span' does not exist on type 'JSX.IntrinsicElements'.
components/SpreadsheetTable.tsx(444,17): error TS2339: Property 'span' does not exist on type 'JSX.IntrinsicElements'.
components/SpreadsheetTable.tsx(444,45): error TS2339: Property 'span' does not exist on type 'JSX.IntrinsicElements'.
components/SpreadsheetTable.tsx(445,13): error TS2339: Property 'div' does not exist on type 'JSX.IntrinsicElements'.
components/SpreadsheetTable.tsx(446,9): error TS2339: Property 'div' does not exist on type 'JSX.IntrinsicElements'.
components/UsageLimitModal.tsx(15,14): error TS2322: Type '({ isOpen, onClose, onUpgrade, isDarkMode, usageType, current, limit, isSubscribed, }: UsageLimitModalProps) => Element' is not assignable to type 'FC<UsageLimitModalProps>'.
  Type 'Element' is not assignable to type 'ReactNode | Promise<ReactNode>'.
components/UsageLimitModal.tsx(35,5): error TS2339: Property 'div' does not exist on type 'JSX.IntrinsicElements'.
components/UsageLimitModal.tsx(36,7): error TS2339: Property 'div' does not exist on type 'JSX.IntrinsicElements'.
components/UsageLimitModal.tsx(41,7): error TS2339: Property 'div' does not exist on type 'JSX.IntrinsicElements'.
components/UsageLimitModal.tsx(46,9): error TS2339: Property 'div' does not exist on type 'JSX.IntrinsicElements'.
components/UsageLimitModal.tsx(47,11): error TS2339: Property 'div' does not exist on type 'JSX.IntrinsicElements'.
components/UsageLimitModal.tsx(50,13): error TS2339: Property 'span' does not exist on type 'JSX.IntrinsicElements'.
components/UsageLimitModal.tsx(50,64): error TS2339: Property 'span' does not exist on type 'JSX.IntrinsicElements'.
components/UsageLimitModal.tsx(51,11): error TS2339: Property 'div' does not exist on type 'JSX.IntrinsicElements'.
components/UsageLimitModal.tsx(53,11): error TS2339: Property 'h3' does not exist on type 'JSX.IntrinsicElements'.
components/UsageLimitModal.tsx(55,11): error TS2339: Property 'h3' does not exist on type 'JSX.IntrinsicElements'.
components/UsageLimitModal.tsx(57,11): error TS2339: Property 'p' does not exist on type 'JSX.IntrinsicElements'.
components/UsageLimitModal.tsx(62,11): error TS2339: Property 'p' does not exist on type 'JSX.IntrinsicElements'.
components/UsageLimitModal.tsx(65,13): error TS2339: Property 'div' does not exist on type 'JSX.IntrinsicElements'.
components/UsageLimitModal.tsx(66,15): error TS2339: Property 'div' does not exist on type 'JSX.IntrinsicElements'.
components/UsageLimitModal.tsx(67,17): error TS2339: Property 'span' does not exist on type 'JSX.IntrinsicElements'.
components/UsageLimitModal.tsx(67,87): error TS2339: Property 'span' does not exist on type 'JSX.IntrinsicElements'.
components/UsageLimitModal.tsx(68,17): error TS2339: Property 'span' does not exist on type 'JSX.IntrinsicElements'.
components/UsageLimitModal.tsx(68,98): error TS2339: Property 'span' does not exist on type 'JSX.IntrinsicElements'.
components/UsageLimitModal.tsx(69,15): error TS2339: Property 'div' does not exist on type 'JSX.IntrinsicElements'.
components/UsageLimitModal.tsx(70,15): error TS2339: Property 'div' does not exist on type 'JSX.IntrinsicElements'.
components/UsageLimitModal.tsx(71,17): error TS2339: Property 'div' does not exist on type 'JSX.IntrinsicElements'.
components/UsageLimitModal.tsx(75,15): error TS2339: Property 'div' does not exist on type 'JSX.IntrinsicElements'.
components/UsageLimitModal.tsx(76,13): error TS2339: Property 'div' does not exist on type 'JSX.IntrinsicElements'.
components/UsageLimitModal.tsx(79,11): error TS2339: Property 'div' does not exist on type 'JSX.IntrinsicElements'.
components/UsageLimitModal.tsx(80,13): error TS2339: Property 'p' does not exist on type 'JSX.IntrinsicElements'.
components/UsageLimitModal.tsx(81,29): error TS2339: Property 'strong' does not exist on type 'JSX.IntrinsicElements'.
components/UsageLimitModal.tsx(81,47): error TS2339: Property 'strong' does not exist on type 'JSX.IntrinsicElements'.
components/UsageLimitModal.tsx(83,13): error TS2339: Property 'p' does not exist on type 'JSX.IntrinsicElements'.
components/UsageLimitModal.tsx(84,11): error TS2339: Property 'div' does not exist on type 'JSX.IntrinsicElements'.
components/UsageLimitModal.tsx(86,11): error TS2339: Property 'div' does not exist on type 'JSX.IntrinsicElements'.
components/UsageLimitModal.tsx(87,13): error TS2339: Property 'button' does not exist on type 'JSX.IntrinsicElements'.
components/UsageLimitModal.tsx(92,13): error TS2339: Property 'button' does not exist on type 'JSX.IntrinsicElements'.
components/UsageLimitModal.tsx(94,13): error TS2339: Property 'button' does not exist on type 'JSX.IntrinsicElements'.
components/UsageLimitModal.tsx(103,13): error TS2339: Property 'button' does not exist on type 'JSX.IntrinsicElements'.
components/UsageLimitModal.tsx(104,11): error TS2339: Property 'div' does not exist on type 'JSX.IntrinsicElements'.
components/UsageLimitModal.tsx(107,13): error TS2339: Property 'p' does not exist on type 'JSX.IntrinsicElements'.
components/UsageLimitModal.tsx(109,13): error TS2339: Property 'p' does not exist on type 'JSX.IntrinsicElements'.
components/UsageLimitModal.tsx(111,9): error TS2339: Property 'div' does not exist on type 'JSX.IntrinsicElements'.
components/UsageLimitModal.tsx(112,7): error TS2339: Property 'div' does not exist on type 'JSX.IntrinsicElements'.
components/UsageLimitModal.tsx(113,5): error TS2339: Property 'div' does not exist on type 'JSX.IntrinsicElements'.
services/creditService.ts(1,59): error TS2792: Cannot find module 'firebase/firestore'. Did you mean to set the 'moduleResolution' option to 'nodenext', or to add aliases to the 'paths' option?
services/firebase.ts(1,31): error TS2792: Cannot find module 'firebase/app'. Did you mean to set the 'moduleResolution' option to 'nodenext', or to add aliases to the 'paths' option?
services/firebase.ts(2,31): error TS2792: Cannot find module 'firebase/auth'. Did you mean to set the 'moduleResolution' option to 'nodenext', or to add aliases to the 'paths' option?
services/firebase.ts(3,30): error TS2792: Cannot find module 'firebase/analytics'. Did you mean to set the 'moduleResolution' option to 'nodenext', or to add aliases to the 'paths' option?
services/firebase.ts(19,8): error TS2792: Cannot find module 'firebase/firestore'. Did you mean to set the 'moduleResolution' option to 'nodenext', or to add aliases to the 'paths' option?
services/firebase.ts(27,8): error TS2792: Cannot find module 'firebase/storage'. Did you mean to set the 'moduleResolution' option to 'nodenext', or to add aliases to the 'paths' option?
services/geminiService.ts(1,108): error TS2792: Cannot find module '@google/genai'. Did you mean to set the 'moduleResolution' option to 'nodenext', or to add aliases to the 'paths' option?
services/modelSelector.ts(1,29): error TS2792: Cannot find module 'firebase/firestore'. Did you mean to set the 'moduleResolution' option to 'nodenext', or to add aliases to the 'paths' option?
services/seoService.ts(15,11): error TS1343: The 'import.meta' meta-property is only allowed when the '--module' option is 'es2020', 'es2022', 'esnext', 'system', 'node16', 'node18', or 'nodenext'.
services/seoService.ts(15,43): error TS1343: The 'import.meta' meta-property is only allowed when the '--module' option is 'es2020', 'es2022', 'esnext', 'system', 'node16', 'node18', or 'nodenext'.
services/seoService.ts(17,9): error TS1343: The 'import.meta' meta-property is only allowed when the '--module' option is 'es2020', 'es2022', 'esnext', 'system', 'node16', 'node18', or 'nodenext'.
services/seoService.ts(18,9): error TS1343: The 'import.meta' meta-property is only allowed when the '--module' option is 'es2020', 'es2022', 'esnext', 'system', 'node16', 'node18', or 'nodenext'.
services/storageService.ts(1507,32): error TS1323: Dynamic imports are only supported when the '--module' flag is set to 'es2020', 'es2022', 'esnext', 'commonjs', 'amd', 'system', 'umd', 'node16', 'node18', or 'nodenext'.
services/storageService.ts(1507,39): error TS2792: Cannot find module '@vercel/blob/client'. Did you mean to set the 'moduleResolution' option to 'nodenext', or to add aliases to the 'paths' option?
services/usageService.ts(1,59): error TS2792: Cannot find module 'firebase/firestore'. Did you mean to set the 'moduleResolution' option to 'nodenext', or to add aliases to the 'paths' option?
